<?xml version="1.0"?>
<link_info>
   <banner>TI ARM Linker PC v16.9.6.LTS</banner>
   <copyright>Copyright (c) 1996-2017 Texas Instruments Incorporated</copyright>
   <link_time>0x5ac80ff5</link_time>
   <link_errors>0x0</link_errors>
   <output_file>CEC322_Link_Lab07.out</output_file>
   <entry_point>
      <name>_c_int00</name>
      <address>0x37ad</address>
   </entry_point>
   <input_file_list>
      <input_file id="fl-2">
         <path>.\</path>
         <kind>object</kind>
         <file>Lab7_I2C.obj</file>
         <name>Lab7_I2C.obj</name>
      </input_file>
      <input_file id="fl-3">
         <path>.\</path>
         <kind>object</kind>
         <file>startup_ccs.obj</file>
         <name>startup_ccs.obj</name>
      </input_file>
      <input_file id="fl-4">
         <path>.\drivers\I2C\</path>
         <kind>object</kind>
         <file>personalI2C.obj</file>
         <name>personalI2C.obj</name>
      </input_file>
      <input_file id="fl-5">
         <path>.\drivers\LED\</path>
         <kind>object</kind>
         <file>LED.obj</file>
         <name>LED.obj</name>
      </input_file>
      <input_file id="fl-6">
         <path>.\drivers\OLED\</path>
         <kind>object</kind>
         <file>displays.obj</file>
         <name>displays.obj</name>
      </input_file>
      <input_file id="fl-7">
         <path>.\drivers\Timers\</path>
         <kind>object</kind>
         <file>personalTimers.obj</file>
         <name>personalTimers.obj</name>
      </input_file>
      <input_file id="fl-8">
         <path>.\drivers\UART\</path>
         <kind>object</kind>
         <file>personalUART.obj</file>
         <name>personalUART.obj</name>
      </input_file>
      <input_file id="fl-9">
         <path>.\drivers\</path>
         <kind>object</kind>
         <file>cfal96x64x16.obj</file>
         <name>cfal96x64x16.obj</name>
      </input_file>
      <input_file id="fl-f">
         <kind>object</kind>
         <file>&lt;internal&gt;</file>
         <name>&lt;internal&gt;</name>
      </input_file>
      <input_file id="fl-c5">
         <path>C:\ti\ccsv7\tools\compiler\ti-cgt-arm_16.9.6.LTS\lib\</path>
         <kind>archive</kind>
         <file>rtsv7M4_T_le_v4SPD16_eabi.lib</file>
         <name>boot.obj</name>
      </input_file>
      <input_file id="fl-c6">
         <path>C:\ti\ccsv7\tools\compiler\ti-cgt-arm_16.9.6.LTS\lib\</path>
         <kind>archive</kind>
         <file>rtsv7M4_T_le_v4SPD16_eabi.lib</file>
         <name>copy_decompress_lzss.obj</name>
      </input_file>
      <input_file id="fl-c7">
         <path>C:\ti\ccsv7\tools\compiler\ti-cgt-arm_16.9.6.LTS\lib\</path>
         <kind>archive</kind>
         <file>rtsv7M4_T_le_v4SPD16_eabi.lib</file>
         <name>copy_decompress_none.obj</name>
      </input_file>
      <input_file id="fl-c8">
         <path>C:\ti\ccsv7\tools\compiler\ti-cgt-arm_16.9.6.LTS\lib\</path>
         <kind>archive</kind>
         <file>rtsv7M4_T_le_v4SPD16_eabi.lib</file>
         <name>copy_zero_init.obj</name>
      </input_file>
      <input_file id="fl-c9">
         <path>C:\ti\ccsv7\tools\compiler\ti-cgt-arm_16.9.6.LTS\lib\</path>
         <kind>archive</kind>
         <file>rtsv7M4_T_le_v4SPD16_eabi.lib</file>
         <name>exit.obj</name>
      </input_file>
      <input_file id="fl-ca">
         <path>C:\ti\ccsv7\tools\compiler\ti-cgt-arm_16.9.6.LTS\lib\</path>
         <kind>archive</kind>
         <file>rtsv7M4_T_le_v4SPD16_eabi.lib</file>
         <name>fd_add_t2.obj</name>
      </input_file>
      <input_file id="fl-cb">
         <path>C:\ti\ccsv7\tools\compiler\ti-cgt-arm_16.9.6.LTS\lib\</path>
         <kind>archive</kind>
         <file>rtsv7M4_T_le_v4SPD16_eabi.lib</file>
         <name>fd_div_t2.obj</name>
      </input_file>
      <input_file id="fl-cc">
         <path>C:\ti\ccsv7\tools\compiler\ti-cgt-arm_16.9.6.LTS\lib\</path>
         <kind>archive</kind>
         <file>rtsv7M4_T_le_v4SPD16_eabi.lib</file>
         <name>fd_mul_t2.obj</name>
      </input_file>
      <input_file id="fl-cd">
         <path>C:\ti\ccsv7\tools\compiler\ti-cgt-arm_16.9.6.LTS\lib\</path>
         <kind>archive</kind>
         <file>rtsv7M4_T_le_v4SPD16_eabi.lib</file>
         <name>fd_tou_t2.obj</name>
      </input_file>
      <input_file id="fl-ce">
         <path>C:\ti\ccsv7\tools\compiler\ti-cgt-arm_16.9.6.LTS\lib\</path>
         <kind>archive</kind>
         <file>rtsv7M4_T_le_v4SPD16_eabi.lib</file>
         <name>memcpy_t2.obj</name>
      </input_file>
      <input_file id="fl-cf">
         <path>C:\ti\ccsv7\tools\compiler\ti-cgt-arm_16.9.6.LTS\lib\</path>
         <kind>archive</kind>
         <file>rtsv7M4_T_le_v4SPD16_eabi.lib</file>
         <name>memset_t2.obj</name>
      </input_file>
      <input_file id="fl-d0">
         <path>C:\ti\ccsv7\tools\compiler\ti-cgt-arm_16.9.6.LTS\lib\</path>
         <kind>archive</kind>
         <file>rtsv7M4_T_le_v4SPD16_eabi.lib</file>
         <name>mpu_init.obj</name>
      </input_file>
      <input_file id="fl-d1">
         <path>C:\ti\ccsv7\tools\compiler\ti-cgt-arm_16.9.6.LTS\lib\</path>
         <kind>archive</kind>
         <file>rtsv7M4_T_le_v4SPD16_eabi.lib</file>
         <name>pre_init.obj</name>
      </input_file>
      <input_file id="fl-d2">
         <path>C:\ti\ccsv7\tools\compiler\ti-cgt-arm_16.9.6.LTS\lib\</path>
         <kind>archive</kind>
         <file>rtsv7M4_T_le_v4SPD16_eabi.lib</file>
         <name>s_sin.obj</name>
      </input_file>
      <input_file id="fl-d3">
         <path>C:\ti\ccsv7\tools\compiler\ti-cgt-arm_16.9.6.LTS\lib\</path>
         <kind>archive</kind>
         <file>rtsv7M4_T_le_v4SPD16_eabi.lib</file>
         <name>s_tan.obj</name>
      </input_file>
      <input_file id="fl-d4">
         <path>C:\ti\ccsv7\tools\compiler\ti-cgt-arm_16.9.6.LTS\lib\</path>
         <kind>archive</kind>
         <file>rtsv7M4_T_le_v4SPD16_eabi.lib</file>
         <name>sprintf.obj</name>
      </input_file>
      <input_file id="fl-d5">
         <path>C:\ti\ccsv7\tools\compiler\ti-cgt-arm_16.9.6.LTS\lib\</path>
         <kind>archive</kind>
         <file>rtsv7M4_T_le_v4SPD16_eabi.lib</file>
         <name>stkdepth_vars.obj</name>
      </input_file>
      <input_file id="fl-d6">
         <path>C:\ti\ccsv7\tools\compiler\ti-cgt-arm_16.9.6.LTS\lib\</path>
         <kind>archive</kind>
         <file>rtsv7M4_T_le_v4SPD16_eabi.lib</file>
         <name>strlen.obj</name>
      </input_file>
      <input_file id="fl-d7">
         <path>C:\ti\ccsv7\tools\compiler\ti-cgt-arm_16.9.6.LTS\lib\</path>
         <kind>archive</kind>
         <file>rtsv7M4_T_le_v4SPD16_eabi.lib</file>
         <name>tolower.obj</name>
      </input_file>
      <input_file id="fl-d8">
         <path>C:\ti\ccsv7\tools\compiler\ti-cgt-arm_16.9.6.LTS\lib\</path>
         <kind>archive</kind>
         <file>rtsv7M4_T_le_v4SPD16_eabi.lib</file>
         <name>u_tofd_t2.obj</name>
      </input_file>
      <input_file id="fl-d9">
         <path>C:\ti\ccsv7\tools\compiler\ti-cgt-arm_16.9.6.LTS\lib\</path>
         <kind>archive</kind>
         <file>rtsv7M4_T_le_v4SPD16_eabi.lib</file>
         <name>_lock.obj</name>
      </input_file>
      <input_file id="fl-da">
         <path>C:\ti\ccsv7\tools\compiler\ti-cgt-arm_16.9.6.LTS\lib\</path>
         <kind>archive</kind>
         <file>rtsv7M4_T_le_v4SPD16_eabi.lib</file>
         <name>_printfi.obj</name>
      </input_file>
      <input_file id="fl-db">
         <path>C:\ti\ccsv7\tools\compiler\ti-cgt-arm_16.9.6.LTS\lib\</path>
         <kind>archive</kind>
         <file>rtsv7M4_T_le_v4SPD16_eabi.lib</file>
         <name>args_main.obj</name>
      </input_file>
      <input_file id="fl-dc">
         <path>C:\ti\ccsv7\tools\compiler\ti-cgt-arm_16.9.6.LTS\lib\</path>
         <kind>archive</kind>
         <file>rtsv7M4_T_le_v4SPD16_eabi.lib</file>
         <name>atoi.obj</name>
      </input_file>
      <input_file id="fl-dd">
         <path>C:\ti\ccsv7\tools\compiler\ti-cgt-arm_16.9.6.LTS\lib\</path>
         <kind>archive</kind>
         <file>rtsv7M4_T_le_v4SPD16_eabi.lib</file>
         <name>autoinit.obj</name>
      </input_file>
      <input_file id="fl-de">
         <path>C:\ti\ccsv7\tools\compiler\ti-cgt-arm_16.9.6.LTS\lib\</path>
         <kind>archive</kind>
         <file>rtsv7M4_T_le_v4SPD16_eabi.lib</file>
         <name>cpy_tbl.obj</name>
      </input_file>
      <input_file id="fl-df">
         <path>C:\ti\ccsv7\tools\compiler\ti-cgt-arm_16.9.6.LTS\lib\</path>
         <kind>archive</kind>
         <file>rtsv7M4_T_le_v4SPD16_eabi.lib</file>
         <name>ctype.obj</name>
      </input_file>
      <input_file id="fl-e0">
         <path>C:\ti\ccsv7\tools\compiler\ti-cgt-arm_16.9.6.LTS\lib\</path>
         <kind>archive</kind>
         <file>rtsv7M4_T_le_v4SPD16_eabi.lib</file>
         <name>errno.obj</name>
      </input_file>
      <input_file id="fl-e1">
         <path>C:\ti\ccsv7\tools\compiler\ti-cgt-arm_16.9.6.LTS\lib\</path>
         <kind>archive</kind>
         <file>rtsv7M4_T_le_v4SPD16_eabi.lib</file>
         <name>fd_cmp_t2.obj</name>
      </input_file>
      <input_file id="fl-e2">
         <path>C:\ti\ccsv7\tools\compiler\ti-cgt-arm_16.9.6.LTS\lib\</path>
         <kind>archive</kind>
         <file>rtsv7M4_T_le_v4SPD16_eabi.lib</file>
         <name>fd_toi_t2.obj</name>
      </input_file>
      <input_file id="fl-e3">
         <path>C:\ti\ccsv7\tools\compiler\ti-cgt-arm_16.9.6.LTS\lib\</path>
         <kind>archive</kind>
         <file>rtsv7M4_T_le_v4SPD16_eabi.lib</file>
         <name>i_tofd_t2.obj</name>
      </input_file>
      <input_file id="fl-e4">
         <path>C:\ti\ccsv7\tools\compiler\ti-cgt-arm_16.9.6.LTS\lib\</path>
         <kind>archive</kind>
         <file>rtsv7M4_T_le_v4SPD16_eabi.lib</file>
         <name>k_cos.obj</name>
      </input_file>
      <input_file id="fl-e5">
         <path>C:\ti\ccsv7\tools\compiler\ti-cgt-arm_16.9.6.LTS\lib\</path>
         <kind>archive</kind>
         <file>rtsv7M4_T_le_v4SPD16_eabi.lib</file>
         <name>k_rem_pio2.obj</name>
      </input_file>
      <input_file id="fl-e6">
         <path>C:\ti\ccsv7\tools\compiler\ti-cgt-arm_16.9.6.LTS\lib\</path>
         <kind>archive</kind>
         <file>rtsv7M4_T_le_v4SPD16_eabi.lib</file>
         <name>k_sin.obj</name>
      </input_file>
      <input_file id="fl-e7">
         <path>C:\ti\ccsv7\tools\compiler\ti-cgt-arm_16.9.6.LTS\lib\</path>
         <kind>archive</kind>
         <file>rtsv7M4_T_le_v4SPD16_eabi.lib</file>
         <name>k_tan.obj</name>
      </input_file>
      <input_file id="fl-e8">
         <path>C:\ti\ccsv7\tools\compiler\ti-cgt-arm_16.9.6.LTS\lib\</path>
         <kind>archive</kind>
         <file>rtsv7M4_T_le_v4SPD16_eabi.lib</file>
         <name>ltoa.obj</name>
      </input_file>
      <input_file id="fl-e9">
         <path>C:\ti\ccsv7\tools\compiler\ti-cgt-arm_16.9.6.LTS\lib\</path>
         <kind>archive</kind>
         <file>rtsv7M4_T_le_v4SPD16_eabi.lib</file>
         <name>memccpy.obj</name>
      </input_file>
      <input_file id="fl-ea">
         <path>C:\ti\ccsv7\tools\compiler\ti-cgt-arm_16.9.6.LTS\lib\</path>
         <kind>archive</kind>
         <file>rtsv7M4_T_le_v4SPD16_eabi.lib</file>
         <name>s_floor.obj</name>
      </input_file>
      <input_file id="fl-eb">
         <path>C:\ti\ccsv7\tools\compiler\ti-cgt-arm_16.9.6.LTS\lib\</path>
         <kind>archive</kind>
         <file>rtsv7M4_T_le_v4SPD16_eabi.lib</file>
         <name>s_frexp.obj</name>
      </input_file>
      <input_file id="fl-ec">
         <path>C:\ti\ccsv7\tools\compiler\ti-cgt-arm_16.9.6.LTS\lib\</path>
         <kind>archive</kind>
         <file>rtsv7M4_T_le_v4SPD16_eabi.lib</file>
         <name>s_scalbn.obj</name>
      </input_file>
      <input_file id="fl-ed">
         <path>C:\ti\ccsv7\tools\compiler\ti-cgt-arm_16.9.6.LTS\lib\</path>
         <kind>archive</kind>
         <file>rtsv7M4_T_le_v4SPD16_eabi.lib</file>
         <name>startup.obj</name>
      </input_file>
      <input_file id="fl-ee">
         <path>C:\ti\ccsv7\tools\compiler\ti-cgt-arm_16.9.6.LTS\lib\</path>
         <kind>archive</kind>
         <file>rtsv7M4_T_le_v4SPD16_eabi.lib</file>
         <name>strchr.obj</name>
      </input_file>
      <input_file id="fl-ef">
         <path>C:\ti\ccsv7\tools\compiler\ti-cgt-arm_16.9.6.LTS\lib\</path>
         <kind>archive</kind>
         <file>rtsv7M4_T_le_v4SPD16_eabi.lib</file>
         <name>ull_div_t2.obj</name>
      </input_file>
      <input_file id="fl-f0">
         <path>C:\ti\ccsv7\tools\compiler\ti-cgt-arm_16.9.6.LTS\lib\</path>
         <kind>archive</kind>
         <file>rtsv7M4_T_le_v4SPD16_eabi.lib</file>
         <name>s_copysign.obj</name>
      </input_file>
      <input_file id="fl-f1">
         <path>C:\ti\TivaWare_C_Series-2.1.3.156\driverlib\ccs\Debug\</path>
         <kind>archive</kind>
         <file>driverlib.lib</file>
         <name>fpu.obj</name>
      </input_file>
      <input_file id="fl-f2">
         <path>C:\ti\TivaWare_C_Series-2.1.3.156\driverlib\ccs\Debug\</path>
         <kind>archive</kind>
         <file>driverlib.lib</file>
         <name>gpio.obj</name>
      </input_file>
      <input_file id="fl-f3">
         <path>C:\ti\TivaWare_C_Series-2.1.3.156\driverlib\ccs\Debug\</path>
         <kind>archive</kind>
         <file>driverlib.lib</file>
         <name>i2c.obj</name>
      </input_file>
      <input_file id="fl-f4">
         <path>C:\ti\TivaWare_C_Series-2.1.3.156\driverlib\ccs\Debug\</path>
         <kind>archive</kind>
         <file>driverlib.lib</file>
         <name>interrupt.obj</name>
      </input_file>
      <input_file id="fl-f5">
         <path>C:\ti\TivaWare_C_Series-2.1.3.156\driverlib\ccs\Debug\</path>
         <kind>archive</kind>
         <file>driverlib.lib</file>
         <name>sysctl.obj</name>
      </input_file>
      <input_file id="fl-f6">
         <path>C:\ti\TivaWare_C_Series-2.1.3.156\driverlib\ccs\Debug\</path>
         <kind>archive</kind>
         <file>driverlib.lib</file>
         <name>timer.obj</name>
      </input_file>
      <input_file id="fl-f7">
         <path>C:\ti\TivaWare_C_Series-2.1.3.156\driverlib\ccs\Debug\</path>
         <kind>archive</kind>
         <file>driverlib.lib</file>
         <name>uart.obj</name>
      </input_file>
      <input_file id="fl-f8">
         <path>C:\ti\TivaWare_C_Series-2.1.3.156\driverlib\ccs\Debug\</path>
         <kind>archive</kind>
         <file>driverlib.lib</file>
         <name>cpu.obj</name>
      </input_file>
      <input_file id="fl-f9">
         <path>C:\ti\TivaWare_C_Series-2.1.3.156\grlib\ccs\Debug\</path>
         <kind>archive</kind>
         <file>grlib.lib</file>
         <name>context.obj</name>
      </input_file>
      <input_file id="fl-fa">
         <path>C:\ti\TivaWare_C_Series-2.1.3.156\grlib\ccs\Debug\</path>
         <kind>archive</kind>
         <file>grlib.lib</file>
         <name>rectangle.obj</name>
      </input_file>
      <input_file id="fl-fb">
         <path>C:\ti\TivaWare_C_Series-2.1.3.156\grlib\ccs\Debug\</path>
         <kind>archive</kind>
         <file>grlib.lib</file>
         <name>string.obj</name>
      </input_file>
      <input_file id="fl-fc">
         <path>C:\ti\TivaWare_C_Series-2.1.3.156\grlib\ccs\Debug\</path>
         <kind>archive</kind>
         <file>grlib.lib</file>
         <name>fontfixed6x8.obj</name>
      </input_file>
      <input_file id="fl-fd">
         <path>C:\ti\TivaWare_C_Series-2.1.3.156\grlib\ccs\Debug\</path>
         <kind>archive</kind>
         <file>grlib.lib</file>
         <name>charmap.obj</name>
      </input_file>
      <input_file id="fl-fe">
         <path>C:\ti\TivaWare_C_Series-2.1.3.156\grlib\ccs\Debug\</path>
         <kind>archive</kind>
         <file>grlib.lib</file>
         <name>line.obj</name>
      </input_file>
   </input_file_list>
   <object_component_list>
      <object_component id="oc-f">
         <name>.intvecs</name>
         <load_address>0x0</load_address>
         <run_address>0x0</run_address>
         <size>0x26c</size>
         <input_file_ref idref="fl-3"/>
      </object_component>
      <object_component id="oc-2e5">
         <name>.text</name>
         <load_address>0x26c</load_address>
         <run_address>0x26c</run_address>
         <size>0x738</size>
         <input_file_ref idref="fl-e5"/>
      </object_component>
      <object_component id="oc-189">
         <name>.text</name>
         <load_address>0x9a4</load_address>
         <run_address>0x9a4</run_address>
         <size>0x5c4</size>
         <input_file_ref idref="fl-d2"/>
      </object_component>
      <object_component id="oc-199">
         <name>.text</name>
         <load_address>0xf68</load_address>
         <run_address>0xf68</run_address>
         <size>0x508</size>
         <input_file_ref idref="fl-d3"/>
      </object_component>
      <object_component id="oc-2fa">
         <name>.text</name>
         <load_address>0x1470</load_address>
         <run_address>0x1470</run_address>
         <size>0x320</size>
         <input_file_ref idref="fl-e7"/>
      </object_component>
      <object_component id="oc-ea">
         <name>.text:main</name>
         <load_address>0x1790</load_address>
         <run_address>0x1790</run_address>
         <size>0x25c</size>
         <input_file_ref idref="fl-2"/>
      </object_component>
      <object_component id="oc-370">
         <name>.text:GrFontGlyphRender</name>
         <load_address>0x19ec</load_address>
         <run_address>0x19ec</run_address>
         <size>0x254</size>
         <input_file_ref idref="fl-fb"/>
      </object_component>
      <object_component id="oc-326">
         <name>.text:CFAL96x64x16PixelDrawMultiple</name>
         <load_address>0x1c40</load_address>
         <run_address>0x1c40</run_address>
         <size>0x1be</size>
         <input_file_ref idref="fl-9"/>
      </object_component>
      <object_component id="oc-37">
         <name>.text:FaultISR</name>
         <load_address>0x1dfe</load_address>
         <run_address>0x1dfe</run_address>
         <size>0x2</size>
         <input_file_ref idref="fl-3"/>
      </object_component>
      <object_component id="oc-132">
         <name>.text:CFAL96x64x16Init</name>
         <load_address>0x1e00</load_address>
         <run_address>0x1e00</run_address>
         <size>0x1b8</size>
         <input_file_ref idref="fl-9"/>
      </object_component>
      <object_component id="oc-18f">
         <name>.text</name>
         <load_address>0x1fb8</load_address>
         <run_address>0x1fb8</run_address>
         <size>0x1b6</size>
         <input_file_ref idref="fl-ca"/>
      </object_component>
      <object_component id="oc-3d">
         <name>.text:IntDefaultHandler</name>
         <load_address>0x216e</load_address>
         <run_address>0x216e</run_address>
         <size>0x2</size>
         <input_file_ref idref="fl-3"/>
      </object_component>
      <object_component id="oc-2d5">
         <name>.text</name>
         <load_address>0x2170</load_address>
         <run_address>0x2170</run_address>
         <size>0x174</size>
         <input_file_ref idref="fl-e6"/>
      </object_component>
      <object_component id="oc-2eb">
         <name>.text</name>
         <load_address>0x22e4</load_address>
         <run_address>0x22e4</run_address>
         <size>0x16c</size>
         <input_file_ref idref="fl-e4"/>
      </object_component>
      <object_component id="oc-184">
         <name>.text</name>
         <load_address>0x2450</load_address>
         <run_address>0x2450</run_address>
         <size>0x136</size>
         <input_file_ref idref="fl-cb"/>
      </object_component>
      <object_component id="oc-393">
         <name>.text:GPIOPadConfigSet</name>
         <load_address>0x2586</load_address>
         <run_address>0x2586</run_address>
         <size>0x132</size>
         <input_file_ref idref="fl-f2"/>
      </object_component>
      <object_component id="oc-22b">
         <name>.text:SysCtlClockGet</name>
         <load_address>0x26b8</load_address>
         <run_address>0x26b8</run_address>
         <size>0x110</size>
         <input_file_ref idref="fl-f5"/>
      </object_component>
      <object_component id="oc-17f">
         <name>.text</name>
         <load_address>0x27c8</load_address>
         <run_address>0x27c8</run_address>
         <size>0xfc</size>
         <input_file_ref idref="fl-cc"/>
      </object_component>
      <object_component id="oc-3e8">
         <name>.text</name>
         <load_address>0x28c4</load_address>
         <run_address>0x28c4</run_address>
         <size>0xfc</size>
         <input_file_ref idref="fl-ec"/>
      </object_component>
      <object_component id="oc-3ee">
         <name>.text</name>
         <load_address>0x29c0</load_address>
         <run_address>0x29c0</run_address>
         <size>0xf8</size>
         <input_file_ref idref="fl-ea"/>
      </object_component>
      <object_component id="oc-12c">
         <name>.text:SysCtlClockSet</name>
         <load_address>0x2ab8</load_address>
         <run_address>0x2ab8</run_address>
         <size>0xf4</size>
         <input_file_ref idref="fl-f5"/>
      </object_component>
      <object_component id="oc-162">
         <name>.text:diplaySplashOnOLED</name>
         <load_address>0x2bac</load_address>
         <run_address>0x2bac</run_address>
         <size>0xe4</size>
         <input_file_ref idref="fl-6"/>
      </object_component>
      <object_component id="oc-332">
         <name>.text:CFAL96x64x16LineDrawV</name>
         <load_address>0x2c90</load_address>
         <run_address>0x2c90</run_address>
         <size>0xd8</size>
         <input_file_ref idref="fl-9"/>
      </object_component>
      <object_component id="oc-19f">
         <name>.text:i2c_write</name>
         <load_address>0x2d68</load_address>
         <run_address>0x2d68</run_address>
         <size>0xd6</size>
         <input_file_ref idref="fl-4"/>
      </object_component>
      <object_component id="oc-1fd">
         <name>.text:GrDefaultStringRenderer</name>
         <load_address>0x2e3e</load_address>
         <run_address>0x2e3e</run_address>
         <size>0xc0</size>
         <input_file_ref idref="fl-fb"/>
      </object_component>
      <object_component id="oc-32c">
         <name>.text:CFAL96x64x16LineDrawH</name>
         <load_address>0x2efe</load_address>
         <run_address>0x2efe</run_address>
         <size>0xb8</size>
         <input_file_ref idref="fl-9"/>
      </object_component>
      <object_component id="oc-57">
         <name>.text</name>
         <load_address>0x2fb6</load_address>
         <run_address>0x2fb6</run_address>
         <size>0x9c</size>
         <input_file_ref idref="fl-ce"/>
      </object_component>
      <object_component id="oc-2a3">
         <name>.text:GrRectFill</name>
         <load_address>0x3052</load_address>
         <run_address>0x3052</run_address>
         <size>0x86</size>
         <input_file_ref idref="fl-fa"/>
      </object_component>
      <object_component id="oc-2e0">
         <name>.text:__aeabi_cdcmple</name>
         <load_address>0x30d8</load_address>
         <run_address>0x30d8</run_address>
         <size>0x86</size>
         <input_file_ref idref="fl-e1"/>
      </object_component>
      <object_component id="oc-3f4">
         <name>.text:__aeabi_cdrcmple</name>
         <load_address>0x315e</load_address>
         <run_address>0x315e</run_address>
         <size>0x86</size>
         <input_file_ref idref="fl-e1"/>
      </object_component>
      <object_component id="oc-15c">
         <name>.text:setupI2C</name>
         <load_address>0x31e4</load_address>
         <run_address>0x31e4</run_address>
         <size>0x84</size>
         <input_file_ref idref="fl-4"/>
      </object_component>
      <object_component id="oc-63">
         <name>.text</name>
         <load_address>0x3268</load_address>
         <run_address>0x3268</run_address>
         <size>0x7a</size>
         <input_file_ref idref="fl-cf"/>
      </object_component>
      <object_component id="oc-31">
         <name>.text:NmiSR</name>
         <load_address>0x32e2</load_address>
         <run_address>0x32e2</run_address>
         <size>0x2</size>
         <input_file_ref idref="fl-3"/>
      </object_component>
      <object_component id="oc-7b">
         <name>.text</name>
         <load_address>0x32e4</load_address>
         <run_address>0x32e4</run_address>
         <size>0x70</size>
         <input_file_ref idref="fl-dd"/>
      </object_component>
      <object_component id="oc-14a">
         <name>.text:setupUART</name>
         <load_address>0x3354</load_address>
         <run_address>0x3354</run_address>
         <size>0x70</size>
         <input_file_ref idref="fl-8"/>
      </object_component>
      <object_component id="oc-168">
         <name>.text:printMainMenu</name>
         <load_address>0x33c4</load_address>
         <run_address>0x33c4</run_address>
         <size>0x6a</size>
         <input_file_ref idref="fl-8"/>
      </object_component>
      <object_component id="oc-6f">
         <name>.text</name>
         <load_address>0x342e</load_address>
         <run_address>0x342e</run_address>
         <size>0x2</size>
         <input_file_ref idref="fl-d0"/>
      </object_component>
      <object_component id="oc-13e">
         <name>.text:GrContextInit</name>
         <load_address>0x3430</load_address>
         <run_address>0x3430</run_address>
         <size>0x68</size>
         <input_file_ref idref="fl-f9"/>
      </object_component>
      <object_component id="oc-2a9">
         <name>.text:GrStringWidthGet</name>
         <load_address>0x3498</load_address>
         <run_address>0x3498</run_address>
         <size>0x68</size>
         <input_file_ref idref="fl-fb"/>
      </object_component>
      <object_component id="oc-237">
         <name>.text:IntEnable</name>
         <load_address>0x3500</load_address>
         <run_address>0x3500</run_address>
         <size>0x68</size>
         <input_file_ref idref="fl-f4"/>
      </object_component>
      <object_component id="oc-12">
         <name>.text:decompress:lzss</name>
         <load_address>0x3568</load_address>
         <run_address>0x3568</run_address>
         <size>0x68</size>
         <input_file_ref idref="fl-c6"/>
      </object_component>
      <object_component id="oc-1e6">
         <name>.text:CFAL96x64x16WriteCommand</name>
         <load_address>0x35d0</load_address>
         <run_address>0x35d0</run_address>
         <size>0x60</size>
         <input_file_ref idref="fl-9"/>
      </object_component>
      <object_component id="oc-429">
         <name>.text:CFAL96x64x16WriteData</name>
         <load_address>0x3630</load_address>
         <run_address>0x3630</run_address>
         <size>0x60</size>
         <input_file_ref idref="fl-9"/>
      </object_component>
      <object_component id="oc-257">
         <name>.text:TimerConfigure</name>
         <load_address>0x3690</load_address>
         <run_address>0x3690</run_address>
         <size>0x60</size>
         <input_file_ref idref="fl-f6"/>
      </object_component>
      <object_component id="oc-156">
         <name>.text:setupTimers</name>
         <load_address>0x36f0</load_address>
         <run_address>0x36f0</run_address>
         <size>0x60</size>
         <input_file_ref idref="fl-7"/>
      </object_component>
      <object_component id="oc-43d">
         <name>.text:FontWideGlyphDataGet</name>
         <load_address>0x3750</load_address>
         <run_address>0x3750</run_address>
         <size>0x5a</size>
         <input_file_ref idref="fl-fb"/>
      </object_component>
      <object_component id="oc-e2">
         <name>.text</name>
         <load_address>0x37aa</load_address>
         <run_address>0x37aa</run_address>
         <size>0x2</size>
         <input_file_ref idref="fl-ed"/>
      </object_component>
      <object_component id="oc-24">
         <name>.text</name>
         <load_address>0x37ac</load_address>
         <run_address>0x37ac</run_address>
         <size>0x54</size>
         <input_file_ref idref="fl-c5"/>
      </object_component>
      <object_component id="oc-87">
         <name>.text</name>
         <load_address>0x3800</load_address>
         <run_address>0x3800</run_address>
         <size>0x54</size>
         <input_file_ref idref="fl-c9"/>
      </object_component>
      <object_component id="oc-278">
         <name>.text:SysCtlPeripheralReset</name>
         <load_address>0x3854</load_address>
         <run_address>0x3854</run_address>
         <size>0x50</size>
         <input_file_ref idref="fl-f5"/>
      </object_component>
      <object_component id="oc-320">
         <name>.text:CFAL96x64x16PixelDraw</name>
         <load_address>0x38a4</load_address>
         <run_address>0x38a4</run_address>
         <size>0x4e</size>
         <input_file_ref idref="fl-9"/>
      </object_component>
      <object_component id="oc-296">
         <name>.text:I2CMasterInitExpClk</name>
         <load_address>0x38f4</load_address>
         <run_address>0x38f4</run_address>
         <size>0x4c</size>
         <input_file_ref idref="fl-f3"/>
      </object_component>
      <object_component id="oc-3ac">
         <name>.text:_TimerIntNumberGet</name>
         <load_address>0x3940</load_address>
         <run_address>0x3940</run_address>
         <size>0x4c</size>
         <input_file_ref idref="fl-f6"/>
      </object_component>
      <object_component id="oc-1a5">
         <name>.text:clearBlack</name>
         <load_address>0x398c</load_address>
         <run_address>0x398c</run_address>
         <size>0x4c</size>
         <input_file_ref idref="fl-6"/>
      </object_component>
      <object_component id="oc-dc">
         <name>.text</name>
         <load_address>0x39d8</load_address>
         <run_address>0x39d8</run_address>
         <size>0x4c</size>
         <input_file_ref idref="fl-de"/>
      </object_component>
      <object_component id="oc-20a">
         <name>.text:UpdateContextCharMapping</name>
         <load_address>0x3a24</load_address>
         <run_address>0x3a24</run_address>
         <size>0x4a</size>
         <input_file_ref idref="fl-fb"/>
      </object_component>
      <object_component id="oc-27e">
         <name>.text:GPIOPinConfigure</name>
         <load_address>0x3a70</load_address>
         <run_address>0x3a70</run_address>
         <size>0x48</size>
         <input_file_ref idref="fl-f2"/>
      </object_component>
      <object_component id="oc-2d0">
         <name>.text</name>
         <load_address>0x3ab8</load_address>
         <run_address>0x3ab8</run_address>
         <size>0x48</size>
         <input_file_ref idref="fl-e2"/>
      </object_component>
      <object_component id="oc-231">
         <name>.text:UARTConfigSetExpClk</name>
         <load_address>0x3b00</load_address>
         <run_address>0x3b00</run_address>
         <size>0x46</size>
         <input_file_ref idref="fl-f7"/>
      </object_component>
      <object_component id="oc-1ec">
         <name>.text:CFAL96x64x16RectFill</name>
         <load_address>0x3b46</load_address>
         <run_address>0x3b46</run_address>
         <size>0x44</size>
         <input_file_ref idref="fl-9"/>
      </object_component>
      <object_component id="oc-194">
         <name>.text</name>
         <load_address>0x3b8a</load_address>
         <run_address>0x3b8a</run_address>
         <size>0x44</size>
         <input_file_ref idref="fl-cd"/>
      </object_component>
      <object_component id="oc-43">
         <name>.text:IntUART0</name>
         <load_address>0x3bd0</load_address>
         <run_address>0x3bd0</run_address>
         <size>0x3c</size>
         <input_file_ref idref="fl-2"/>
      </object_component>
      <object_component id="oc-443">
         <name>.text:FontGlyphDataGet</name>
         <load_address>0x3c0c</load_address>
         <run_address>0x3c0c</run_address>
         <size>0x3a</size>
         <input_file_ref idref="fl-fb"/>
      </object_component>
      <object_component id="oc-219">
         <name>.text:SysCtlPeripheralReady</name>
         <load_address>0x3c48</load_address>
         <run_address>0x3c48</run_address>
         <size>0x38</size>
         <input_file_ref idref="fl-f5"/>
      </object_component>
      <object_component id="oc-305">
         <name>.text:WaitI2CDone</name>
         <load_address>0x3c80</load_address>
         <run_address>0x3c80</run_address>
         <size>0x38</size>
         <input_file_ref idref="fl-4"/>
      </object_component>
      <object_component id="oc-3b2">
         <name>.text:IntRegister</name>
         <load_address>0x3cb8</load_address>
         <run_address>0x3cb8</run_address>
         <size>0x34</size>
         <input_file_ref idref="fl-f4"/>
      </object_component>
      <object_component id="oc-213">
         <name>.text:SysCtlPeripheralEnable</name>
         <load_address>0x3cec</load_address>
         <run_address>0x3cec</run_address>
         <size>0x34</size>
         <input_file_ref idref="fl-f5"/>
      </object_component>
      <object_component id="oc-2bd">
         <name>.text:UARTSend</name>
         <load_address>0x3d20</load_address>
         <run_address>0x3d20</run_address>
         <size>0x30</size>
         <input_file_ref idref="fl-8"/>
      </object_component>
      <object_component id="oc-364">
         <name>.text:GrStringNextCharGet</name>
         <load_address>0x3d50</load_address>
         <run_address>0x3d50</run_address>
         <size>0x2e</size>
         <input_file_ref idref="fl-fb"/>
      </object_component>
      <object_component id="oc-2db">
         <name>.text</name>
         <load_address>0x3d7e</load_address>
         <run_address>0x3d7e</run_address>
         <size>0x2e</size>
         <input_file_ref idref="fl-e3"/>
      </object_component>
      <object_component id="oc-2af">
         <name>.text:GrFontBaselineGet</name>
         <load_address>0x3dac</load_address>
         <run_address>0x3dac</run_address>
         <size>0x2c</size>
         <input_file_ref idref="fl-fb"/>
      </object_component>
      <object_component id="oc-38d">
         <name>.text:GPIODirModeSet</name>
         <load_address>0x3dd8</load_address>
         <run_address>0x3dd8</run_address>
         <size>0x2a</size>
         <input_file_ref idref="fl-f2"/>
      </object_component>
      <object_component id="oc-338">
         <name>.text:CFAL96x64x16ColorTranslate</name>
         <load_address>0x3e02</load_address>
         <run_address>0x3e02</run_address>
         <size>0x28</size>
         <input_file_ref idref="fl-9"/>
      </object_component>
      <object_component id="oc-35e">
         <name>.text:GrFontInfoGet</name>
         <load_address>0x3e2a</load_address>
         <run_address>0x3e2a</run_address>
         <size>0x26</size>
         <input_file_ref idref="fl-fb"/>
      </object_component>
      <object_component id="oc-150">
         <name>.text:setupLED</name>
         <load_address>0x3e50</load_address>
         <run_address>0x3e50</run_address>
         <size>0x24</size>
         <input_file_ref idref="fl-5"/>
      </object_component>
      <object_component id="oc-36a">
         <name>.text:GrFontGlyphDataGet</name>
         <load_address>0x3e74</load_address>
         <run_address>0x3e74</run_address>
         <size>0x22</size>
         <input_file_ref idref="fl-fb"/>
      </object_component>
      <object_component id="oc-21f">
         <name>.text:UARTDisable</name>
         <load_address>0x3e98</load_address>
         <run_address>0x3e98</run_address>
         <size>0x20</size>
         <input_file_ref idref="fl-f7"/>
      </object_component>
      <object_component id="oc-17a">
         <name>.text</name>
         <load_address>0x3eb8</load_address>
         <run_address>0x3eb8</run_address>
         <size>0x20</size>
         <input_file_ref idref="fl-d8"/>
      </object_component>
      <object_component id="oc-381">
         <name>.text:GrFontCodepageGet</name>
         <load_address>0x3ed8</load_address>
         <run_address>0x3ed8</run_address>
         <size>0x1e</size>
         <input_file_ref idref="fl-fb"/>
      </object_component>
      <object_component id="oc-275">
         <name>.text:oneSecondTimer</name>
         <load_address>0x3ef8</load_address>
         <run_address>0x3ef8</run_address>
         <size>0x1c</size>
         <input_file_ref idref="fl-2"/>
      </object_component>
      <object_component id="oc-24a">
         <name>.text:GPIOPinTypeGPIOOutput</name>
         <load_address>0x3f14</load_address>
         <run_address>0x3f14</run_address>
         <size>0x18</size>
         <input_file_ref idref="fl-f2"/>
      </object_component>
      <object_component id="oc-411">
         <name>.text:ResetI2C</name>
         <load_address>0x3f2c</load_address>
         <run_address>0x3f2c</run_address>
         <size>0x18</size>
         <input_file_ref idref="fl-4"/>
      </object_component>
      <object_component id="oc-251">
         <name>.text:TimerDisable</name>
         <load_address>0x3f44</load_address>
         <run_address>0x3f44</run_address>
         <size>0x18</size>
         <input_file_ref idref="fl-f6"/>
      </object_component>
      <object_component id="oc-269">
         <name>.text:TimerIntRegister</name>
         <load_address>0x3f5c</load_address>
         <run_address>0x3f5c</run_address>
         <size>0x18</size>
         <input_file_ref idref="fl-f6"/>
      </object_component>
      <object_component id="oc-81">
         <name>.text</name>
         <load_address>0x3f74</load_address>
         <run_address>0x3f74</run_address>
         <size>0x18</size>
         <input_file_ref idref="fl-db"/>
      </object_component>
      <object_component id="oc-2b5">
         <name>.text:GrStringDraw</name>
         <load_address>0x3f8c</load_address>
         <run_address>0x3f8c</run_address>
         <size>0x16</size>
         <input_file_ref idref="fl-fb"/>
      </object_component>
      <object_component id="oc-41d">
         <name>.text:I2CMasterErr</name>
         <load_address>0x3fa2</load_address>
         <run_address>0x3fa2</run_address>
         <size>0x16</size>
         <input_file_ref idref="fl-f3"/>
      </object_component>
      <object_component id="oc-243">
         <name>.text:UARTEnable</name>
         <load_address>0x3fb8</load_address>
         <run_address>0x3fb8</run_address>
         <size>0x14</size>
         <input_file_ref idref="fl-f7"/>
      </object_component>
      <object_component id="oc-1bc">
         <name>.text</name>
         <load_address>0x3fcc</load_address>
         <run_address>0x3fcc</run_address>
         <size>0x14</size>
         <input_file_ref idref="fl-d9"/>
      </object_component>
      <object_component id="oc-471">
         <name>.text</name>
         <load_address>0x3fe0</load_address>
         <run_address>0x3fe0</run_address>
         <size>0x14</size>
         <input_file_ref idref="fl-f0"/>
      </object_component>
      <object_component id="oc-3d8">
         <name>.text</name>
         <load_address>0x3ff4</load_address>
         <run_address>0x3ff4</run_address>
         <size>0x14</size>
         <input_file_ref idref="fl-d6"/>
      </object_component>
      <object_component id="oc-28a">
         <name>.text:GPIOPinTypeI2C</name>
         <load_address>0x4008</load_address>
         <run_address>0x4008</run_address>
         <size>0x12</size>
         <input_file_ref idref="fl-f2"/>
      </object_component>
      <object_component id="oc-284">
         <name>.text:GPIOPinTypeI2CSCL</name>
         <load_address>0x401a</load_address>
         <run_address>0x401a</run_address>
         <size>0x12</size>
         <input_file_ref idref="fl-f2"/>
      </object_component>
      <object_component id="oc-225">
         <name>.text:GPIOPinTypeUART</name>
         <load_address>0x402c</load_address>
         <run_address>0x402c</run_address>
         <size>0x12</size>
         <input_file_ref idref="fl-f2"/>
      </object_component>
      <object_component id="oc-25d">
         <name>.text:TimerLoadSet</name>
         <load_address>0x403e</load_address>
         <run_address>0x403e</run_address>
         <size>0x12</size>
         <input_file_ref idref="fl-f6"/>
      </object_component>
      <object_component id="oc-126">
         <name>.text:FPULazyStackingEnable</name>
         <load_address>0x4050</load_address>
         <run_address>0x4050</run_address>
         <size>0x10</size>
         <input_file_ref idref="fl-f1"/>
      </object_component>
      <object_component id="oc-138">
         <name>.text:IntMasterDisable</name>
         <load_address>0x4060</load_address>
         <run_address>0x4060</run_address>
         <size>0x10</size>
         <input_file_ref idref="fl-f4"/>
      </object_component>
      <object_component id="oc-16e">
         <name>.text:IntMasterEnable</name>
         <load_address>0x4070</load_address>
         <run_address>0x4070</run_address>
         <size>0x10</size>
         <input_file_ref idref="fl-f4"/>
      </object_component>
      <object_component id="oc-a7">
         <name>.text</name>
         <load_address>0x4080</load_address>
         <run_address>0x4080</run_address>
         <size>0x10</size>
         <input_file_ref idref="fl-d7"/>
      </object_component>
      <object_component id="oc-26f">
         <name>.text:TimerEnable</name>
         <load_address>0x4090</load_address>
         <run_address>0x4090</run_address>
         <size>0xe</size>
         <input_file_ref idref="fl-f6"/>
      </object_component>
      <object_component id="oc-a1">
         <name>.text:UARTCharGetNonBlocking</name>
         <load_address>0x409e</load_address>
         <run_address>0x409e</run_address>
         <size>0xe</size>
         <input_file_ref idref="fl-f7"/>
      </object_component>
      <object_component id="oc-ad">
         <name>.text:UARTCharsAvail</name>
         <load_address>0x40ac</load_address>
         <run_address>0x40ac</run_address>
         <size>0xe</size>
         <input_file_ref idref="fl-f7"/>
      </object_component>
      <object_component id="oc-18">
         <name>.text:decompress:none</name>
         <load_address>0x40ba</load_address>
         <run_address>0x40ba</run_address>
         <size>0xe</size>
         <input_file_ref idref="fl-c7"/>
      </object_component>
      <object_component id="oc-1f6">
         <name>.text:CPUcpsid</name>
         <load_address>0x40c8</load_address>
         <run_address>0x40c8</run_address>
         <size>0xc</size>
         <input_file_ref idref="fl-f8"/>
      </object_component>
      <object_component id="oc-2c4">
         <name>.text:CPUcpsie</name>
         <load_address>0x40d4</load_address>
         <run_address>0x40d4</run_address>
         <size>0xc</size>
         <input_file_ref idref="fl-f8"/>
      </object_component>
      <object_component id="oc-1e">
         <name>.text:decompress:ZI</name>
         <load_address>0x40e0</load_address>
         <run_address>0x40e0</run_address>
         <size>0xc</size>
         <input_file_ref idref="fl-c8"/>
      </object_component>
      <object_component id="oc-33e">
         <name>.text:CFAL96x64x16Flush</name>
         <load_address>0x40ec</load_address>
         <run_address>0x40ec</run_address>
         <size>0xa</size>
         <input_file_ref idref="fl-9"/>
      </object_component>
      <object_component id="oc-290">
         <name>.text:I2CMasterDisable</name>
         <load_address>0x40f6</load_address>
         <run_address>0x40f6</run_address>
         <size>0xa</size>
         <input_file_ref idref="fl-f3"/>
      </object_component>
      <object_component id="oc-29c">
         <name>.text:I2CMasterEnable</name>
         <load_address>0x4100</load_address>
         <run_address>0x4100</run_address>
         <size>0xa</size>
         <input_file_ref idref="fl-f3"/>
      </object_component>
      <object_component id="oc-3d2">
         <name>.text:UARTCharPut</name>
         <load_address>0x410a</load_address>
         <run_address>0x410a</run_address>
         <size>0xa</size>
         <input_file_ref idref="fl-f7"/>
      </object_component>
      <object_component id="oc-95">
         <name>.text:UARTIntStatus</name>
         <load_address>0x4114</load_address>
         <run_address>0x4114</run_address>
         <size>0xa</size>
         <input_file_ref idref="fl-f7"/>
      </object_component>
      <object_component id="oc-377">
         <name>.text:GrMapISO8859_1_Unicode</name>
         <load_address>0x411e</load_address>
         <run_address>0x411e</run_address>
         <size>0x8</size>
         <input_file_ref idref="fl-fd"/>
      </object_component>
      <object_component id="oc-417">
         <name>.text:I2CMasterBusy</name>
         <load_address>0x4126</load_address>
         <run_address>0x4126</run_address>
         <size>0x8</size>
         <input_file_ref idref="fl-f3"/>
      </object_component>
      <object_component id="oc-30b">
         <name>.text:I2CMasterSlaveAddrSet</name>
         <load_address>0x412e</load_address>
         <run_address>0x412e</run_address>
         <size>0x8</size>
         <input_file_ref idref="fl-f3"/>
      </object_component>
      <object_component id="oc-263">
         <name>.text:TimerIntEnable</name>
         <load_address>0x4136</load_address>
         <run_address>0x4136</run_address>
         <size>0x8</size>
         <input_file_ref idref="fl-f6"/>
      </object_component>
      <object_component id="oc-23d">
         <name>.text:UARTIntEnable</name>
         <load_address>0x413e</load_address>
         <run_address>0x413e</run_address>
         <size>0x8</size>
         <input_file_ref idref="fl-f7"/>
      </object_component>
      <object_component id="oc-174">
         <name>.text:GPIOPinWrite</name>
         <load_address>0x4146</load_address>
         <run_address>0x4146</run_address>
         <size>0x6</size>
         <input_file_ref idref="fl-f2"/>
      </object_component>
      <object_component id="oc-144">
         <name>.text:GrContextFontSet</name>
         <load_address>0x414c</load_address>
         <run_address>0x414c</run_address>
         <size>0x6</size>
         <input_file_ref idref="fl-fb"/>
      </object_component>
      <object_component id="oc-2b">
         <name>.text:ResetISR</name>
         <load_address>0x4152</load_address>
         <run_address>0x4152</run_address>
         <size>0x6</size>
         <input_file_ref idref="fl-3"/>
      </object_component>
      <object_component id="oc-1e3">
         <name>.text:SysCtlDelay</name>
         <load_address>0x4158</load_address>
         <run_address>0x4158</run_address>
         <size>0x6</size>
         <input_file_ref idref="fl-f5"/>
      </object_component>
      <object_component id="oc-317">
         <name>.text:I2CMasterControl</name>
         <load_address>0x415e</load_address>
         <run_address>0x415e</run_address>
         <size>0x4</size>
         <input_file_ref idref="fl-f3"/>
      </object_component>
      <object_component id="oc-311">
         <name>.text:I2CMasterDataPut</name>
         <load_address>0x4162</load_address>
         <run_address>0x4162</run_address>
         <size>0x4</size>
         <input_file_ref idref="fl-f3"/>
      </object_component>
      <object_component id="oc-3ba">
         <name>.text:TimerIntClear</name>
         <load_address>0x4166</load_address>
         <run_address>0x4166</run_address>
         <size>0x4</size>
         <input_file_ref idref="fl-f6"/>
      </object_component>
      <object_component id="oc-9b">
         <name>.text:UARTIntClear</name>
         <load_address>0x416a</load_address>
         <run_address>0x416a</run_address>
         <size>0x4</size>
         <input_file_ref idref="fl-f7"/>
      </object_component>
      <object_component id="oc-75">
         <name>.text</name>
         <load_address>0x416e</load_address>
         <run_address>0x416e</run_address>
         <size>0x4</size>
         <input_file_ref idref="fl-d1"/>
      </object_component>
      <object_component id="oc-347">
         <name>.const:.string:g_pui8FontFixed6x8Data</name>
         <load_address>0x4178</load_address>
         <run_address>0x4178</run_address>
         <size>0x2f8</size>
         <input_file_ref idref="fl-fc"/>
      </object_component>
      <object_component id="oc-3f9">
         <name>.const:$O1$$</name>
         <load_address>0x4470</load_address>
         <run_address>0x4470</run_address>
         <size>0x158</size>
         <input_file_ref idref="fl-e5"/>
      </object_component>
      <object_component id="oc-103">
         <name>.const:.string:_ctypes_</name>
         <load_address>0x45c8</load_address>
         <run_address>0x45c8</run_address>
         <size>0x101</size>
         <input_file_ref idref="fl-df"/>
      </object_component>
      <object_component id="oc-1af">
         <name>.const:g_sFontFixed6x8</name>
         <load_address>0x46cc</load_address>
         <run_address>0x46cc</run_address>
         <size>0xc8</size>
         <input_file_ref idref="fl-fc"/>
      </object_component>
      <object_component id="oc-3c1">
         <name>.const:g_pui32GPIOBaseAddrs</name>
         <load_address>0x4794</load_address>
         <run_address>0x4794</run_address>
         <size>0x90</size>
         <input_file_ref idref="fl-f2"/>
      </object_component>
      <object_component id="oc-408">
         <name>.const:xxx</name>
         <load_address>0x4828</load_address>
         <run_address>0x4828</run_address>
         <size>0x80</size>
         <input_file_ref idref="fl-e7"/>
      </object_component>
      <object_component id="oc-39f">
         <name>.const</name>
         <load_address>0x48a8</load_address>
         <run_address>0x48a8</run_address>
         <size>0x70</size>
         <input_file_ref idref="fl-f4"/>
      </object_component>
      <object_component id="oc-39a">
         <name>.const:g_pui32Xtals</name>
         <load_address>0x4918</load_address>
         <run_address>0x4918</run_address>
         <size>0x6c</size>
         <input_file_ref idref="fl-f5"/>
      </object_component>
      <object_component id="oc-458">
         <name>.const:g_ppui32TimerIntMap</name>
         <load_address>0x4984</load_address>
         <run_address>0x4984</run_address>
         <size>0x60</size>
         <input_file_ref idref="fl-f6"/>
      </object_component>
      <object_component id="oc-45b">
         <name>.const:g_ppui32TimerIntMapSnowflake</name>
         <load_address>0x49e4</load_address>
         <run_address>0x49e4</run_address>
         <size>0x40</size>
         <input_file_ref idref="fl-f6"/>
      </object_component>
      <object_component id="oc-1ac">
         <name>.const:g_sCFAL96x64x16</name>
         <load_address>0x4a24</load_address>
         <run_address>0x4a24</run_address>
         <size>0x28</size>
         <input_file_ref idref="fl-9"/>
      </object_component>
      <object_component id="oc-203">
         <name>.const</name>
         <load_address>0x4a4c</load_address>
         <run_address>0x4a4c</run_address>
         <size>0x10</size>
         <input_file_ref idref="fl-f9"/>
      </object_component>
      <object_component id="oc-4bd">
         <name>.cinit..data.load</name>
         <load_address>0x4a60</load_address>
         <run_address>0x4a60</run_address>
         <size>0x2b</size>
      </object_component>
      <object_component id="oc-4ba">
         <name>__TI_handler_table</name>
         <load_address>0x4a8c</load_address>
         <run_address>0x4a8c</run_address>
         <size>0xc</size>
      </object_component>
      <object_component id="oc-4be">
         <name>.cinit..bss.load</name>
         <load_address>0x4a98</load_address>
         <run_address>0x4a98</run_address>
         <size>0x8</size>
      </object_component>
      <object_component id="oc-4bc">
         <name>.cinit..vtable.load</name>
         <load_address>0x4aa0</load_address>
         <run_address>0x4aa0</run_address>
         <size>0x8</size>
      </object_component>
      <object_component id="oc-4bb">
         <name>__TI_cinit_table</name>
         <load_address>0x4aa8</load_address>
         <run_address>0x4aa8</run_address>
         <size>0x18</size>
      </object_component>
      <object_component id="oc-45f">
         <name>.vtable</name>
         <uninitialized>true</uninitialized>
         <run_address>0x20000000</run_address>
         <size>0x26c</size>
         <input_file_ref idref="fl-f4"/>
      </object_component>
      <object_component id="oc-b3">
         <name>.data</name>
         <load_address>0x2000068c</load_address>
         <run_address>0x2000068c</run_address>
         <size>0xc</size>
         <input_file_ref idref="fl-2"/>
      </object_component>
      <object_component id="oc-1b2">
         <name>.data:I2CData$2</name>
         <load_address>0x200006a8</load_address>
         <run_address>0x200006a8</run_address>
         <size>0x2</size>
         <input_file_ref idref="fl-2"/>
      </object_component>
      <object_component id="oc-1f2">
         <name>.data:g_ui8DisplayInitCommands</name>
         <load_address>0x2000066c</load_address>
         <run_address>0x2000066c</run_address>
         <size>0x13</size>
         <input_file_ref idref="fl-9"/>
      </object_component>
      <object_component id="oc-ef">
         <name>.data:$O1$$</name>
         <load_address>0x20000680</load_address>
         <run_address>0x20000680</run_address>
         <size>0xc</size>
         <input_file_ref idref="fl-c9"/>
      </object_component>
      <object_component id="oc-8d">
         <name>.data</name>
         <load_address>0x200006a4</load_address>
         <run_address>0x200006a4</run_address>
         <size>0x4</size>
         <input_file_ref idref="fl-d5"/>
      </object_component>
      <object_component id="oc-f2">
         <name>.data:$O1$$</name>
         <load_address>0x20000698</load_address>
         <run_address>0x20000698</run_address>
         <size>0x8</size>
         <input_file_ref idref="fl-d9"/>
      </object_component>
      <object_component id="oc-300">
         <name>.data</name>
         <load_address>0x200006a0</load_address>
         <run_address>0x200006a0</run_address>
         <size>0x4</size>
         <input_file_ref idref="fl-e0"/>
      </object_component>
      <object_component id="oc-1ab">
         <name>.common:sContext</name>
         <uninitialized>true</uninitialized>
         <run_address>0x200006ac</run_address>
         <size>0x2c</size>
      </object_component>
      <object_component id="oc-206">
         <name>.common:g_psGrLibDefaults</name>
         <uninitialized>true</uninitialized>
         <run_address>0x200006d8</run_address>
         <size>0x4</size>
      </object_component>
      <object_component id="oc-2a">
         <name>.stack</name>
         <uninitialized>true</uninitialized>
         <run_address>0x2000026c</run_address>
         <size>0x0</size>
         <input_file_ref idref="fl-c5"/>
      </object_component>
      <object_component id="oc-4bf">
         <name>.stack</name>
         <uninitialized>true</uninitialized>
         <run_address>0x2000026c</run_address>
         <size>0x0</size>
      </object_component>
      <object_component id="oc-10e">
         <name>.debug_info</name>
         <load_address>0x0</load_address>
         <run_address>0x0</run_address>
         <size>0x8bf</size>
         <input_file_ref idref="fl-2"/>
      </object_component>
      <object_component id="oc-b4">
         <name>.debug_info</name>
         <load_address>0x8bf</load_address>
         <run_address>0x8bf</run_address>
         <size>0xdd</size>
         <input_file_ref idref="fl-2"/>
      </object_component>
      <object_component id="oc-b6">
         <name>.debug_info</name>
         <load_address>0x99c</load_address>
         <run_address>0x99c</run_address>
         <size>0x148</size>
         <input_file_ref idref="fl-2"/>
      </object_component>
      <object_component id="oc-45">
         <name>.debug_info</name>
         <load_address>0xae4</load_address>
         <run_address>0xae4</run_address>
         <size>0x18a</size>
         <input_file_ref idref="fl-2"/>
      </object_component>
      <object_component id="oc-b9">
         <name>.debug_info</name>
         <load_address>0xc6e</load_address>
         <run_address>0xc6e</run_address>
         <size>0x47e</size>
         <input_file_ref idref="fl-2"/>
      </object_component>
      <object_component id="oc-110">
         <name>.debug_info</name>
         <load_address>0x10ec</load_address>
         <run_address>0x10ec</run_address>
         <size>0x5a</size>
         <input_file_ref idref="fl-2"/>
      </object_component>
      <object_component id="oc-1d1">
         <name>.debug_info</name>
         <load_address>0x1146</load_address>
         <run_address>0x1146</run_address>
         <size>0x6bd</size>
         <input_file_ref idref="fl-2"/>
      </object_component>
      <object_component id="oc-fb">
         <name>.debug_info</name>
         <load_address>0x1803</load_address>
         <run_address>0x1803</run_address>
         <size>0x8b</size>
         <input_file_ref idref="fl-2"/>
      </object_component>
      <object_component id="oc-bd">
         <name>.debug_info</name>
         <load_address>0x188e</load_address>
         <run_address>0x188e</run_address>
         <size>0x18b</size>
         <input_file_ref idref="fl-2"/>
      </object_component>
      <object_component id="oc-4b">
         <name>.debug_info</name>
         <load_address>0x1a19</load_address>
         <run_address>0x1a19</run_address>
         <size>0x2a5</size>
         <input_file_ref idref="fl-3"/>
      </object_component>
      <object_component id="oc-10">
         <name>.debug_info</name>
         <load_address>0x1cbe</load_address>
         <run_address>0x1cbe</run_address>
         <size>0xde</size>
         <input_file_ref idref="fl-3"/>
      </object_component>
      <object_component id="oc-2c">
         <name>.debug_info</name>
         <load_address>0x1d9c</load_address>
         <run_address>0x1d9c</run_address>
         <size>0x10e</size>
         <input_file_ref idref="fl-3"/>
      </object_component>
      <object_component id="oc-33">
         <name>.debug_info</name>
         <load_address>0x1eaa</load_address>
         <run_address>0x1eaa</run_address>
         <size>0xff</size>
         <input_file_ref idref="fl-3"/>
      </object_component>
      <object_component id="oc-38">
         <name>.debug_info</name>
         <load_address>0x1fa9</load_address>
         <run_address>0x1fa9</run_address>
         <size>0x105</size>
         <input_file_ref idref="fl-3"/>
      </object_component>
      <object_component id="oc-3e">
         <name>.debug_info</name>
         <load_address>0x20ae</load_address>
         <run_address>0x20ae</run_address>
         <size>0x117</size>
         <input_file_ref idref="fl-3"/>
      </object_component>
      <object_component id="oc-52">
         <name>.debug_info</name>
         <load_address>0x21c5</load_address>
         <run_address>0x21c5</run_address>
         <size>0x84</size>
         <input_file_ref idref="fl-3"/>
      </object_component>
      <object_component id="oc-31e">
         <name>.debug_info</name>
         <load_address>0x2249</load_address>
         <run_address>0x2249</run_address>
         <size>0x5d1</size>
         <input_file_ref idref="fl-4"/>
      </object_component>
      <object_component id="oc-15d">
         <name>.debug_info</name>
         <load_address>0x281a</load_address>
         <run_address>0x281a</run_address>
         <size>0x29b</size>
         <input_file_ref idref="fl-4"/>
      </object_component>
      <object_component id="oc-412">
         <name>.debug_info</name>
         <load_address>0x2ab5</load_address>
         <run_address>0x2ab5</run_address>
         <size>0x1a9</size>
         <input_file_ref idref="fl-4"/>
      </object_component>
      <object_component id="oc-306">
         <name>.debug_info</name>
         <load_address>0x2c5e</load_address>
         <run_address>0x2c5e</run_address>
         <size>0x1c8</size>
         <input_file_ref idref="fl-4"/>
      </object_component>
      <object_component id="oc-1a0">
         <name>.debug_info</name>
         <load_address>0x2e26</load_address>
         <run_address>0x2e26</run_address>
         <size>0x3b4</size>
         <input_file_ref idref="fl-4"/>
      </object_component>
      <object_component id="oc-d3">
         <name>.debug_info</name>
         <load_address>0x31da</load_address>
         <run_address>0x31da</run_address>
         <size>0x2c</size>
         <input_file_ref idref="fl-4"/>
      </object_component>
      <object_component id="oc-151">
         <name>.debug_info</name>
         <load_address>0x3206</load_address>
         <run_address>0x3206</run_address>
         <size>0x16f</size>
         <input_file_ref idref="fl-5"/>
      </object_component>
      <object_component id="oc-2bc">
         <name>.debug_info</name>
         <load_address>0x3375</load_address>
         <run_address>0x3375</run_address>
         <size>0x63a</size>
         <input_file_ref idref="fl-6"/>
      </object_component>
      <object_component id="oc-1a6">
         <name>.debug_info</name>
         <load_address>0x39af</load_address>
         <run_address>0x39af</run_address>
         <size>0x178</size>
         <input_file_ref idref="fl-6"/>
      </object_component>
      <object_component id="oc-163">
         <name>.debug_info</name>
         <load_address>0x3b27</load_address>
         <run_address>0x3b27</run_address>
         <size>0x245</size>
         <input_file_ref idref="fl-6"/>
      </object_component>
      <object_component id="oc-157">
         <name>.debug_info</name>
         <load_address>0x3d6c</load_address>
         <run_address>0x3d6c</run_address>
         <size>0x221</size>
         <input_file_ref idref="fl-7"/>
      </object_component>
      <object_component id="oc-3df">
         <name>.debug_info</name>
         <load_address>0x3f8d</load_address>
         <run_address>0x3f8d</run_address>
         <size>0x4ec</size>
         <input_file_ref idref="fl-8"/>
      </object_component>
      <object_component id="oc-14c">
         <name>.debug_info</name>
         <load_address>0x4479</load_address>
         <run_address>0x4479</run_address>
         <size>0x24b</size>
         <input_file_ref idref="fl-8"/>
      </object_component>
      <object_component id="oc-2bf">
         <name>.debug_info</name>
         <load_address>0x46c4</load_address>
         <run_address>0x46c4</run_address>
         <size>0x1b4</size>
         <input_file_ref idref="fl-8"/>
      </object_component>
      <object_component id="oc-16b">
         <name>.debug_info</name>
         <load_address>0x4878</load_address>
         <run_address>0x4878</run_address>
         <size>0x151</size>
         <input_file_ref idref="fl-8"/>
      </object_component>
      <object_component id="oc-346">
         <name>.debug_info</name>
         <load_address>0x49c9</load_address>
         <run_address>0x49c9</run_address>
         <size>0x4e0</size>
         <input_file_ref idref="fl-9"/>
      </object_component>
      <object_component id="oc-1f3">
         <name>.debug_info</name>
         <load_address>0x4ea9</load_address>
         <run_address>0x4ea9</run_address>
         <size>0x139</size>
         <input_file_ref idref="fl-9"/>
      </object_component>
      <object_component id="oc-1ad">
         <name>.debug_info</name>
         <load_address>0x4fe2</load_address>
         <run_address>0x4fe2</run_address>
         <size>0x129</size>
         <input_file_ref idref="fl-9"/>
      </object_component>
      <object_component id="oc-1e8">
         <name>.debug_info</name>
         <load_address>0x510b</load_address>
         <run_address>0x510b</run_address>
         <size>0x270</size>
         <input_file_ref idref="fl-9"/>
      </object_component>
      <object_component id="oc-42b">
         <name>.debug_info</name>
         <load_address>0x537b</load_address>
         <run_address>0x537b</run_address>
         <size>0x26e</size>
         <input_file_ref idref="fl-9"/>
      </object_component>
      <object_component id="oc-322">
         <name>.debug_info</name>
         <load_address>0x55e9</load_address>
         <run_address>0x55e9</run_address>
         <size>0x30b</size>
         <input_file_ref idref="fl-9"/>
      </object_component>
      <object_component id="oc-327">
         <name>.debug_info</name>
         <load_address>0x58f4</load_address>
         <run_address>0x58f4</run_address>
         <size>0x457</size>
         <input_file_ref idref="fl-9"/>
      </object_component>
      <object_component id="oc-32e">
         <name>.debug_info</name>
         <load_address>0x5d4b</load_address>
         <run_address>0x5d4b</run_address>
         <size>0x335</size>
         <input_file_ref idref="fl-9"/>
      </object_component>
      <object_component id="oc-334">
         <name>.debug_info</name>
         <load_address>0x6080</load_address>
         <run_address>0x6080</run_address>
         <size>0x354</size>
         <input_file_ref idref="fl-9"/>
      </object_component>
      <object_component id="oc-1ee">
         <name>.debug_info</name>
         <load_address>0x63d4</load_address>
         <run_address>0x63d4</run_address>
         <size>0x2c3</size>
         <input_file_ref idref="fl-9"/>
      </object_component>
      <object_component id="oc-33a">
         <name>.debug_info</name>
         <load_address>0x6697</load_address>
         <run_address>0x6697</run_address>
         <size>0x282</size>
         <input_file_ref idref="fl-9"/>
      </object_component>
      <object_component id="oc-340">
         <name>.debug_info</name>
         <load_address>0x6919</load_address>
         <run_address>0x6919</run_address>
         <size>0x235</size>
         <input_file_ref idref="fl-9"/>
      </object_component>
      <object_component id="oc-134">
         <name>.debug_info</name>
         <load_address>0x6b4e</load_address>
         <run_address>0x6b4e</run_address>
         <size>0x2e3</size>
         <input_file_ref idref="fl-9"/>
      </object_component>
      <object_component id="oc-26">
         <name>.debug_info</name>
         <load_address>0x6e31</load_address>
         <run_address>0x6e31</run_address>
         <size>0x160</size>
         <input_file_ref idref="fl-c5"/>
      </object_component>
      <object_component id="oc-c9">
         <name>.debug_info</name>
         <load_address>0x6f91</load_address>
         <run_address>0x6f91</run_address>
         <size>0x293</size>
         <input_file_ref idref="fl-c6"/>
      </object_component>
      <object_component id="oc-14">
         <name>.debug_info</name>
         <load_address>0x7224</load_address>
         <run_address>0x7224</run_address>
         <size>0x245</size>
         <input_file_ref idref="fl-c6"/>
      </object_component>
      <object_component id="oc-4d">
         <name>.debug_info</name>
         <load_address>0x7469</load_address>
         <run_address>0x7469</run_address>
         <size>0x60</size>
         <input_file_ref idref="fl-c6"/>
      </object_component>
      <object_component id="oc-c4">
         <name>.debug_info</name>
         <load_address>0x74c9</load_address>
         <run_address>0x74c9</run_address>
         <size>0x46</size>
         <input_file_ref idref="fl-c6"/>
      </object_component>
      <object_component id="oc-62">
         <name>.debug_info</name>
         <load_address>0x750f</load_address>
         <run_address>0x750f</run_address>
         <size>0x2da</size>
         <input_file_ref idref="fl-c7"/>
      </object_component>
      <object_component id="oc-1b">
         <name>.debug_info</name>
         <load_address>0x77e9</load_address>
         <run_address>0x77e9</run_address>
         <size>0x1df</size>
         <input_file_ref idref="fl-c7"/>
      </object_component>
      <object_component id="oc-5d">
         <name>.debug_info</name>
         <load_address>0x79c8</load_address>
         <run_address>0x79c8</run_address>
         <size>0x46</size>
         <input_file_ref idref="fl-c7"/>
      </object_component>
      <object_component id="oc-cb">
         <name>.debug_info</name>
         <load_address>0x7a0e</load_address>
         <run_address>0x7a0e</run_address>
         <size>0x2c</size>
         <input_file_ref idref="fl-c7"/>
      </object_component>
      <object_component id="oc-6e">
         <name>.debug_info</name>
         <load_address>0x7a3a</load_address>
         <run_address>0x7a3a</run_address>
         <size>0x2c9</size>
         <input_file_ref idref="fl-c8"/>
      </object_component>
      <object_component id="oc-22">
         <name>.debug_info</name>
         <load_address>0x7d03</load_address>
         <run_address>0x7d03</run_address>
         <size>0x1aa</size>
         <input_file_ref idref="fl-c8"/>
      </object_component>
      <object_component id="oc-69">
         <name>.debug_info</name>
         <load_address>0x7ead</load_address>
         <run_address>0x7ead</run_address>
         <size>0x46</size>
         <input_file_ref idref="fl-c8"/>
      </object_component>
      <object_component id="oc-f6">
         <name>.debug_info</name>
         <load_address>0x7ef3</load_address>
         <run_address>0x7ef3</run_address>
         <size>0x3ce</size>
         <input_file_ref idref="fl-c9"/>
      </object_component>
      <object_component id="oc-f0">
         <name>.debug_info</name>
         <load_address>0x82c1</load_address>
         <run_address>0x82c1</run_address>
         <size>0x185</size>
         <input_file_ref idref="fl-c9"/>
      </object_component>
      <object_component id="oc-89">
         <name>.debug_info</name>
         <load_address>0x8446</load_address>
         <run_address>0x8446</run_address>
         <size>0x214</size>
         <input_file_ref idref="fl-c9"/>
      </object_component>
      <object_component id="oc-190">
         <name>.debug_info</name>
         <load_address>0x865a</load_address>
         <run_address>0x865a</run_address>
         <size>0x144</size>
         <input_file_ref idref="fl-ca"/>
      </object_component>
      <object_component id="oc-185">
         <name>.debug_info</name>
         <load_address>0x879e</load_address>
         <run_address>0x879e</run_address>
         <size>0x132</size>
         <input_file_ref idref="fl-cb"/>
      </object_component>
      <object_component id="oc-180">
         <name>.debug_info</name>
         <load_address>0x88d0</load_address>
         <run_address>0x88d0</run_address>
         <size>0x132</size>
         <input_file_ref idref="fl-cc"/>
      </object_component>
      <object_component id="oc-196">
         <name>.debug_info</name>
         <load_address>0x8a02</load_address>
         <run_address>0x8a02</run_address>
         <size>0x131</size>
         <input_file_ref idref="fl-cd"/>
      </object_component>
      <object_component id="oc-58">
         <name>.debug_info</name>
         <load_address>0x8b33</load_address>
         <run_address>0x8b33</run_address>
         <size>0x111</size>
         <input_file_ref idref="fl-ce"/>
      </object_component>
      <object_component id="oc-65">
         <name>.debug_info</name>
         <load_address>0x8c44</load_address>
         <run_address>0x8c44</run_address>
         <size>0x13f</size>
         <input_file_ref idref="fl-cf"/>
      </object_component>
      <object_component id="oc-72">
         <name>.debug_info</name>
         <load_address>0x8d83</load_address>
         <run_address>0x8d83</run_address>
         <size>0x138</size>
         <input_file_ref idref="fl-d0"/>
      </object_component>
      <object_component id="oc-79">
         <name>.debug_info</name>
         <load_address>0x8ebb</load_address>
         <run_address>0x8ebb</run_address>
         <size>0x148</size>
         <input_file_ref idref="fl-d1"/>
      </object_component>
      <object_component id="oc-2f2">
         <name>.debug_info</name>
         <load_address>0x9003</load_address>
         <run_address>0x9003</run_address>
         <size>0x3a5</size>
         <input_file_ref idref="fl-d2"/>
      </object_component>
      <object_component id="oc-18a">
         <name>.debug_info</name>
         <load_address>0x93a8</load_address>
         <run_address>0x93a8</run_address>
         <size>0x78b</size>
         <input_file_ref idref="fl-d2"/>
      </object_component>
      <object_component id="oc-2f3">
         <name>.debug_info</name>
         <load_address>0x9b33</load_address>
         <run_address>0x9b33</run_address>
         <size>0x39</size>
         <input_file_ref idref="fl-d2"/>
      </object_component>
      <object_component id="oc-304">
         <name>.debug_info</name>
         <load_address>0x9b6c</load_address>
         <run_address>0x9b6c</run_address>
         <size>0x388</size>
         <input_file_ref idref="fl-d3"/>
      </object_component>
      <object_component id="oc-19c">
         <name>.debug_info</name>
         <load_address>0x9ef4</load_address>
         <run_address>0x9ef4</run_address>
         <size>0x5b0</size>
         <input_file_ref idref="fl-d3"/>
      </object_component>
      <object_component id="oc-8e">
         <name>.debug_info</name>
         <load_address>0xa4a4</load_address>
         <run_address>0xa4a4</run_address>
         <size>0x109</size>
         <input_file_ref idref="fl-d5"/>
      </object_component>
      <object_component id="oc-46c">
         <name>.debug_info</name>
         <load_address>0xa5ad</load_address>
         <run_address>0xa5ad</run_address>
         <size>0x284</size>
         <input_file_ref idref="fl-d6"/>
      </object_component>
      <object_component id="oc-3da">
         <name>.debug_info</name>
         <load_address>0xa831</load_address>
         <run_address>0xa831</run_address>
         <size>0x22a</size>
         <input_file_ref idref="fl-d6"/>
      </object_component>
      <object_component id="oc-107">
         <name>.debug_info</name>
         <load_address>0xaa5b</load_address>
         <run_address>0xaa5b</run_address>
         <size>0x2ab</size>
         <input_file_ref idref="fl-d7"/>
      </object_component>
      <object_component id="oc-a8">
         <name>.debug_info</name>
         <load_address>0xad06</load_address>
         <run_address>0xad06</run_address>
         <size>0x149</size>
         <input_file_ref idref="fl-d7"/>
      </object_component>
      <object_component id="oc-17b">
         <name>.debug_info</name>
         <load_address>0xae4f</load_address>
         <run_address>0xae4f</run_address>
         <size>0x126</size>
         <input_file_ref idref="fl-d8"/>
      </object_component>
      <object_component id="oc-1c4">
         <name>.debug_info</name>
         <load_address>0xaf75</load_address>
         <run_address>0xaf75</run_address>
         <size>0x2be</size>
         <input_file_ref idref="fl-d9"/>
      </object_component>
      <object_component id="oc-f3">
         <name>.debug_info</name>
         <load_address>0xb233</load_address>
         <run_address>0xb233</run_address>
         <size>0x113</size>
         <input_file_ref idref="fl-d9"/>
      </object_component>
      <object_component id="oc-1bf">
         <name>.debug_info</name>
         <load_address>0xb346</load_address>
         <run_address>0xb346</run_address>
         <size>0x21f</size>
         <input_file_ref idref="fl-d9"/>
      </object_component>
      <object_component id="oc-ee">
         <name>.debug_info</name>
         <load_address>0xb565</load_address>
         <run_address>0xb565</run_address>
         <size>0x300</size>
         <input_file_ref idref="fl-db"/>
      </object_component>
      <object_component id="oc-84">
         <name>.debug_info</name>
         <load_address>0xb865</load_address>
         <run_address>0xb865</run_address>
         <size>0x167</size>
         <input_file_ref idref="fl-db"/>
      </object_component>
      <object_component id="oc-1b5">
         <name>.debug_info</name>
         <load_address>0xb9cc</load_address>
         <run_address>0xb9cc</run_address>
         <size>0x5e</size>
         <input_file_ref idref="fl-db"/>
      </object_component>
      <object_component id="oc-e9">
         <name>.debug_info</name>
         <load_address>0xba2a</load_address>
         <run_address>0xba2a</run_address>
         <size>0x483</size>
         <input_file_ref idref="fl-dd"/>
      </object_component>
      <object_component id="oc-7f">
         <name>.debug_info</name>
         <load_address>0xbead</load_address>
         <run_address>0xbead</run_address>
         <size>0x190</size>
         <input_file_ref idref="fl-dd"/>
      </object_component>
      <object_component id="oc-11c">
         <name>.debug_info</name>
         <load_address>0xc03d</load_address>
         <run_address>0xc03d</run_address>
         <size>0x39</size>
         <input_file_ref idref="fl-dd"/>
      </object_component>
      <object_component id="oc-1dd">
         <name>.debug_info</name>
         <load_address>0xc076</load_address>
         <run_address>0xc076</run_address>
         <size>0x39</size>
         <input_file_ref idref="fl-dd"/>
      </object_component>
      <object_component id="oc-121">
         <name>.debug_info</name>
         <load_address>0xc0af</load_address>
         <run_address>0xc0af</run_address>
         <size>0xcd</size>
         <input_file_ref idref="fl-dd"/>
      </object_component>
      <object_component id="oc-118">
         <name>.debug_info</name>
         <load_address>0xc17c</load_address>
         <run_address>0xc17c</run_address>
         <size>0x37a</size>
         <input_file_ref idref="fl-de"/>
      </object_component>
      <object_component id="oc-de">
         <name>.debug_info</name>
         <load_address>0xc4f6</load_address>
         <run_address>0xc4f6</run_address>
         <size>0x183</size>
         <input_file_ref idref="fl-de"/>
      </object_component>
      <object_component id="oc-1d8">
         <name>.debug_info</name>
         <load_address>0xc679</load_address>
         <run_address>0xc679</run_address>
         <size>0x2c</size>
         <input_file_ref idref="fl-de"/>
      </object_component>
      <object_component id="oc-1cc">
         <name>.debug_info</name>
         <load_address>0xc6a5</load_address>
         <run_address>0xc6a5</run_address>
         <size>0xee</size>
         <input_file_ref idref="fl-df"/>
      </object_component>
      <object_component id="oc-104">
         <name>.debug_info</name>
         <load_address>0xc793</load_address>
         <run_address>0xc793</run_address>
         <size>0xfa</size>
         <input_file_ref idref="fl-df"/>
      </object_component>
      <object_component id="oc-301">
         <name>.debug_info</name>
         <load_address>0xc88d</load_address>
         <run_address>0xc88d</run_address>
         <size>0xf3</size>
         <input_file_ref idref="fl-e0"/>
      </object_component>
      <object_component id="oc-2e1">
         <name>.debug_info</name>
         <load_address>0xc980</load_address>
         <run_address>0xc980</run_address>
         <size>0x120</size>
         <input_file_ref idref="fl-e1"/>
      </object_component>
      <object_component id="oc-3f5">
         <name>.debug_info</name>
         <load_address>0xcaa0</load_address>
         <run_address>0xcaa0</run_address>
         <size>0x122</size>
         <input_file_ref idref="fl-e1"/>
      </object_component>
      <object_component id="oc-2d1">
[...]
         <name>__TI_decompress_lzss</name>
         <value>0x3569</value>
         <object_component_ref idref="oc-12"/>
      </symbol>
      <symbol id="sm-266">
         <name>__TI_decompress_none</name>
         <value>0x40bb</value>
         <object_component_ref idref="oc-18"/>
      </symbol>
      <symbol id="sm-278">
         <name>__TI_zero_init</name>
         <value>0x40e1</value>
         <object_component_ref idref="oc-1e"/>
      </symbol>
      <symbol id="sm-299">
         <name>C$$EXIT</name>
         <value>0x3801</value>
         <object_component_ref idref="oc-87"/>
      </symbol>
      <symbol id="sm-29a">
         <name>abort</name>
         <value>0x3805</value>
         <object_component_ref idref="oc-87"/>
      </symbol>
      <symbol id="sm-29b">
         <name>exit</name>
         <value>0x380d</value>
         <object_component_ref idref="oc-87"/>
      </symbol>
      <symbol id="sm-29c">
         <name>__TI_dtors_ptr</name>
         <value>0x20000684</value>
         <object_component_ref idref="oc-ef"/>
      </symbol>
      <symbol id="sm-29d">
         <name>__TI_cleanup_ptr</name>
         <value>0x20000680</value>
         <object_component_ref idref="oc-ef"/>
      </symbol>
      <symbol id="sm-29e">
         <name>__TI_enable_exit_profile_output</name>
         <value>0x20000688</value>
         <object_component_ref idref="oc-ef"/>
      </symbol>
      <symbol id="sm-2b5">
         <name>__aeabi_dsub</name>
         <value>0x1fb9</value>
         <object_component_ref idref="oc-18f"/>
      </symbol>
      <symbol id="sm-2b6">
         <name>__aeabi_dadd</name>
         <value>0x1fc3</value>
         <object_component_ref idref="oc-18f"/>
      </symbol>
      <symbol id="sm-2ca">
         <name>__aeabi_ddiv</name>
         <value>0x2451</value>
         <object_component_ref idref="oc-184"/>
      </symbol>
      <symbol id="sm-2d5">
         <name>__aeabi_dmul</name>
         <value>0x27c9</value>
         <object_component_ref idref="oc-17f"/>
      </symbol>
      <symbol id="sm-2df">
         <name>__aeabi_d2uiz</name>
         <value>0x3b8b</value>
         <object_component_ref idref="oc-194"/>
      </symbol>
      <symbol id="sm-2fa">
         <name>memcpy</name>
         <value>0x2fb7</value>
         <object_component_ref idref="oc-57"/>
      </symbol>
      <symbol id="sm-2fb">
         <name>__aeabi_memcpy</name>
         <value>0x2fb7</value>
         <object_component_ref idref="oc-57"/>
      </symbol>
      <symbol id="sm-2fc">
         <name>__aeabi_memcpy8</name>
         <value>0x2fb7</value>
         <object_component_ref idref="oc-57"/>
      </symbol>
      <symbol id="sm-2fd">
         <name>__aeabi_memcpy4</name>
         <value>0x2fb7</value>
         <object_component_ref idref="oc-57"/>
      </symbol>
      <symbol id="sm-30c">
         <name>__aeabi_memset</name>
         <value>0x326b</value>
         <object_component_ref idref="oc-63"/>
      </symbol>
      <symbol id="sm-30d">
         <name>memset</name>
         <value>0x3271</value>
         <object_component_ref idref="oc-63"/>
      </symbol>
      <symbol id="sm-30e">
         <name>__aeabi_memset8</name>
         <value>0x326b</value>
         <object_component_ref idref="oc-63"/>
      </symbol>
      <symbol id="sm-30f">
         <name>__aeabi_memset4</name>
         <value>0x326b</value>
         <object_component_ref idref="oc-63"/>
      </symbol>
      <symbol id="sm-310">
         <name>__aeabi_memclr8</name>
         <value>0x3269</value>
         <object_component_ref idref="oc-63"/>
      </symbol>
      <symbol id="sm-311">
         <name>__aeabi_memclr4</name>
         <value>0x3269</value>
         <object_component_ref idref="oc-63"/>
      </symbol>
      <symbol id="sm-312">
         <name>__aeabi_memclr</name>
         <value>0x3269</value>
         <object_component_ref idref="oc-63"/>
      </symbol>
      <symbol id="sm-31c">
         <name>__mpu_init</name>
         <value>0x342f</value>
         <object_component_ref idref="oc-6f"/>
      </symbol>
      <symbol id="sm-326">
         <name>_system_pre_init</name>
         <value>0x416f</value>
         <object_component_ref idref="oc-75"/>
      </symbol>
      <symbol id="sm-377">
         <name>sin</name>
         <value>0x9a5</value>
         <object_component_ref idref="oc-189"/>
      </symbol>
      <symbol id="sm-378">
         <name>sinl</name>
         <value>0x9a5</value>
         <object_component_ref idref="oc-189"/>
      </symbol>
      <symbol id="sm-3c9">
         <name>tanl</name>
         <value>0xf69</value>
         <object_component_ref idref="oc-199"/>
      </symbol>
      <symbol id="sm-3ca">
         <name>tan</name>
         <value>0xf69</value>
         <object_component_ref idref="oc-199"/>
      </symbol>
      <symbol id="sm-3d3">
         <name>main_func_sp</name>
         <value>0x200006a4</value>
         <object_component_ref idref="oc-8d"/>
      </symbol>
      <symbol id="sm-3e1">
         <name>strlen</name>
         <value>0x3ff5</value>
         <object_component_ref idref="oc-3d8"/>
      </symbol>
      <symbol id="sm-3f0">
         <name>tolower</name>
         <value>0x4081</value>
         <object_component_ref idref="oc-a7"/>
      </symbol>
      <symbol id="sm-3fa">
         <name>__aeabi_ui2d</name>
         <value>0x3eb9</value>
         <object_component_ref idref="oc-17a"/>
      </symbol>
      <symbol id="sm-413">
         <name>_nop</name>
         <value>0x3fdb</value>
         <object_component_ref idref="oc-1bc"/>
      </symbol>
      <symbol id="sm-414">
         <name>_lock</name>
         <value>0x20000698</value>
         <object_component_ref idref="oc-f2"/>
      </symbol>
      <symbol id="sm-415">
         <name>_unlock</name>
         <value>0x2000069c</value>
         <object_component_ref idref="oc-f2"/>
      </symbol>
      <symbol id="sm-416">
         <name>_register_lock</name>
         <value>0x3fd3</value>
         <object_component_ref idref="oc-1bc"/>
      </symbol>
      <symbol id="sm-417">
         <name>_register_unlock</name>
         <value>0x3fcd</value>
         <object_component_ref idref="oc-1bc"/>
      </symbol>
      <symbol id="sm-42c">
         <name>_args_main</name>
         <value>0x3f75</value>
         <object_component_ref idref="oc-81"/>
      </symbol>
      <symbol id="sm-457">
         <name>__TI_auto_init</name>
         <value>0x32e5</value>
         <object_component_ref idref="oc-7b"/>
      </symbol>
      <symbol id="sm-471">
         <name>copy_in</name>
         <value>0x39d9</value>
         <object_component_ref idref="oc-dc"/>
      </symbol>
      <symbol id="sm-47c">
         <name>_ctypes_</name>
         <value>0x45c8</value>
         <object_component_ref idref="oc-103"/>
      </symbol>
      <symbol id="sm-484">
         <name>errno</name>
         <value>0x200006a0</value>
         <object_component_ref idref="oc-300"/>
      </symbol>
      <symbol id="sm-4a6">
         <name>__aeabi_cdcmpeq</name>
         <value>0x30d9</value>
         <object_component_ref idref="oc-2e0"/>
      </symbol>
      <symbol id="sm-4a7">
         <name>__aeabi_cdcmple</name>
         <value>0x30d9</value>
         <object_component_ref idref="oc-2e0"/>
      </symbol>
      <symbol id="sm-4a8">
         <name>__aeabi_cdrcmple</name>
         <value>0x315f</value>
         <object_component_ref idref="oc-3f4"/>
      </symbol>
      <symbol id="sm-4b2">
         <name>__aeabi_d2iz</name>
         <value>0x3ab9</value>
         <object_component_ref idref="oc-2d0"/>
      </symbol>
      <symbol id="sm-4bc">
         <name>__aeabi_i2d</name>
         <value>0x3d7f</value>
         <object_component_ref idref="oc-2db"/>
      </symbol>
      <symbol id="sm-4d2">
         <name>__kernel_cos</name>
         <value>0x22e5</value>
         <object_component_ref idref="oc-2eb"/>
      </symbol>
      <symbol id="sm-53e">
         <name>__kernel_rem_pio2</name>
         <value>0x26d</value>
         <object_component_ref idref="oc-2e5"/>
      </symbol>
      <symbol id="sm-555">
         <name>__kernel_sin</name>
         <value>0x2171</value>
         <object_component_ref idref="oc-2d5"/>
      </symbol>
      <symbol id="sm-573">
         <name>__kernel_tan</name>
         <value>0x1471</value>
         <object_component_ref idref="oc-2fa"/>
      </symbol>
      <symbol id="sm-592">
         <name>floorl</name>
         <value>0x29c1</value>
         <object_component_ref idref="oc-3ee"/>
      </symbol>
      <symbol id="sm-593">
         <name>floor</name>
         <value>0x29c1</value>
         <object_component_ref idref="oc-3ee"/>
      </symbol>
      <symbol id="sm-5b1">
         <name>scalbn</name>
         <value>0x28c5</value>
         <object_component_ref idref="oc-3e8"/>
      </symbol>
      <symbol id="sm-5b2">
         <name>scalbnl</name>
         <value>0x28c5</value>
         <object_component_ref idref="oc-3e8"/>
      </symbol>
      <symbol id="sm-5b3">
         <name>ldexpl</name>
         <value>0x28c5</value>
         <object_component_ref idref="oc-3e8"/>
      </symbol>
      <symbol id="sm-5b4">
         <name>ldexp</name>
         <value>0x28c5</value>
         <object_component_ref idref="oc-3e8"/>
      </symbol>
      <symbol id="sm-5be">
         <name>_system_post_cinit</name>
         <value>0x37ab</value>
         <object_component_ref idref="oc-e2"/>
      </symbol>
      <symbol id="sm-5ca">
         <name>copysign</name>
         <value>0x3fe1</value>
         <object_component_ref idref="oc-471"/>
      </symbol>
      <symbol id="sm-5cb">
         <name>copysignl</name>
         <value>0x3fe1</value>
         <object_component_ref idref="oc-471"/>
      </symbol>
      <symbol id="sm-5d7">
         <name>FPULazyStackingEnable</name>
         <value>0x4051</value>
         <object_component_ref idref="oc-126"/>
      </symbol>
      <symbol id="sm-629">
         <name>GPIOPinConfigure</name>
         <value>0x3a71</value>
         <object_component_ref idref="oc-27e"/>
      </symbol>
      <symbol id="sm-62a">
         <name>GPIOPinTypeI2CSCL</name>
         <value>0x401b</value>
         <object_component_ref idref="oc-284"/>
      </symbol>
      <symbol id="sm-62b">
         <name>GPIOPinTypeI2C</name>
         <value>0x4009</value>
         <object_component_ref idref="oc-28a"/>
      </symbol>
      <symbol id="sm-62c">
         <name>GPIOPinTypeUART</name>
         <value>0x402d</value>
         <object_component_ref idref="oc-225"/>
      </symbol>
      <symbol id="sm-62d">
         <name>GPIOPinTypeGPIOOutput</name>
         <value>0x3f15</value>
         <object_component_ref idref="oc-24a"/>
      </symbol>
      <symbol id="sm-62e">
         <name>GPIODirModeSet</name>
         <value>0x3dd9</value>
         <object_component_ref idref="oc-38d"/>
      </symbol>
      <symbol id="sm-62f">
         <name>GPIOPinWrite</name>
         <value>0x4147</value>
         <object_component_ref idref="oc-174"/>
      </symbol>
      <symbol id="sm-630">
         <name>GPIOPadConfigSet</name>
         <value>0x2587</value>
         <object_component_ref idref="oc-393"/>
      </symbol>
      <symbol id="sm-67b">
         <name>I2CMasterDataPut</name>
         <value>0x4163</value>
         <object_component_ref idref="oc-311"/>
      </symbol>
      <symbol id="sm-67c">
         <name>I2CMasterInitExpClk</name>
         <value>0x38f5</value>
         <object_component_ref idref="oc-296"/>
      </symbol>
      <symbol id="sm-67d">
         <name>I2CMasterSlaveAddrSet</name>
         <value>0x412f</value>
         <object_component_ref idref="oc-30b"/>
      </symbol>
      <symbol id="sm-67e">
         <name>I2CMasterErr</name>
         <value>0x3fa3</value>
         <object_component_ref idref="oc-41d"/>
      </symbol>
      <symbol id="sm-67f">
         <name>I2CMasterControl</name>
         <value>0x415f</value>
         <object_component_ref idref="oc-317"/>
      </symbol>
      <symbol id="sm-680">
         <name>I2CMasterBusy</name>
         <value>0x4127</value>
         <object_component_ref idref="oc-417"/>
      </symbol>
      <symbol id="sm-681">
         <name>I2CMasterEnable</name>
         <value>0x4101</value>
         <object_component_ref idref="oc-29c"/>
      </symbol>
      <symbol id="sm-682">
         <name>I2CMasterDisable</name>
         <value>0x40f7</value>
         <object_component_ref idref="oc-290"/>
      </symbol>
      <symbol id="sm-6cd">
         <name>IntEnable</name>
         <value>0x3501</value>
         <object_component_ref idref="oc-237"/>
      </symbol>
      <symbol id="sm-6ce">
         <name>IntRegister</name>
         <value>0x3cb9</value>
         <object_component_ref idref="oc-3b2"/>
      </symbol>
      <symbol id="sm-6cf">
         <name>IntMasterDisable</name>
         <value>0x4061</value>
         <object_component_ref idref="oc-138"/>
      </symbol>
      <symbol id="sm-6d0">
         <name>g_pfnRAMVectors</name>
         <value>0x20000000</value>
         <object_component_ref idref="oc-45f"/>
      </symbol>
      <symbol id="sm-6d1">
         <name>IntMasterEnable</name>
         <value>0x4071</value>
         <object_component_ref idref="oc-16e"/>
      </symbol>
      <symbol id="sm-73a">
         <name>SysCtlClockSet</name>
         <value>0x2ab9</value>
         <object_component_ref idref="oc-12c"/>
      </symbol>
      <symbol id="sm-73b">
         <name>SysCtlDelay</name>
         <value>0x4159</value>
         <object_component_ref idref="oc-1e3"/>
      </symbol>
      <symbol id="sm-73c">
         <name>SysCtlPeripheralEnable</name>
         <value>0x3ced</value>
         <object_component_ref idref="oc-213"/>
      </symbol>
      <symbol id="sm-73d">
         <name>SysCtlClockGet</name>
         <value>0x26b9</value>
         <object_component_ref idref="oc-22b"/>
      </symbol>
      <symbol id="sm-73e">
         <name>SysCtlPeripheralReady</name>
         <value>0x3c49</value>
         <object_component_ref idref="oc-219"/>
      </symbol>
      <symbol id="sm-73f">
         <name>SysCtlPeripheralReset</name>
         <value>0x3855</value>
         <object_component_ref idref="oc-278"/>
      </symbol>
      <symbol id="sm-7a4">
         <name>TimerLoadSet</name>
         <value>0x403f</value>
         <object_component_ref idref="oc-25d"/>
      </symbol>
      <symbol id="sm-7a5">
         <name>TimerDisable</name>
         <value>0x3f45</value>
         <object_component_ref idref="oc-251"/>
      </symbol>
      <symbol id="sm-7a6">
         <name>TimerIntRegister</name>
         <value>0x3f5d</value>
         <object_component_ref idref="oc-269"/>
      </symbol>
      <symbol id="sm-7a7">
         <name>TimerEnable</name>
         <value>0x4091</value>
         <object_component_ref idref="oc-26f"/>
      </symbol>
      <symbol id="sm-7a8">
         <name>TimerIntEnable</name>
         <value>0x4137</value>
         <object_component_ref idref="oc-263"/>
      </symbol>
      <symbol id="sm-7a9">
         <name>TimerConfigure</name>
         <value>0x3691</value>
         <object_component_ref idref="oc-257"/>
      </symbol>
      <symbol id="sm-7aa">
         <name>TimerIntClear</name>
         <value>0x4167</value>
         <object_component_ref idref="oc-3ba"/>
      </symbol>
      <symbol id="sm-7fc">
         <name>UARTConfigSetExpClk</name>
         <value>0x3b01</value>
         <object_component_ref idref="oc-231"/>
      </symbol>
      <symbol id="sm-7fd">
         <name>UARTDisable</name>
         <value>0x3e99</value>
         <object_component_ref idref="oc-21f"/>
      </symbol>
      <symbol id="sm-7fe">
         <name>UARTIntEnable</name>
         <value>0x413f</value>
         <object_component_ref idref="oc-23d"/>
      </symbol>
      <symbol id="sm-7ff">
         <name>UARTCharsAvail</name>
         <value>0x40ad</value>
         <object_component_ref idref="oc-ad"/>
      </symbol>
      <symbol id="sm-800">
         <name>UARTCharGetNonBlocking</name>
         <value>0x409f</value>
         <object_component_ref idref="oc-a1"/>
      </symbol>
      <symbol id="sm-801">
         <name>UARTCharPut</name>
         <value>0x410b</value>
         <object_component_ref idref="oc-3d2"/>
      </symbol>
      <symbol id="sm-802">
         <name>UARTEnable</name>
         <value>0x3fb9</value>
         <object_component_ref idref="oc-243"/>
      </symbol>
      <symbol id="sm-803">
         <name>UARTIntClear</name>
         <value>0x416b</value>
         <object_component_ref idref="oc-9b"/>
      </symbol>
      <symbol id="sm-804">
         <name>UARTIntStatus</name>
         <value>0x4115</value>
         <object_component_ref idref="oc-95"/>
      </symbol>
      <symbol id="sm-816">
         <name>CPUcpsie</name>
         <value>0x40d5</value>
         <object_component_ref idref="oc-2c4"/>
      </symbol>
      <symbol id="sm-817">
         <name>CPUcpsid</name>
         <value>0x40c9</value>
         <object_component_ref idref="oc-1f6"/>
      </symbol>
      <symbol id="sm-832">
         <name>GrContextInit</name>
         <value>0x3431</value>
         <object_component_ref idref="oc-13e"/>
      </symbol>
      <symbol id="sm-833">
         <name>g_psDefaultCodePointMapTable</name>
         <value>0x4a4c</value>
         <object_component_ref idref="oc-203"/>
      </symbol>
      <symbol id="sm-841">
         <name>GrRectFill</name>
         <value>0x3053</value>
         <object_component_ref idref="oc-2a3"/>
      </symbol>
      <symbol id="sm-8e4">
         <name>GrFontInfoGet</name>
         <value>0x3e2b</value>
         <object_component_ref idref="oc-35e"/>
      </symbol>
      <symbol id="sm-8e5">
         <name>GrDefaultStringRenderer</name>
         <value>0x2e3f</value>
         <object_component_ref idref="oc-1fd"/>
      </symbol>
      <symbol id="sm-8e6">
         <name>GrFontGlyphRender</name>
         <value>0x19ed</value>
         <object_component_ref idref="oc-370"/>
      </symbol>
      <symbol id="sm-8e7">
         <name>GrContextFontSet</name>
         <value>0x414d</value>
         <object_component_ref idref="oc-144"/>
      </symbol>
      <symbol id="sm-8e8">
         <name>GrFontGlyphDataGet</name>
         <value>0x3e75</value>
         <object_component_ref idref="oc-36a"/>
      </symbol>
      <symbol id="sm-8e9">
         <name>GrStringDraw</name>
         <value>0x3f8d</value>
         <object_component_ref idref="oc-2b5"/>
      </symbol>
      <symbol id="sm-8ea">
         <name>GrFontCodepageGet</name>
         <value>0x3ed9</value>
         <object_component_ref idref="oc-381"/>
      </symbol>
      <symbol id="sm-8eb">
         <name>GrStringNextCharGet</name>
         <value>0x3d51</value>
         <object_component_ref idref="oc-364"/>
      </symbol>
      <symbol id="sm-8ec">
         <name>GrStringWidthGet</name>
         <value>0x3499</value>
         <object_component_ref idref="oc-2a9"/>
      </symbol>
      <symbol id="sm-8ed">
         <name>GrFontBaselineGet</name>
         <value>0x3dad</value>
         <object_component_ref idref="oc-2af"/>
      </symbol>
      <symbol id="sm-8ff">
         <name>g_sFontFixed6x8</name>
         <value>0x46cc</value>
         <object_component_ref idref="oc-1af"/>
      </symbol>
      <symbol id="sm-90c">
         <name>GrMapISO8859_1_Unicode</name>
         <value>0x411f</value>
         <object_component_ref idref="oc-377"/>
      </symbol>
      <symbol id="sm-90e">
         <name>__TI_static_base__</name>
         <value>0x0</value>
      </symbol>
      <symbol id="sm-911">
         <name>SHT$$INIT_ARRAY$$Limit</name>
         <value>0x0</value>
      </symbol>
      <symbol id="sm-912">
         <name>SHT$$INIT_ARRAY$$Base</name>
         <value>0x0</value>
      </symbol>
   </symbol_table>
   <title>Link successful</title>
</link_info>
