<?xml version="1.0"?>
<link_info>
   <banner>TI ARM Linker PC v16.9.6.LTS</banner>
   <copyright>Copyright (c) 1996-2017 Texas Instruments Incorporated</copyright>
   <link_time>0x5aca5a82</link_time>
   <link_errors>0x0</link_errors>
   <output_file>CEC322_Link_Mena_Lab08.out</output_file>
   <entry_point>
      <name>_c_int00</name>
      <address>0x4225</address>
   </entry_point>
   <input_file_list>
      <input_file id="fl-2">
         <path>.\</path>
         <kind>object</kind>
         <file>Lab8_I2C.obj</file>
         <name>Lab8_I2C.obj</name>
      </input_file>
      <input_file id="fl-3">
         <path>.\</path>
         <kind>object</kind>
         <file>startup_ccs.obj</file>
         <name>startup_ccs.obj</name>
      </input_file>
      <input_file id="fl-4">
         <path>.\drivers\I2C\</path>
         <kind>object</kind>
         <file>personalI2C.obj</file>
         <name>personalI2C.obj</name>
      </input_file>
      <input_file id="fl-5">
         <path>.\drivers\LED\</path>
         <kind>object</kind>
         <file>LED.obj</file>
         <name>LED.obj</name>
      </input_file>
      <input_file id="fl-6">
         <path>.\drivers\MPU\</path>
         <kind>object</kind>
         <file>personalMpu.obj</file>
         <name>personalMpu.obj</name>
      </input_file>
      <input_file id="fl-7">
         <path>.\drivers\OLED\</path>
         <kind>object</kind>
         <file>displays.obj</file>
         <name>displays.obj</name>
      </input_file>
      <input_file id="fl-8">
         <path>.\drivers\Timers\</path>
         <kind>object</kind>
         <file>personalTimers.obj</file>
         <name>personalTimers.obj</name>
      </input_file>
      <input_file id="fl-9">
         <path>.\drivers\UART\</path>
         <kind>object</kind>
         <file>personalUART.obj</file>
         <name>personalUART.obj</name>
      </input_file>
      <input_file id="fl-a">
         <path>.\drivers\</path>
         <kind>object</kind>
         <file>cfal96x64x16.obj</file>
         <name>cfal96x64x16.obj</name>
      </input_file>
      <input_file id="fl-11">
         <kind>object</kind>
         <file>&lt;internal&gt;</file>
         <name>&lt;internal&gt;</name>
      </input_file>
      <input_file id="fl-c7">
         <path>C:\ti\ccsv7\tools\compiler\ti-cgt-arm_16.9.6.LTS\lib\</path>
         <kind>archive</kind>
         <file>rtsv7M4_T_le_v4SPD16_eabi.lib</file>
         <name>boot.obj</name>
      </input_file>
      <input_file id="fl-c8">
         <path>C:\ti\ccsv7\tools\compiler\ti-cgt-arm_16.9.6.LTS\lib\</path>
         <kind>archive</kind>
         <file>rtsv7M4_T_le_v4SPD16_eabi.lib</file>
         <name>copy_decompress_lzss.obj</name>
      </input_file>
      <input_file id="fl-c9">
         <path>C:\ti\ccsv7\tools\compiler\ti-cgt-arm_16.9.6.LTS\lib\</path>
         <kind>archive</kind>
         <file>rtsv7M4_T_le_v4SPD16_eabi.lib</file>
         <name>copy_decompress_none.obj</name>
      </input_file>
      <input_file id="fl-ca">
         <path>C:\ti\ccsv7\tools\compiler\ti-cgt-arm_16.9.6.LTS\lib\</path>
         <kind>archive</kind>
         <file>rtsv7M4_T_le_v4SPD16_eabi.lib</file>
         <name>copy_zero_init.obj</name>
      </input_file>
      <input_file id="fl-cb">
         <path>C:\ti\ccsv7\tools\compiler\ti-cgt-arm_16.9.6.LTS\lib\</path>
         <kind>archive</kind>
         <file>rtsv7M4_T_le_v4SPD16_eabi.lib</file>
         <name>exit.obj</name>
      </input_file>
      <input_file id="fl-cc">
         <path>C:\ti\ccsv7\tools\compiler\ti-cgt-arm_16.9.6.LTS\lib\</path>
         <kind>archive</kind>
         <file>rtsv7M4_T_le_v4SPD16_eabi.lib</file>
         <name>memcpy_t2.obj</name>
      </input_file>
      <input_file id="fl-cd">
         <path>C:\ti\ccsv7\tools\compiler\ti-cgt-arm_16.9.6.LTS\lib\</path>
         <kind>archive</kind>
         <file>rtsv7M4_T_le_v4SPD16_eabi.lib</file>
         <name>memset_t2.obj</name>
      </input_file>
      <input_file id="fl-ce">
         <path>C:\ti\ccsv7\tools\compiler\ti-cgt-arm_16.9.6.LTS\lib\</path>
         <kind>archive</kind>
         <file>rtsv7M4_T_le_v4SPD16_eabi.lib</file>
         <name>mpu_init.obj</name>
      </input_file>
      <input_file id="fl-cf">
         <path>C:\ti\ccsv7\tools\compiler\ti-cgt-arm_16.9.6.LTS\lib\</path>
         <kind>archive</kind>
         <file>rtsv7M4_T_le_v4SPD16_eabi.lib</file>
         <name>pre_init.obj</name>
      </input_file>
      <input_file id="fl-d0">
         <path>C:\ti\ccsv7\tools\compiler\ti-cgt-arm_16.9.6.LTS\lib\</path>
         <kind>archive</kind>
         <file>rtsv7M4_T_le_v4SPD16_eabi.lib</file>
         <name>sprintf.obj</name>
      </input_file>
      <input_file id="fl-d1">
         <path>C:\ti\ccsv7\tools\compiler\ti-cgt-arm_16.9.6.LTS\lib\</path>
         <kind>archive</kind>
         <file>rtsv7M4_T_le_v4SPD16_eabi.lib</file>
         <name>stkdepth_vars.obj</name>
      </input_file>
      <input_file id="fl-d2">
         <path>C:\ti\ccsv7\tools\compiler\ti-cgt-arm_16.9.6.LTS\lib\</path>
         <kind>archive</kind>
         <file>rtsv7M4_T_le_v4SPD16_eabi.lib</file>
         <name>strlen.obj</name>
      </input_file>
      <input_file id="fl-d3">
         <path>C:\ti\ccsv7\tools\compiler\ti-cgt-arm_16.9.6.LTS\lib\</path>
         <kind>archive</kind>
         <file>rtsv7M4_T_le_v4SPD16_eabi.lib</file>
         <name>tolower.obj</name>
      </input_file>
      <input_file id="fl-d4">
         <path>C:\ti\ccsv7\tools\compiler\ti-cgt-arm_16.9.6.LTS\lib\</path>
         <kind>archive</kind>
         <file>rtsv7M4_T_le_v4SPD16_eabi.lib</file>
         <name>_lock.obj</name>
      </input_file>
      <input_file id="fl-d5">
         <path>C:\ti\ccsv7\tools\compiler\ti-cgt-arm_16.9.6.LTS\lib\</path>
         <kind>archive</kind>
         <file>rtsv7M4_T_le_v4SPD16_eabi.lib</file>
         <name>_printfi.obj</name>
      </input_file>
      <input_file id="fl-d6">
         <path>C:\ti\ccsv7\tools\compiler\ti-cgt-arm_16.9.6.LTS\lib\</path>
         <kind>archive</kind>
         <file>rtsv7M4_T_le_v4SPD16_eabi.lib</file>
         <name>args_main.obj</name>
      </input_file>
      <input_file id="fl-d7">
         <path>C:\ti\ccsv7\tools\compiler\ti-cgt-arm_16.9.6.LTS\lib\</path>
         <kind>archive</kind>
         <file>rtsv7M4_T_le_v4SPD16_eabi.lib</file>
         <name>atoi.obj</name>
      </input_file>
      <input_file id="fl-d8">
         <path>C:\ti\ccsv7\tools\compiler\ti-cgt-arm_16.9.6.LTS\lib\</path>
         <kind>archive</kind>
         <file>rtsv7M4_T_le_v4SPD16_eabi.lib</file>
         <name>autoinit.obj</name>
      </input_file>
      <input_file id="fl-d9">
         <path>C:\ti\ccsv7\tools\compiler\ti-cgt-arm_16.9.6.LTS\lib\</path>
         <kind>archive</kind>
         <file>rtsv7M4_T_le_v4SPD16_eabi.lib</file>
         <name>cpy_tbl.obj</name>
      </input_file>
      <input_file id="fl-da">
         <path>C:\ti\ccsv7\tools\compiler\ti-cgt-arm_16.9.6.LTS\lib\</path>
         <kind>archive</kind>
         <file>rtsv7M4_T_le_v4SPD16_eabi.lib</file>
         <name>ctype.obj</name>
      </input_file>
      <input_file id="fl-db">
         <path>C:\ti\ccsv7\tools\compiler\ti-cgt-arm_16.9.6.LTS\lib\</path>
         <kind>archive</kind>
         <file>rtsv7M4_T_le_v4SPD16_eabi.lib</file>
         <name>fd_add_t2.obj</name>
      </input_file>
      <input_file id="fl-dc">
         <path>C:\ti\ccsv7\tools\compiler\ti-cgt-arm_16.9.6.LTS\lib\</path>
         <kind>archive</kind>
         <file>rtsv7M4_T_le_v4SPD16_eabi.lib</file>
         <name>fd_cmp_t2.obj</name>
      </input_file>
      <input_file id="fl-dd">
         <path>C:\ti\ccsv7\tools\compiler\ti-cgt-arm_16.9.6.LTS\lib\</path>
         <kind>archive</kind>
         <file>rtsv7M4_T_le_v4SPD16_eabi.lib</file>
         <name>fd_div_t2.obj</name>
      </input_file>
      <input_file id="fl-de">
         <path>C:\ti\ccsv7\tools\compiler\ti-cgt-arm_16.9.6.LTS\lib\</path>
         <kind>archive</kind>
         <file>rtsv7M4_T_le_v4SPD16_eabi.lib</file>
         <name>fd_mul_t2.obj</name>
      </input_file>
      <input_file id="fl-df">
         <path>C:\ti\ccsv7\tools\compiler\ti-cgt-arm_16.9.6.LTS\lib\</path>
         <kind>archive</kind>
         <file>rtsv7M4_T_le_v4SPD16_eabi.lib</file>
         <name>fd_toi_t2.obj</name>
      </input_file>
      <input_file id="fl-e0">
         <path>C:\ti\ccsv7\tools\compiler\ti-cgt-arm_16.9.6.LTS\lib\</path>
         <kind>archive</kind>
         <file>rtsv7M4_T_le_v4SPD16_eabi.lib</file>
         <name>i_tofd_t2.obj</name>
      </input_file>
      <input_file id="fl-e1">
         <path>C:\ti\ccsv7\tools\compiler\ti-cgt-arm_16.9.6.LTS\lib\</path>
         <kind>archive</kind>
         <file>rtsv7M4_T_le_v4SPD16_eabi.lib</file>
         <name>ltoa.obj</name>
      </input_file>
      <input_file id="fl-e2">
         <path>C:\ti\ccsv7\tools\compiler\ti-cgt-arm_16.9.6.LTS\lib\</path>
         <kind>archive</kind>
         <file>rtsv7M4_T_le_v4SPD16_eabi.lib</file>
         <name>memccpy.obj</name>
      </input_file>
      <input_file id="fl-e3">
         <path>C:\ti\ccsv7\tools\compiler\ti-cgt-arm_16.9.6.LTS\lib\</path>
         <kind>archive</kind>
         <file>rtsv7M4_T_le_v4SPD16_eabi.lib</file>
         <name>s_frexp.obj</name>
      </input_file>
      <input_file id="fl-e4">
         <path>C:\ti\ccsv7\tools\compiler\ti-cgt-arm_16.9.6.LTS\lib\</path>
         <kind>archive</kind>
         <file>rtsv7M4_T_le_v4SPD16_eabi.lib</file>
         <name>s_scalbn.obj</name>
      </input_file>
      <input_file id="fl-e5">
         <path>C:\ti\ccsv7\tools\compiler\ti-cgt-arm_16.9.6.LTS\lib\</path>
         <kind>archive</kind>
         <file>rtsv7M4_T_le_v4SPD16_eabi.lib</file>
         <name>startup.obj</name>
      </input_file>
      <input_file id="fl-e6">
         <path>C:\ti\ccsv7\tools\compiler\ti-cgt-arm_16.9.6.LTS\lib\</path>
         <kind>archive</kind>
         <file>rtsv7M4_T_le_v4SPD16_eabi.lib</file>
         <name>strchr.obj</name>
      </input_file>
      <input_file id="fl-e7">
         <path>C:\ti\ccsv7\tools\compiler\ti-cgt-arm_16.9.6.LTS\lib\</path>
         <kind>archive</kind>
         <file>rtsv7M4_T_le_v4SPD16_eabi.lib</file>
         <name>ull_div_t2.obj</name>
      </input_file>
      <input_file id="fl-e8">
         <path>C:\ti\ccsv7\tools\compiler\ti-cgt-arm_16.9.6.LTS\lib\</path>
         <kind>archive</kind>
         <file>rtsv7M4_T_le_v4SPD16_eabi.lib</file>
         <name>errno.obj</name>
      </input_file>
      <input_file id="fl-e9">
         <path>C:\ti\ccsv7\tools\compiler\ti-cgt-arm_16.9.6.LTS\lib\</path>
         <kind>archive</kind>
         <file>rtsv7M4_T_le_v4SPD16_eabi.lib</file>
         <name>s_copysign.obj</name>
      </input_file>
      <input_file id="fl-ea">
         <path>C:\ti\TivaWare_C_Series-2.1.3.156\sensorlib\ewarm\Exe\</path>
         <kind>archive</kind>
         <file>sensorlib.a</file>
         <name>i2cm_drv.o</name>
      </input_file>
      <input_file id="fl-eb">
         <path>C:\ti\TivaWare_C_Series-2.1.3.156\sensorlib\ewarm\Exe\</path>
         <kind>archive</kind>
         <file>sensorlib.a</file>
         <name>mpu9150.o</name>
      </input_file>
      <input_file id="fl-ec">
         <path>C:\ti\TivaWare_C_Series-2.1.3.156\driverlib\ccs\Debug\</path>
         <kind>archive</kind>
         <file>driverlib.lib</file>
         <name>fpu.obj</name>
      </input_file>
      <input_file id="fl-ed">
         <path>C:\ti\TivaWare_C_Series-2.1.3.156\driverlib\ccs\Debug\</path>
         <kind>archive</kind>
         <file>driverlib.lib</file>
         <name>gpio.obj</name>
      </input_file>
      <input_file id="fl-ee">
         <path>C:\ti\TivaWare_C_Series-2.1.3.156\driverlib\ccs\Debug\</path>
         <kind>archive</kind>
         <file>driverlib.lib</file>
         <name>i2c.obj</name>
      </input_file>
      <input_file id="fl-ef">
         <path>C:\ti\TivaWare_C_Series-2.1.3.156\driverlib\ccs\Debug\</path>
         <kind>archive</kind>
         <file>driverlib.lib</file>
         <name>interrupt.obj</name>
      </input_file>
      <input_file id="fl-f0">
         <path>C:\ti\TivaWare_C_Series-2.1.3.156\driverlib\ccs\Debug\</path>
         <kind>archive</kind>
         <file>driverlib.lib</file>
         <name>sysctl.obj</name>
      </input_file>
      <input_file id="fl-f1">
         <path>C:\ti\TivaWare_C_Series-2.1.3.156\driverlib\ccs\Debug\</path>
         <kind>archive</kind>
         <file>driverlib.lib</file>
         <name>timer.obj</name>
      </input_file>
      <input_file id="fl-f2">
         <path>C:\ti\TivaWare_C_Series-2.1.3.156\driverlib\ccs\Debug\</path>
         <kind>archive</kind>
         <file>driverlib.lib</file>
         <name>uart.obj</name>
      </input_file>
      <input_file id="fl-f3">
         <path>C:\ti\TivaWare_C_Series-2.1.3.156\driverlib\ccs\Debug\</path>
         <kind>archive</kind>
         <file>driverlib.lib</file>
         <name>cpu.obj</name>
      </input_file>
      <input_file id="fl-f4">
         <path>C:\ti\TivaWare_C_Series-2.1.3.156\grlib\ccs\Debug\</path>
         <kind>archive</kind>
         <file>grlib.lib</file>
         <name>circle.obj</name>
      </input_file>
      <input_file id="fl-f5">
         <path>C:\ti\TivaWare_C_Series-2.1.3.156\grlib\ccs\Debug\</path>
         <kind>archive</kind>
         <file>grlib.lib</file>
         <name>context.obj</name>
      </input_file>
      <input_file id="fl-f6">
         <path>C:\ti\TivaWare_C_Series-2.1.3.156\grlib\ccs\Debug\</path>
         <kind>archive</kind>
         <file>grlib.lib</file>
         <name>line.obj</name>
      </input_file>
      <input_file id="fl-f7">
         <path>C:\ti\TivaWare_C_Series-2.1.3.156\grlib\ccs\Debug\</path>
         <kind>archive</kind>
         <file>grlib.lib</file>
         <name>rectangle.obj</name>
      </input_file>
      <input_file id="fl-f8">
         <path>C:\ti\TivaWare_C_Series-2.1.3.156\grlib\ccs\Debug\</path>
         <kind>archive</kind>
         <file>grlib.lib</file>
         <name>string.obj</name>
      </input_file>
      <input_file id="fl-f9">
         <path>C:\ti\TivaWare_C_Series-2.1.3.156\grlib\ccs\Debug\</path>
         <kind>archive</kind>
         <file>grlib.lib</file>
         <name>fontfixed6x8.obj</name>
      </input_file>
      <input_file id="fl-fa">
         <path>C:\ti\TivaWare_C_Series-2.1.3.156\grlib\ccs\Debug\</path>
         <kind>archive</kind>
         <file>grlib.lib</file>
         <name>charmap.obj</name>
      </input_file>
      <input_file id="fl-fb">
         <path>C:\ti\ccsv7\tools\compiler\ti-cgt-arm_16.9.6.LTS\lib\</path>
         <kind>archive</kind>
         <file>rtsv7M4_T_le_v4SPD16_eabi.lib</file>
         <name>fd_tos_t2.obj</name>
      </input_file>
      <input_file id="fl-fc">
         <path>C:\ti\ccsv7\tools\compiler\ti-cgt-arm_16.9.6.LTS\lib\</path>
         <kind>archive</kind>
         <file>rtsv7M4_T_le_v4SPD16_eabi.lib</file>
         <name>fs_tod_t2.obj</name>
      </input_file>
   </input_file_list>
   <object_component_list>
      <object_component id="oc-f">
         <name>.intvecs</name>
         <load_address>0x0</load_address>
         <run_address>0x0</run_address>
         <size>0x26c</size>
         <input_file_ref idref="fl-3"/>
      </object_component>
      <object_component id="oc-54b">
         <name>.text</name>
         <load_address>0x26c</load_address>
         <run_address>0x26c</run_address>
         <size>0x113e</size>
         <input_file_ref idref="fl-d5"/>
      </object_component>
      <object_component id="oc-37">
         <name>.text:FaultISR</name>
         <load_address>0x13aa</load_address>
         <run_address>0x13aa</run_address>
         <size>0x2</size>
         <input_file_ref idref="fl-3"/>
      </object_component>
      <object_component id="oc-33c">
         <name>.text</name>
         <load_address>0x13ac</load_address>
         <run_address>0x13ac</run_address>
         <size>0x678</size>
         <input_file_ref idref="fl-ea"/>
      </object_component>
      <object_component id="oc-173">
         <name>.text</name>
         <load_address>0x1a24</load_address>
         <run_address>0x1a24</run_address>
         <size>0x480</size>
         <input_file_ref idref="fl-eb"/>
      </object_component>
      <object_component id="oc-465">
         <name>.text:GrFontGlyphRender</name>
         <load_address>0x1ea4</load_address>
         <run_address>0x1ea4</run_address>
         <size>0x254</size>
         <input_file_ref idref="fl-f8"/>
      </object_component>
      <object_component id="oc-3f2">
         <name>.text:GrCircleDraw</name>
         <load_address>0x20f8</load_address>
         <run_address>0x20f8</run_address>
         <size>0x208</size>
         <input_file_ref idref="fl-f4"/>
      </object_component>
      <object_component id="oc-5c1">
         <name>.text</name>
         <load_address>0x2300</load_address>
         <run_address>0x2300</run_address>
         <size>0x1f4</size>
         <input_file_ref idref="fl-e7"/>
      </object_component>
      <object_component id="oc-40a">
         <name>.text:CFAL96x64x16PixelDrawMultiple</name>
         <load_address>0x24f4</load_address>
         <run_address>0x24f4</run_address>
         <size>0x1be</size>
         <input_file_ref idref="fl-a"/>
      </object_component>
      <object_component id="oc-3d">
         <name>.text:IntDefaultHandler</name>
         <load_address>0x26b2</load_address>
         <run_address>0x26b2</run_address>
         <size>0x2</size>
         <input_file_ref idref="fl-3"/>
      </object_component>
      <object_component id="oc-125">
         <name>.text:CFAL96x64x16Init</name>
         <load_address>0x26b4</load_address>
         <run_address>0x26b4</run_address>
         <size>0x1b8</size>
         <input_file_ref idref="fl-a"/>
      </object_component>
      <object_component id="oc-e4">
         <name>.text:main</name>
         <load_address>0x286c</load_address>
         <run_address>0x286c</run_address>
         <size>0x1b8</size>
         <input_file_ref idref="fl-2"/>
      </object_component>
      <object_component id="oc-5e5">
         <name>.text</name>
         <load_address>0x2a24</load_address>
         <run_address>0x2a24</run_address>
         <size>0x1b6</size>
         <input_file_ref idref="fl-db"/>
      </object_component>
      <object_component id="oc-5cb">
         <name>.text</name>
         <load_address>0x2bda</load_address>
         <run_address>0x2bda</run_address>
         <size>0x136</size>
         <input_file_ref idref="fl-dd"/>
      </object_component>
      <object_component id="oc-488">
         <name>.text:GPIOPadConfigSet</name>
         <load_address>0x2d10</load_address>
         <run_address>0x2d10</run_address>
         <size>0x132</size>
         <input_file_ref idref="fl-ed"/>
      </object_component>
      <object_component id="oc-31">
         <name>.text:NmiSR</name>
         <load_address>0x2e42</load_address>
         <run_address>0x2e42</run_address>
         <size>0x2</size>
         <input_file_ref idref="fl-3"/>
      </object_component>
      <object_component id="oc-289">
         <name>.text:SysCtlClockGet</name>
         <load_address>0x2e44</load_address>
         <run_address>0x2e44</run_address>
         <size>0x110</size>
         <input_file_ref idref="fl-f0"/>
      </object_component>
      <object_component id="oc-3d1">
         <name>.text</name>
         <load_address>0x2f54</load_address>
         <run_address>0x2f54</run_address>
         <size>0xfc</size>
         <input_file_ref idref="fl-de"/>
      </object_component>
      <object_component id="oc-5f0">
         <name>.text</name>
         <load_address>0x3050</load_address>
         <run_address>0x3050</run_address>
         <size>0xfc</size>
         <input_file_ref idref="fl-e4"/>
      </object_component>
      <object_component id="oc-11f">
         <name>.text:SysCtlClockSet</name>
         <load_address>0x314c</load_address>
         <run_address>0x314c</run_address>
         <size>0xf4</size>
         <input_file_ref idref="fl-f0"/>
      </object_component>
      <object_component id="oc-1f0">
         <name>.text:displayInfoOnBoard</name>
         <load_address>0x3240</load_address>
         <run_address>0x3240</run_address>
         <size>0xe8</size>
         <input_file_ref idref="fl-7"/>
      </object_component>
      <object_component id="oc-161">
         <name>.text:diplaySplashOnOLED</name>
         <load_address>0x3328</load_address>
         <run_address>0x3328</run_address>
         <size>0xe4</size>
         <input_file_ref idref="fl-7"/>
      </object_component>
      <object_component id="oc-14f">
         <name>.text:setupI2C</name>
         <load_address>0x340c</load_address>
         <run_address>0x340c</run_address>
         <size>0xdc</size>
         <input_file_ref idref="fl-4"/>
      </object_component>
      <object_component id="oc-416">
         <name>.text:CFAL96x64x16LineDrawV</name>
         <load_address>0x34e8</load_address>
         <run_address>0x34e8</run_address>
         <size>0xd8</size>
         <input_file_ref idref="fl-a"/>
      </object_component>
      <object_component id="oc-25b">
         <name>.text:GrDefaultStringRenderer</name>
         <load_address>0x35c0</load_address>
         <run_address>0x35c0</run_address>
         <size>0xc0</size>
         <input_file_ref idref="fl-f8"/>
      </object_component>
      <object_component id="oc-410">
         <name>.text:CFAL96x64x16LineDrawH</name>
         <load_address>0x3680</load_address>
         <run_address>0x3680</run_address>
         <size>0xb8</size>
         <input_file_ref idref="fl-a"/>
      </object_component>
      <object_component id="oc-1ea">
         <name>.text:floatToString</name>
         <load_address>0x3738</load_address>
         <run_address>0x3738</run_address>
         <size>0xa4</size>
         <input_file_ref idref="fl-7"/>
      </object_component>
      <object_component id="oc-57">
         <name>.text</name>
         <load_address>0x37dc</load_address>
         <run_address>0x37dc</run_address>
         <size>0x9c</size>
         <input_file_ref idref="fl-cc"/>
      </object_component>
      <object_component id="oc-39a">
         <name>.text:GrRectFill</name>
         <load_address>0x3878</load_address>
         <run_address>0x3878</run_address>
         <size>0x86</size>
         <input_file_ref idref="fl-f7"/>
      </object_component>
      <object_component id="oc-5c6">
         <name>.text:__aeabi_cdcmple</name>
         <load_address>0x38fe</load_address>
         <run_address>0x38fe</run_address>
         <size>0x86</size>
         <input_file_ref idref="fl-dc"/>
      </object_component>
      <object_component id="oc-5d0">
         <name>.text:__aeabi_cdrcmple</name>
         <load_address>0x3984</load_address>
         <run_address>0x3984</run_address>
         <size>0x86</size>
         <input_file_ref idref="fl-dc"/>
      </object_component>
      <object_component id="oc-6f">
         <name>.text</name>
         <load_address>0x3a0a</load_address>
         <run_address>0x3a0a</run_address>
         <size>0x2</size>
         <input_file_ref idref="fl-ce"/>
      </object_component>
      <object_component id="oc-1de">
         <name>.text:drawCrossCenterd</name>
         <load_address>0x3a0c</load_address>
         <run_address>0x3a0c</run_address>
         <size>0x7c</size>
         <input_file_ref idref="fl-7"/>
      </object_component>
      <object_component id="oc-63">
         <name>.text</name>
         <load_address>0x3a88</load_address>
         <run_address>0x3a88</run_address>
         <size>0x7a</size>
         <input_file_ref idref="fl-cd"/>
      </object_component>
      <object_component id="oc-dc">
         <name>.text</name>
         <load_address>0x3b02</load_address>
         <run_address>0x3b02</run_address>
         <size>0x2</size>
         <input_file_ref idref="fl-e5"/>
      </object_component>
      <object_component id="oc-7b">
         <name>.text</name>
         <load_address>0x3b04</load_address>
         <run_address>0x3b04</run_address>
         <size>0x70</size>
         <input_file_ref idref="fl-d8"/>
      </object_component>
      <object_component id="oc-15b">
         <name>.text:setupMPU</name>
         <load_address>0x3b74</load_address>
         <run_address>0x3b74</run_address>
         <size>0x70</size>
         <input_file_ref idref="fl-6"/>
      </object_component>
      <object_component id="oc-13d">
         <name>.text:setupUART</name>
         <load_address>0x3be4</load_address>
         <run_address>0x3be4</run_address>
         <size>0x70</size>
         <input_file_ref idref="fl-9"/>
      </object_component>
      <object_component id="oc-3cc">
         <name>.text</name>
         <load_address>0x3c54</load_address>
         <run_address>0x3c54</run_address>
         <size>0x6e</size>
         <input_file_ref idref="fl-fb"/>
      </object_component>
      <object_component id="oc-131">
         <name>.text:GrContextInit</name>
         <load_address>0x3cc4</load_address>
         <run_address>0x3cc4</run_address>
         <size>0x68</size>
         <input_file_ref idref="fl-f5"/>
      </object_component>
      <object_component id="oc-3a0">
         <name>.text:GrStringWidthGet</name>
         <load_address>0x3d2c</load_address>
         <run_address>0x3d2c</run_address>
         <size>0x68</size>
         <input_file_ref idref="fl-f8"/>
      </object_component>
      <object_component id="oc-507">
         <name>.text:IntDisable</name>
         <load_address>0x3d94</load_address>
         <run_address>0x3d94</run_address>
         <size>0x68</size>
         <input_file_ref idref="fl-ef"/>
      </object_component>
      <object_component id="oc-295">
         <name>.text:IntEnable</name>
         <load_address>0x3dfc</load_address>
         <run_address>0x3dfc</run_address>
         <size>0x68</size>
         <input_file_ref idref="fl-ef"/>
      </object_component>
      <object_component id="oc-12">
         <name>.text:decompress:lzss</name>
         <load_address>0x3e64</load_address>
         <run_address>0x3e64</run_address>
         <size>0x68</size>
         <input_file_ref idref="fl-c8"/>
      </object_component>
      <object_component id="oc-501">
         <name>.text:IntIsEnabled</name>
         <load_address>0x3ecc</load_address>
         <run_address>0x3ecc</run_address>
         <size>0x64</size>
         <input_file_ref idref="fl-ef"/>
      </object_component>
      <object_component id="oc-5ea">
         <name>.text</name>
         <load_address>0x3f30</load_address>
         <run_address>0x3f30</run_address>
         <size>0x64</size>
         <input_file_ref idref="fl-e3"/>
      </object_component>
      <object_component id="oc-23f">
         <name>.text:CFAL96x64x16WriteCommand</name>
         <load_address>0x3f94</load_address>
         <run_address>0x3f94</run_address>
         <size>0x60</size>
         <input_file_ref idref="fl-a"/>
      </object_component>
      <object_component id="oc-558">
         <name>.text:CFAL96x64x16WriteData</name>
         <load_address>0x3ff4</load_address>
         <run_address>0x3ff4</run_address>
         <size>0x60</size>
         <input_file_ref idref="fl-a"/>
      </object_component>
      <object_component id="oc-2b5">
         <name>.text:TimerConfigure</name>
         <load_address>0x4054</load_address>
         <run_address>0x4054</run_address>
         <size>0x60</size>
         <input_file_ref idref="fl-f1"/>
      </object_component>
      <object_component id="oc-3f9">
         <name>.text</name>
         <load_address>0x40b4</load_address>
         <run_address>0x40b4</run_address>
         <size>0x60</size>
         <input_file_ref idref="fl-d0"/>
      </object_component>
      <object_component id="oc-149">
         <name>.text:setupTimers</name>
         <load_address>0x4114</load_address>
         <run_address>0x4114</run_address>
         <size>0x60</size>
         <input_file_ref idref="fl-8"/>
      </object_component>
      <object_component id="oc-571">
         <name>.text:FontWideGlyphDataGet</name>
         <load_address>0x4174</load_address>
         <run_address>0x4174</run_address>
         <size>0x5a</size>
         <input_file_ref idref="fl-f8"/>
      </object_component>
      <object_component id="oc-304">
         <name>.text:GPIOIntTypeSet</name>
         <load_address>0x41ce</load_address>
         <run_address>0x41ce</run_address>
         <size>0x56</size>
         <input_file_ref idref="fl-ed"/>
      </object_component>
      <object_component id="oc-24">
         <name>.text</name>
         <load_address>0x4224</load_address>
         <run_address>0x4224</run_address>
         <size>0x54</size>
         <input_file_ref idref="fl-c7"/>
      </object_component>
      <object_component id="oc-87">
         <name>.text</name>
         <load_address>0x4278</load_address>
         <run_address>0x4278</run_address>
         <size>0x54</size>
         <input_file_ref idref="fl-cb"/>
      </object_component>
      <object_component id="oc-5da">
         <name>.text</name>
         <load_address>0x42cc</load_address>
         <run_address>0x42cc</run_address>
         <size>0x54</size>
         <input_file_ref idref="fl-e1"/>
      </object_component>
      <object_component id="oc-2da">
         <name>.text:SysCtlPeripheralReset</name>
         <load_address>0x4320</load_address>
         <run_address>0x4320</run_address>
         <size>0x50</size>
         <input_file_ref idref="fl-f0"/>
      </object_component>
      <object_component id="oc-167">
         <name>.text:printMainMenu</name>
         <load_address>0x4370</load_address>
         <run_address>0x4370</run_address>
         <size>0x50</size>
         <input_file_ref idref="fl-9"/>
      </object_component>
      <object_component id="oc-404">
         <name>.text:CFAL96x64x16PixelDraw</name>
         <load_address>0x43c0</load_address>
         <run_address>0x43c0</run_address>
         <size>0x4e</size>
         <input_file_ref idref="fl-a"/>
      </object_component>
      <object_component id="oc-310">
         <name>.text:I2CMasterInitExpClk</name>
         <load_address>0x4410</load_address>
         <run_address>0x4410</run_address>
         <size>0x4c</size>
         <input_file_ref idref="fl-ee"/>
      </object_component>
      <object_component id="oc-4a1">
         <name>.text:_TimerIntNumberGet</name>
         <load_address>0x445c</load_address>
         <run_address>0x445c</run_address>
         <size>0x4c</size>
         <input_file_ref idref="fl-f1"/>
      </object_component>
      <object_component id="oc-1d8">
         <name>.text:clearBlack</name>
         <load_address>0x44a8</load_address>
         <run_address>0x44a8</run_address>
         <size>0x4c</size>
         <input_file_ref idref="fl-7"/>
      </object_component>
      <object_component id="oc-5fc">
         <name>.text</name>
         <load_address>0x44f4</load_address>
         <run_address>0x44f4</run_address>
         <size>0x4c</size>
         <input_file_ref idref="fl-d7"/>
      </object_component>
      <object_component id="oc-d6">
         <name>.text</name>
         <load_address>0x4540</load_address>
         <run_address>0x4540</run_address>
         <size>0x4c</size>
         <input_file_ref idref="fl-d9"/>
      </object_component>
      <object_component id="oc-268">
         <name>.text:UpdateContextCharMapping</name>
         <load_address>0x458c</load_address>
         <run_address>0x458c</run_address>
         <size>0x4a</size>
         <input_file_ref idref="fl-f8"/>
      </object_component>
      <object_component id="oc-2e6">
         <name>.text:GPIOPinConfigure</name>
         <load_address>0x45d8</load_address>
         <run_address>0x45d8</run_address>
         <size>0x48</size>
         <input_file_ref idref="fl-ed"/>
      </object_component>
      <object_component id="oc-5d5">
         <name>.text</name>
         <load_address>0x4620</load_address>
         <run_address>0x4620</run_address>
         <size>0x48</size>
         <input_file_ref idref="fl-df"/>
      </object_component>
      <object_component id="oc-3e5">
         <name>.text:GrLineDrawH</name>
         <load_address>0x4668</load_address>
         <run_address>0x4668</run_address>
         <size>0x46</size>
         <input_file_ref idref="fl-f6"/>
      </object_component>
      <object_component id="oc-3eb">
         <name>.text:GrLineDrawV</name>
         <load_address>0x46ae</load_address>
         <run_address>0x46ae</run_address>
         <size>0x46</size>
         <input_file_ref idref="fl-f6"/>
      </object_component>
      <object_component id="oc-28f">
         <name>.text:UARTConfigSetExpClk</name>
         <load_address>0x46f4</load_address>
         <run_address>0x46f4</run_address>
         <size>0x46</size>
         <input_file_ref idref="fl-f2"/>
      </object_component>
      <object_component id="oc-245">
         <name>.text:CFAL96x64x16RectFill</name>
         <load_address>0x473a</load_address>
         <run_address>0x473a</run_address>
         <size>0x44</size>
         <input_file_ref idref="fl-a"/>
      </object_component>
      <object_component id="oc-4c3">
         <name>.text:_GPIOIntNumberGet</name>
         <load_address>0x4780</load_address>
         <run_address>0x4780</run_address>
         <size>0x40</size>
         <input_file_ref idref="fl-ed"/>
      </object_component>
      <object_component id="oc-4cc">
         <name>.text:_I2CIntNumberGet</name>
         <load_address>0x47c0</load_address>
         <run_address>0x47c0</run_address>
         <size>0x40</size>
         <input_file_ref idref="fl-ee"/>
      </object_component>
      <object_component id="oc-43">
         <name>.text:IntUART0</name>
         <load_address>0x4800</load_address>
         <run_address>0x4800</run_address>
         <size>0x3c</size>
         <input_file_ref idref="fl-9"/>
      </object_component>
      <object_component id="oc-1e4">
         <name>.text:drawCircle</name>
         <load_address>0x483c</load_address>
         <run_address>0x483c</run_address>
         <size>0x3c</size>
         <input_file_ref idref="fl-7"/>
      </object_component>
      <object_component id="oc-577">
         <name>.text:FontGlyphDataGet</name>
         <load_address>0x4878</load_address>
         <run_address>0x4878</run_address>
         <size>0x3a</size>
         <input_file_ref idref="fl-f8"/>
      </object_component>
      <object_component id="oc-277">
         <name>.text:SysCtlPeripheralReady</name>
         <load_address>0x48b4</load_address>
         <run_address>0x48b4</run_address>
         <size>0x38</size>
         <input_file_ref idref="fl-f0"/>
      </object_component>
      <object_component id="oc-3d6">
         <name>.text</name>
         <load_address>0x48ec</load_address>
         <run_address>0x48ec</run_address>
         <size>0x38</size>
         <input_file_ref idref="fl-fc"/>
      </object_component>
      <object_component id="oc-4a7">
         <name>.text:IntRegister</name>
         <load_address>0x4924</load_address>
         <run_address>0x4924</run_address>
         <size>0x34</size>
         <input_file_ref idref="fl-ef"/>
      </object_component>
      <object_component id="oc-271">
         <name>.text:SysCtlPeripheralEnable</name>
         <load_address>0x4958</load_address>
         <run_address>0x4958</run_address>
         <size>0x34</size>
         <input_file_ref idref="fl-f0"/>
      </object_component>
      <object_component id="oc-3b3">
         <name>.text:UARTSend</name>
         <load_address>0x498c</load_address>
         <run_address>0x498c</run_address>
         <size>0x30</size>
         <input_file_ref idref="fl-9"/>
      </object_component>
      <object_component id="oc-459">
         <name>.text:GrStringNextCharGet</name>
         <load_address>0x49bc</load_address>
         <run_address>0x49bc</run_address>
         <size>0x2e</size>
         <input_file_ref idref="fl-f8"/>
      </object_component>
      <object_component id="oc-5e0">
         <name>.text</name>
         <load_address>0x49ea</load_address>
         <run_address>0x49ea</run_address>
         <size>0x2e</size>
         <input_file_ref idref="fl-e0"/>
      </object_component>
      <object_component id="oc-3a6">
         <name>.text:GrFontBaselineGet</name>
         <load_address>0x4a18</load_address>
         <run_address>0x4a18</run_address>
         <size>0x2c</size>
         <input_file_ref idref="fl-f8"/>
      </object_component>
      <object_component id="oc-482">
         <name>.text:GPIODirModeSet</name>
         <load_address>0x4a44</load_address>
         <run_address>0x4a44</run_address>
         <size>0x2a</size>
         <input_file_ref idref="fl-ed"/>
      </object_component>
      <object_component id="oc-41c">
         <name>.text:CFAL96x64x16ColorTranslate</name>
         <load_address>0x4a6e</load_address>
         <run_address>0x4a6e</run_address>
         <size>0x28</size>
         <input_file_ref idref="fl-a"/>
      </object_component>
      <object_component id="oc-453">
         <name>.text:GrFontInfoGet</name>
         <load_address>0x4a96</load_address>
         <run_address>0x4a96</run_address>
         <size>0x26</size>
         <input_file_ref idref="fl-f8"/>
      </object_component>
      <object_component id="oc-143">
         <name>.text:setupLED</name>
         <load_address>0x4abc</load_address>
         <run_address>0x4abc</run_address>
         <size>0x24</size>
         <input_file_ref idref="fl-5"/>
      </object_component>
      <object_component id="oc-45f">
         <name>.text:GrFontGlyphDataGet</name>
         <load_address>0x4ae0</load_address>
         <run_address>0x4ae0</run_address>
         <size>0x22</size>
         <input_file_ref idref="fl-f8"/>
      </object_component>
      <object_component id="oc-27d">
         <name>.text:UARTDisable</name>
         <load_address>0x4b04</load_address>
         <run_address>0x4b04</run_address>
         <size>0x20</size>
         <input_file_ref idref="fl-f2"/>
      </object_component>
      <object_component id="oc-3c4">
         <name>.text</name>
         <load_address>0x4b24</load_address>
         <run_address>0x4b24</run_address>
         <size>0x20</size>
         <input_file_ref idref="fl-ea"/>
      </object_component>
      <object_component id="oc-513">
         <name>.text</name>
         <load_address>0x4b44</load_address>
         <run_address>0x4b44</run_address>
         <size>0x20</size>
         <input_file_ref idref="fl-ea"/>
      </object_component>
      <object_component id="oc-476">
         <name>.text:GrFontCodepageGet</name>
         <load_address>0x4b64</load_address>
         <run_address>0x4b64</run_address>
         <size>0x1e</size>
         <input_file_ref idref="fl-f8"/>
      </object_component>
      <object_component id="oc-3bc">
         <name>.text</name>
         <load_address>0x4b82</load_address>
         <run_address>0x4b82</run_address>
         <size>0x1e</size>
         <input_file_ref idref="fl-ea"/>
      </object_component>
      <object_component id="oc-206">
         <name>.text:MPUCallback</name>
         <load_address>0x4ba0</load_address>
         <run_address>0x4ba0</run_address>
         <size>0x1c</size>
         <input_file_ref idref="fl-6"/>
      </object_component>
      <object_component id="oc-328">
         <name>.text:MPUDone</name>
         <load_address>0x4bbc</load_address>
         <run_address>0x4bbc</run_address>
         <size>0x1c</size>
         <input_file_ref idref="fl-6"/>
      </object_component>
      <object_component id="oc-2d3">
         <name>.text:oneSecondTimer</name>
         <load_address>0x4bd8</load_address>
         <run_address>0x4bd8</run_address>
         <size>0x1c</size>
         <input_file_ref idref="fl-8"/>
      </object_component>
      <object_component id="oc-602">
         <name>.text</name>
         <load_address>0x4bf4</load_address>
         <run_address>0x4bf4</run_address>
         <size>0x1c</size>
         <input_file_ref idref="fl-e2"/>
      </object_component>
      <object_component id="oc-30a">
         <name>.text:GPIOIntRegister</name>
         <load_address>0x4c10</load_address>
         <run_address>0x4c10</run_address>
         <size>0x18</size>
         <input_file_ref idref="fl-ed"/>
      </object_component>
      <object_component id="oc-2a8">
         <name>.text:GPIOPinTypeGPIOOutput</name>
         <load_address>0x4c28</load_address>
         <run_address>0x4c28</run_address>
         <size>0x18</size>
         <input_file_ref idref="fl-ed"/>
      </object_component>
      <object_component id="oc-31c">
         <name>.text:I2CIntRegister</name>
         <load_address>0x4c40</load_address>
         <run_address>0x4c40</run_address>
         <size>0x18</size>
         <input_file_ref idref="fl-ee"/>
      </object_component>
      <object_component id="oc-2af">
         <name>.text:TimerDisable</name>
         <load_address>0x4c58</load_address>
         <run_address>0x4c58</run_address>
         <size>0x18</size>
         <input_file_ref idref="fl-f1"/>
      </object_component>
      <object_component id="oc-2c7">
         <name>.text:TimerIntRegister</name>
         <load_address>0x4c70</load_address>
         <run_address>0x4c70</run_address>
         <size>0x18</size>
         <input_file_ref idref="fl-f1"/>
      </object_component>
      <object_component id="oc-81">
         <name>.text</name>
         <load_address>0x4c88</load_address>
         <run_address>0x4c88</run_address>
         <size>0x18</size>
         <input_file_ref idref="fl-d6"/>
      </object_component>
      <object_component id="oc-3ac">
         <name>.text:GrStringDraw</name>
         <load_address>0x4ca0</load_address>
         <run_address>0x4ca0</run_address>
         <size>0x16</size>
         <input_file_ref idref="fl-f8"/>
      </object_component>
      <object_component id="oc-5f6">
         <name>.text</name>
         <load_address>0x4cb6</load_address>
         <run_address>0x4cb6</run_address>
         <size>0x16</size>
         <input_file_ref idref="fl-e6"/>
      </object_component>
      <object_component id="oc-2a1">
         <name>.text:UARTEnable</name>
         <load_address>0x4ccc</load_address>
         <run_address>0x4ccc</run_address>
         <size>0x14</size>
         <input_file_ref idref="fl-f2"/>
      </object_component>
      <object_component id="oc-21c">
         <name>.text</name>
         <load_address>0x4ce0</load_address>
         <run_address>0x4ce0</run_address>
         <size>0x14</size>
         <input_file_ref idref="fl-d4"/>
      </object_component>
      <object_component id="oc-641">
         <name>.text</name>
         <load_address>0x4cf4</load_address>
         <run_address>0x4cf4</run_address>
         <size>0x14</size>
         <input_file_ref idref="fl-e9"/>
      </object_component>
      <object_component id="oc-539">
         <name>.text</name>
         <load_address>0x4d08</load_address>
         <run_address>0x4d08</run_address>
         <size>0x14</size>
         <input_file_ref idref="fl-d2"/>
      </object_component>
      <object_component id="oc-2f8">
         <name>.text:GPIOPinTypeGPIOInput</name>
         <load_address>0x4d1c</load_address>
         <run_address>0x4d1c</run_address>
         <size>0x12</size>
         <input_file_ref idref="fl-ed"/>
      </object_component>
      <object_component id="oc-2f2">
         <name>.text:GPIOPinTypeI2C</name>
         <load_address>0x4d2e</load_address>
         <run_address>0x4d2e</run_address>
         <size>0x12</size>
         <input_file_ref idref="fl-ed"/>
      </object_component>
      <object_component id="oc-2ec">
         <name>.text:GPIOPinTypeI2CSCL</name>
         <load_address>0x4d40</load_address>
         <run_address>0x4d40</run_address>
         <size>0x12</size>
         <input_file_ref idref="fl-ed"/>
      </object_component>
      <object_component id="oc-283">
         <name>.text:GPIOPinTypeUART</name>
         <load_address>0x4d52</load_address>
         <run_address>0x4d52</run_address>
         <size>0x12</size>
         <input_file_ref idref="fl-ed"/>
      </object_component>
      <object_component id="oc-2bb">
         <name>.text:TimerLoadSet</name>
         <load_address>0x4d64</load_address>
         <run_address>0x4d64</run_address>
         <size>0x12</size>
         <input_file_ref idref="fl-f1"/>
      </object_component>
      <object_component id="oc-119">
         <name>.text:FPULazyStackingEnable</name>
         <load_address>0x4d78</load_address>
         <run_address>0x4d78</run_address>
         <size>0x10</size>
         <input_file_ref idref="fl-ec"/>
      </object_component>
      <object_component id="oc-12b">
         <name>.text:IntMasterDisable</name>
         <load_address>0x4d88</load_address>
         <run_address>0x4d88</run_address>
         <size>0x10</size>
         <input_file_ref idref="fl-ef"/>
      </object_component>
      <object_component id="oc-155">
         <name>.text:IntMasterEnable</name>
         <load_address>0x4d98</load_address>
         <run_address>0x4d98</run_address>
         <size>0x10</size>
         <input_file_ref idref="fl-ef"/>
      </object_component>
      <object_component id="oc-32e">
         <name>.text:MPU9150I2CIntHandler</name>
         <load_address>0x4da8</load_address>
         <run_address>0x4da8</run_address>
         <size>0x10</size>
         <input_file_ref idref="fl-6"/>
      </object_component>
      <object_component id="oc-a7">
         <name>.text</name>
         <load_address>0x4db8</load_address>
         <run_address>0x4db8</run_address>
         <size>0x10</size>
         <input_file_ref idref="fl-d3"/>
      </object_component>
      <object_component id="oc-4d4">
         <name>.text:GPIOIntStatus</name>
         <load_address>0x4dc8</load_address>
         <run_address>0x4dc8</run_address>
         <size>0xe</size>
         <input_file_ref idref="fl-ed"/>
      </object_component>
      <object_component id="oc-2cd">
         <name>.text:TimerEnable</name>
         <load_address>0x4dd6</load_address>
         <run_address>0x4dd6</run_address>
         <size>0xe</size>
         <input_file_ref idref="fl-f1"/>
      </object_component>
      <object_component id="oc-a1">
         <name>.text:UARTCharGetNonBlocking</name>
         <load_address>0x4de4</load_address>
         <run_address>0x4de4</run_address>
         <size>0xe</size>
         <input_file_ref idref="fl-f2"/>
      </object_component>
      <object_component id="oc-ad">
         <name>.text:UARTCharsAvail</name>
         <load_address>0x4df2</load_address>
         <run_address>0x4df2</run_address>
         <size>0xe</size>
         <input_file_ref idref="fl-f2"/>
      </object_component>
      <object_component id="oc-18">
         <name>.text:decompress:none</name>
         <load_address>0x4e00</load_address>
         <run_address>0x4e00</run_address>
         <size>0xe</size>
         <input_file_ref idref="fl-c9"/>
      </object_component>
      <object_component id="oc-254">
         <name>.text:CPUcpsid</name>
         <load_address>0x4e0e</load_address>
         <run_address>0x4e0e</run_address>
         <size>0xc</size>
         <input_file_ref idref="fl-f3"/>
      </object_component>
      <object_component id="oc-335">
         <name>.text:CPUcpsie</name>
         <load_address>0x4e1a</load_address>
         <run_address>0x4e1a</run_address>
         <size>0xc</size>
         <input_file_ref idref="fl-f3"/>
      </object_component>
      <object_component id="oc-2fe">
         <name>.text:GPIOIntEnable</name>
         <load_address>0x4e26</load_address>
         <run_address>0x4e26</run_address>
         <size>0xc</size>
         <input_file_ref idref="fl-ed"/>
      </object_component>
      <object_component id="oc-50d">
         <name>.text:IntTrigger</name>
         <load_address>0x4e34</load_address>
         <run_address>0x4e34</run_address>
         <size>0xc</size>
         <input_file_ref idref="fl-ef"/>
      </object_component>
      <object_component id="oc-1e">
         <name>.text:decompress:ZI</name>
         <load_address>0x4e40</load_address>
         <run_address>0x4e40</run_address>
         <size>0xc</size>
         <input_file_ref idref="fl-ca"/>
      </object_component>
      <object_component id="oc-422">
         <name>.text:CFAL96x64x16Flush</name>
         <load_address>0x4e4c</load_address>
         <run_address>0x4e4c</run_address>
         <size>0xa</size>
         <input_file_ref idref="fl-a"/>
      </object_component>
      <object_component id="oc-2e0">
         <name>.text:I2CMasterDisable</name>
         <load_address>0x4e56</load_address>
         <run_address>0x4e56</run_address>
         <size>0xa</size>
         <input_file_ref idref="fl-ee"/>
      </object_component>
      <object_component id="oc-322">
         <name>.text:I2CMasterEnable</name>
         <load_address>0x4e60</load_address>
         <run_address>0x4e60</run_address>
         <size>0xa</size>
         <input_file_ref idref="fl-ee"/>
      </object_component>
      <object_component id="oc-533">
         <name>.text:UARTCharPut</name>
         <load_address>0x4e6a</load_address>
         <run_address>0x4e6a</run_address>
         <size>0xa</size>
         <input_file_ref idref="fl-f2"/>
      </object_component>
      <object_component id="oc-95">
         <name>.text:UARTIntStatus</name>
         <load_address>0x4e74</load_address>
         <run_address>0x4e74</run_address>
         <size>0xa</size>
         <input_file_ref idref="fl-f2"/>
      </object_component>
      <object_component id="oc-46c">
         <name>.text:GrMapISO8859_1_Unicode</name>
         <load_address>0x4e7e</load_address>
         <run_address>0x4e7e</run_address>
         <size>0x8</size>
         <input_file_ref idref="fl-fa"/>
      </object_component>
      <object_component id="oc-4ef">
         <name>.text:I2CMasterIntClear</name>
         <load_address>0x4e86</load_address>
         <run_address>0x4e86</run_address>
         <size>0x8</size>
         <input_file_ref idref="fl-ee"/>
      </object_component>
      <object_component id="oc-4fb">
         <name>.text:I2CMasterIntEnableEx</name>
         <load_address>0x4e8e</load_address>
         <run_address>0x4e8e</run_address>
         <size>0x8</size>
         <input_file_ref idref="fl-ee"/>
      </object_component>
      <object_component id="oc-316">
         <name>.text:I2CMasterSlaveAddrSet</name>
         <load_address>0x4e96</load_address>
         <run_address>0x4e96</run_address>
         <size>0x8</size>
         <input_file_ref idref="fl-ee"/>
      </object_component>
      <object_component id="oc-2c1">
         <name>.text:TimerIntEnable</name>
         <load_address>0x4e9e</load_address>
         <run_address>0x4e9e</run_address>
         <size>0x8</size>
         <input_file_ref idref="fl-f1"/>
      </object_component>
      <object_component id="oc-29b">
         <name>.text:UARTIntEnable</name>
         <load_address>0x4ea6</load_address>
         <run_address>0x4ea6</run_address>
         <size>0x8</size>
         <input_file_ref idref="fl-f2"/>
      </object_component>
      <object_component id="oc-4da">
         <name>.text:GPIOIntClear</name>
         <load_address>0x4eae</load_address>
         <run_address>0x4eae</run_address>
         <size>0x6</size>
         <input_file_ref idref="fl-ed"/>
      </object_component>
      <object_component id="oc-16d">
         <name>.text:GPIOPinWrite</name>
         <load_address>0x4eb4</load_address>
         <run_address>0x4eb4</run_address>
         <size>0x6</size>
         <input_file_ref idref="fl-ed"/>
      </object_component>
      <object_component id="oc-137">
         <name>.text:GrContextFontSet</name>
         <load_address>0x4eba</load_address>
         <run_address>0x4eba</run_address>
         <size>0x6</size>
         <input_file_ref idref="fl-f8"/>
      </object_component>
      <object_component id="oc-2b">
         <name>.text:ResetISR</name>
         <load_address>0x4ec0</load_address>
         <run_address>0x4ec0</run_address>
         <size>0x6</size>
         <input_file_ref idref="fl-3"/>
      </object_component>
      <object_component id="oc-23c">
         <name>.text:SysCtlDelay</name>
         <load_address>0x4ec6</load_address>
         <run_address>0x4ec6</run_address>
         <size>0x6</size>
         <input_file_ref idref="fl-f0"/>
      </object_component>
      <object_component id="oc-4e9">
         <name>.text:I2CMasterControl</name>
         <load_address>0x4ecc</load_address>
         <run_address>0x4ecc</run_address>
         <size>0x4</size>
         <input_file_ref idref="fl-ee"/>
      </object_component>
      <object_component id="oc-4f5">
         <name>.text:I2CMasterDataGet</name>
         <load_address>0x4ed0</load_address>
         <run_address>0x4ed0</run_address>
         <size>0x4</size>
         <input_file_ref idref="fl-ee"/>
      </object_component>
      <object_component id="oc-4e3">
         <name>.text:I2CMasterDataPut</name>
         <load_address>0x4ed4</load_address>
         <run_address>0x4ed4</run_address>
         <size>0x4</size>
         <input_file_ref idref="fl-ee"/>
      </object_component>
      <object_component id="oc-4af">
         <name>.text:TimerIntClear</name>
         <load_address>0x4ed8</load_address>
         <run_address>0x4ed8</run_address>
         <size>0x4</size>
         <input_file_ref idref="fl-f1"/>
      </object_component>
      <object_component id="oc-9b">
         <name>.text:UARTIntClear</name>
         <load_address>0x4edc</load_address>
         <run_address>0x4edc</run_address>
         <size>0x4</size>
         <input_file_ref idref="fl-f2"/>
      </object_component>
      <object_component id="oc-75">
         <name>.text</name>
         <load_address>0x4ee0</load_address>
         <run_address>0x4ee0</run_address>
         <size>0x4</size>
         <input_file_ref idref="fl-cf"/>
      </object_component>
      <object_component id="oc-42b">
         <name>.const:.string:g_pui8FontFixed6x8Data</name>
         <load_address>0x4ee4</load_address>
         <run_address>0x4ee4</run_address>
         <size>0x2f8</size>
         <input_file_ref idref="fl-f9"/>
      </object_component>
      <object_component id="oc-100">
         <name>.const:.string:_ctypes_</name>
         <load_address>0x51dc</load_address>
         <run_address>0x51dc</run_address>
         <size>0x101</size>
         <input_file_ref idref="fl-da"/>
      </object_component>
      <object_component id="oc-1fc">
         <name>.const:g_sFontFixed6x8</name>
         <load_address>0x52e0</load_address>
         <run_address>0x52e0</run_address>
         <size>0xc8</size>
         <input_file_ref idref="fl-f9"/>
      </object_component>
      <object_component id="oc-59c">
         <name>.const:g_ppui32GPIOIntMapBlizzard</name>
         <load_address>0x53a8</load_address>
         <run_address>0x53a8</run_address>
         <size>0xc0</size>
         <input_file_ref idref="fl-ed"/>
      </object_component>
      <object_component id="oc-59f">
         <name>.const:g_ppui32GPIOIntMapSnowflake</name>
         <load_address>0x5468</load_address>
         <run_address>0x5468</run_address>
         <size>0xc0</size>
         <input_file_ref idref="fl-ed"/>
      </object_component>
      <object_component id="oc-4ba">
         <name>.const:g_pui32GPIOBaseAddrs</name>
         <load_address>0x5528</load_address>
         <run_address>0x5528</run_address>
         <size>0x90</size>
         <input_file_ref idref="fl-ed"/>
      </object_component>
      <object_component id="oc-494">
         <name>.const</name>
         <load_address>0x55b8</load_address>
         <run_address>0x55b8</run_address>
         <size>0x70</size>
         <input_file_ref idref="fl-ef"/>
      </object_component>
      <object_component id="oc-48f">
         <name>.const:g_pui32Xtals</name>
         <load_address>0x5628</load_address>
         <run_address>0x5628</run_address>
         <size>0x6c</size>
         <input_file_ref idref="fl-f0"/>
      </object_component>
      <object_component id="oc-58c">
         <name>.const:g_ppui32TimerIntMap</name>
         <load_address>0x5694</load_address>
         <run_address>0x5694</run_address>
         <size>0x60</size>
         <input_file_ref idref="fl-f1"/>
      </object_component>
      <object_component id="oc-5a6">
         <name>.const:g_ppui32I2CIntMapSnowflake</name>
         <load_address>0x56f4</load_address>
         <run_address>0x56f4</run_address>
         <size>0x50</size>
         <input_file_ref idref="fl-ee"/>
      </object_component>
      <object_component id="oc-58f">
         <name>.const:g_ppui32TimerIntMapSnowflake</name>
         <load_address>0x5744</load_address>
         <run_address>0x5744</run_address>
         <size>0x40</size>
         <input_file_ref idref="fl-f1"/>
      </object_component>
      <object_component id="oc-5a3">
         <name>.const:g_ppui32I2CIntMap</name>
         <load_address>0x5784</load_address>
         <run_address>0x5784</run_address>
         <size>0x30</size>
         <input_file_ref idref="fl-ee"/>
      </object_component>
      <object_component id="oc-1f9">
         <name>.const:g_sCFAL96x64x16</name>
         <load_address>0x57b4</load_address>
         <run_address>0x57b4</run_address>
         <size>0x28</size>
         <input_file_ref idref="fl-a"/>
      </object_component>
      <object_component id="oc-261">
         <name>.const</name>
         <load_address>0x57dc</load_address>
         <run_address>0x57dc</run_address>
         <size>0x10</size>
         <input_file_ref idref="fl-f5"/>
      </object_component>
      <object_component id="oc-696">
         <name>.cinit..data.load</name>
         <load_address>0x57f0</load_address>
         <run_address>0x57f0</run_address>
         <size>0x26</size>
      </object_component>
      <object_component id="oc-693">
         <name>__TI_handler_table</name>
         <load_address>0x5818</load_address>
         <run_address>0x5818</run_address>
         <size>0xc</size>
      </object_component>
      <object_component id="oc-697">
         <name>.cinit..bss.load</name>
         <load_address>0x5828</load_address>
         <run_address>0x5828</run_address>
         <size>0x8</size>
      </object_component>
      <object_component id="oc-695">
         <name>.cinit..vtable.load</name>
         <load_address>0x5830</load_address>
         <run_address>0x5830</run_address>
         <size>0x8</size>
      </object_component>
      <object_component id="oc-694">
         <name>__TI_cinit_table</name>
         <load_address>0x5838</load_address>
         <run_address>0x5838</run_address>
         <size>0x18</size>
      </object_component>
      <object_component id="oc-593">
         <name>.vtable</name>
         <uninitialized>true</uninitialized>
         <run_address>0x20000000</run_address>
         <size>0x26c</size>
         <input_file_ref idref="fl-ef"/>
      </object_component>
      <object_component id="oc-b3">
         <name>.data</name>
         <load_address>0x20000c6b</load_address>
         <run_address>0x20000c6b</run_address>
         <size>0x1</size>
         <input_file_ref idref="fl-2"/>
      </object_component>
      <object_component id="oc-203">
         <name>.data</name>
         <load_address>0x20000c8c</load_address>
         <run_address>0x20000c8c</run_address>
         <size>0x1</size>
         <input_file_ref idref="fl-6"/>
      </object_component>
      <object_component id="oc-4b5">
         <name>.data</name>
         <load_address>0x20000c80</load_address>
         <run_address>0x20000c80</run_address>
         <size>0x4</size>
         <input_file_ref idref="fl-8"/>
      </object_component>
      <object_component id="oc-24b">
         <name>.data:g_ui8DisplayInitCommands</name>
         <load_address>0x20000c58</load_address>
         <run_address>0x20000c58</run_address>
         <size>0x13</size>
         <input_file_ref idref="fl-a"/>
      </object_component>
      <object_component id="oc-ec">
         <name>.data:$O1$$</name>
         <load_address>0x20000c6c</load_address>
         <run_address>0x20000c6c</run_address>
         <size>0xc</size>
         <input_file_ref idref="fl-cb"/>
      </object_component>
      <object_component id="oc-8d">
         <name>.data</name>
         <load_address>0x20000c88</load_address>
         <run_address>0x20000c88</run_address>
         <size>0x4</size>
         <input_file_ref idref="fl-d1"/>
      </object_component>
      <object_component id="oc-ef">
         <name>.data:$O1$$</name>
         <load_address>0x20000c78</load_address>
         <run_address>0x20000c78</run_address>
         <size>0x8</size>
         <input_file_ref idref="fl-d4"/>
      </object_component>
      <object_component id="oc-647">
         <name>.data</name>
         <load_address>0x20000c84</load_address>
         <run_address>0x20000c84</run_address>
         <size>0x4</size>
         <input_file_ref idref="fl-e8"/>
      </object_component>
      <object_component id="oc-1ff">
         <name>.bss:accelerometerData$1</name>
         <uninitialized>true</uninitialized>
         <run_address>0x20000c48</run_address>
         <size>0xc</size>
         <input_file_ref idref="fl-2"/>
      </object_component>
      <object_component id="oc-3ff">
         <name>.bss:buf$1</name>
         <uninitialized>true</uninitialized>
         <run_address>0x20000c28</run_address>
         <size>0x20</size>
         <input_file_ref idref="fl-7"/>
      </object_component>
      <object_component id="oc-398">
         <name>.common:g_sI2CInst</name>
         <uninitialized>true</uninitialized>
         <run_address>0x20000a6c</run_address>
         <size>0x124</size>
      </object_component>
      <object_component id="oc-200">
         <name>.common:g_sMPU9150Inst</name>
         <uninitialized>true</uninitialized>
         <run_address>0x20000b90</run_address>
         <size>0x6c</size>
      </object_component>
      <object_component id="oc-1f6">
         <name>.common:sContext</name>
         <uninitialized>true</uninitialized>
         <run_address>0x20000bfc</run_address>
         <size>0x2c</size>
      </object_component>
      <object_component id="oc-264">
         <name>.common:g_psGrLibDefaults</name>
         <uninitialized>true</uninitialized>
         <run_address>0x20000c54</run_address>
         <size>0x4</size>
      </object_component>
      <object_component id="oc-2a">
         <name>.stack</name>
         <uninitialized>true</uninitialized>
         <run_address>0x2000026c</run_address>
         <size>0x0</size>
         <input_file_ref idref="fl-c7"/>
      </object_component>
      <object_component id="oc-698">
         <name>.stack</name>
         <uninitialized>true</uninitialized>
         <run_address>0x2000026c</run_address>
         <size>0x0</size>
      </object_component>
      <object_component id="oc-20d">
         <name>.debug_info</name>
         <load_address>0x0</load_address>
         <run_address>0x0</run_address>
         <size>0x9b6</size>
         <input_file_ref idref="fl-2"/>
      </object_component>
      <object_component id="oc-b4">
         <name>.debug_info</name>
         <load_address>0x9b6</load_address>
         <run_address>0x9b6</run_address>
         <size>0xe2</size>
         <input_file_ref idref="fl-2"/>
      </object_component>
      <object_component id="oc-e5">
         <name>.debug_info</name>
         <load_address>0xa98</load_address>
         <run_address>0xa98</run_address>
         <size>0x42a</size>
         <input_file_ref idref="fl-2"/>
      </object_component>
      <object_component id="oc-20e">
         <name>.debug_info</name>
         <load_address>0xec2</load_address>
         <run_address>0xec2</run_address>
         <size>0x63</size>
         <input_file_ref idref="fl-2"/>
      </object_component>
      <object_component id="oc-24f">
         <name>.debug_info</name>
         <load_address>0xf25</load_address>
         <run_address>0xf25</run_address>
         <size>0x6bd</size>
         <input_file_ref idref="fl-2"/>
      </object_component>
      <object_component id="oc-433">
         <name>.debug_info</name>
         <load_address>0x15e2</load_address>
         <run_address>0x15e2</run_address>
         <size>0x4e6</size>
         <input_file_ref idref="fl-2"/>
      </object_component>
      <object_component id="oc-56a">
         <name>.debug_info</name>
         <load_address>0x1ac8</load_address>
         <run_address>0x1ac8</run_address>
         <size>0x108</size>
         <input_file_ref idref="fl-2"/>
      </object_component>
      <object_component id="oc-438">
         <name>.debug_info</name>
         <load_address>0x1bd0</load_address>
         <run_address>0x1bd0</run_address>
         <size>0x16c</size>
         <input_file_ref idref="fl-2"/>
      </object_component>
      <object_component id="oc-f8">
         <name>.debug_info</name>
         <load_address>0x1d3c</load_address>
         <run_address>0x1d3c</run_address>
         <size>0x8b</size>
         <input_file_ref idref="fl-2"/>
      </object_component>
      <object_component id="oc-b7">
         <name>.debug_info</name>
         <load_address>0x1dc7</load_address>
         <run_address>0x1dc7</run_address>
         <size>0x18b</size>
         <input_file_ref idref="fl-2"/>
      </object_component>
      <object_component id="oc-4b">
         <name>.debug_info</name>
         <load_address>0x1f52</load_address>
         <run_address>0x1f52</run_address>
         <size>0x2aa</size>
         <input_file_ref idref="fl-3"/>
      </object_component>
      <object_component id="oc-10">
         <name>.debug_info</name>
         <load_address>0x21fc</load_address>
         <run_address>0x21fc</run_address>
         <size>0xe3</size>
         <input_file_ref idref="fl-3"/>
      </object_component>
      <object_component id="oc-2c">
         <name>.debug_info</name>
         <load_address>0x22df</load_address>
         <run_address>0x22df</run_address>
         <size>0x113</size>
         <input_file_ref idref="fl-3"/>
      </object_component>
      <object_component id="oc-32">
         <name>.debug_info</name>
         <load_address>0x23f2</load_address>
         <run_address>0x23f2</run_address>
         <size>0x104</size>
         <input_file_ref idref="fl-3"/>
      </object_component>
      <object_component id="oc-38">
         <name>.debug_info</name>
         <load_address>0x24f6</load_address>
         <run_address>0x24f6</run_address>
         <size>0x10a</size>
         <input_file_ref idref="fl-3"/>
      </object_component>
      <object_component id="oc-3e">
         <name>.debug_info</name>
         <load_address>0x2600</load_address>
         <run_address>0x2600</run_address>
         <size>0x11c</size>
         <input_file_ref idref="fl-3"/>
      </object_component>
      <object_component id="oc-52">
         <name>.debug_info</name>
         <load_address>0x271c</load_address>
         <run_address>0x271c</run_address>
         <size>0x84</size>
         <input_file_ref idref="fl-3"/>
      </object_component>
      <object_component id="oc-152">
         <name>.debug_info</name>
         <load_address>0x27a0</load_address>
         <run_address>0x27a0</run_address>
         <size>0x374</size>
         <input_file_ref idref="fl-4"/>
      </object_component>
      <object_component id="oc-cd">
         <name>.debug_info</name>
         <load_address>0x2b14</load_address>
         <run_address>0x2b14</run_address>
         <size>0x2c</size>
         <input_file_ref idref="fl-4"/>
      </object_component>
      <object_component id="oc-61b">
         <name>.debug_info</name>
         <load_address>0x2b40</load_address>
         <run_address>0x2b40</run_address>
         <size>0x325</size>
         <input_file_ref idref="fl-5"/>
      </object_component>
      <object_component id="oc-144">
         <name>.debug_info</name>
         <load_address>0x2e65</load_address>
         <run_address>0x2e65</run_address>
         <size>0x174</size>
         <input_file_ref idref="fl-5"/>
      </object_component>
      <object_component id="oc-553">
         <name>.debug_info</name>
         <load_address>0x2fd9</load_address>
         <run_address>0x2fd9</run_address>
         <size>0x4e</size>
         <input_file_ref idref="fl-5"/>
      </object_component>
      <object_component id="oc-201">
         <name>.debug_info</name>
         <load_address>0x3027</load_address>
         <run_address>0x3027</run_address>
         <size>0x4d4</size>
         <input_file_ref idref="fl-6"/>
      </object_component>
      <object_component id="oc-204">
         <name>.debug_info</name>
         <load_address>0x34fb</load_address>
         <run_address>0x34fb</run_address>
         <size>0xf1</size>
         <input_file_ref idref="fl-6"/>
      </object_component>
      <object_component id="oc-32b">
         <name>.debug_info</name>
         <load_address>0x35ec</load_address>
         <run_address>0x35ec</run_address>
         <size>0x17a</size>
         <input_file_ref idref="fl-6"/>
      </object_component>
      <object_component id="oc-209">
         <name>.debug_info</name>
         <load_address>0x3766</load_address>
         <run_address>0x3766</run_address>
         <size>0x1bf</size>
         <input_file_ref idref="fl-6"/>
      </object_component>
      <object_component id="oc-331">
         <name>.debug_info</name>
         <load_address>0x3925</load_address>
         <run_address>0x3925</run_address>
         <size>0x164</size>
         <input_file_ref idref="fl-6"/>
      </object_component>
      <object_component id="oc-15e">
         <name>.debug_info</name>
         <load_address>0x3a89</load_address>
         <run_address>0x3a89</run_address>
         <size>0x18a</size>
         <input_file_ref idref="fl-6"/>
      </object_component>
      <object_component id="oc-1f7">
         <name>.debug_info</name>
         <load_address>0x3c13</load_address>
         <run_address>0x3c13</run_address>
         <size>0x715</size>
         <input_file_ref idref="fl-7"/>
      </object_component>
      <object_component id="oc-1d9">
         <name>.debug_info</name>
         <load_address>0x4328</load_address>
         <run_address>0x4328</run_address>
         <size>0x17d</size>
         <input_file_ref idref="fl-7"/>
      </object_component>
      <object_component id="oc-1f1">
         <name>.debug_info</name>
         <load_address>0x44a5</load_address>
         <run_address>0x44a5</run_address>
         <size>0x388</size>
         <input_file_ref idref="fl-7"/>
      </object_component>
      <object_component id="oc-162">
         <name>.debug_info</name>
         <load_address>0x482d</load_address>
         <run_address>0x482d</run_address>
         <size>0x24a</size>
         <input_file_ref idref="fl-7"/>
      </object_component>
      <object_component id="oc-1e1">
         <name>.debug_info</name>
         <load_address>0x4a77</load_address>
         <run_address>0x4a77</run_address>
         <size>0x1f8</size>
         <input_file_ref idref="fl-7"/>
      </object_component>
      <object_component id="oc-1e7">
         <name>.debug_info</name>
         <load_address>0x4c6f</load_address>
         <run_address>0x4c6f</run_address>
         <size>0x1b6</size>
         <input_file_ref idref="fl-7"/>
      </object_component>
      <object_component id="oc-1eb">
         <name>.debug_info</name>
         <load_address>0x4e25</load_address>
         <run_address>0x4e25</run_address>
         <size>0x1ca</size>
         <input_file_ref idref="fl-7"/>
      </object_component>
      <object_component id="oc-14c">
         <name>.debug_info</name>
         <load_address>0x4fef</load_address>
         <run_address>0x4fef</run_address>
         <size>0x226</size>
         <input_file_ref idref="fl-8"/>
      </object_component>
      <object_component id="oc-2d6">
         <name>.debug_info</name>
         <load_address>0x5215</load_address>
         <run_address>0x5215</run_address>
         <size>0x18c</size>
         <input_file_ref idref="fl-8"/>
      </object_component>
      <object_component id="oc-540">
         <name>.debug_info</name>
         <load_address>0x53a1</load_address>
         <run_address>0x53a1</run_address>
         <size>0x5da</size>
         <input_file_ref idref="fl-9"/>
      </object_component>
      <object_component id="oc-140">
         <name>.debug_info</name>
         <load_address>0x597b</load_address>
         <run_address>0x597b</run_address>
         <size>0x250</size>
         <input_file_ref idref="fl-9"/>
      </object_component>
      <object_component id="oc-3b5">
         <name>.debug_info</name>
         <load_address>0x5bcb</load_address>
         <run_address>0x5bcb</run_address>
         <size>0x1b9</size>
         <input_file_ref idref="fl-9"/>
      </object_component>
      <object_component id="oc-16a">
         <name>.debug_info</name>
         <load_address>0x5d84</load_address>
         <run_address>0x5d84</run_address>
         <size>0x156</size>
         <input_file_ref idref="fl-9"/>
      </object_component>
      <object_component id="oc-44">
         <name>.debug_info</name>
         <load_address>0x5eda</load_address>
         <run_address>0x5eda</run_address>
         <size>0x1c2</size>
         <input_file_ref idref="fl-9"/>
      </object_component>
      <object_component id="oc-42a">
         <name>.debug_info</name>
         <load_address>0x609c</load_address>
         <run_address>0x609c</run_address>
         <size>0x4e5</size>
         <input_file_ref idref="fl-a"/>
      </object_component>
      <object_component id="oc-24c">
         <name>.debug_info</name>
         <load_address>0x6581</load_address>
         <run_address>0x6581</run_address>
         <size>0x13e</size>
         <input_file_ref idref="fl-a"/>
      </object_component>
      <object_component id="oc-1fa">
         <name>.debug_info</name>
         <load_address>0x66bf</load_address>
         <run_address>0x66bf</run_address>
         <size>0x12e</size>
         <input_file_ref idref="fl-a"/>
      </object_component>
      <object_component id="oc-241">
         <name>.debug_info</name>
         <load_address>0x67ed</load_address>
         <run_address>0x67ed</run_address>
         <size>0x275</size>
         <input_file_ref idref="fl-a"/>
      </object_component>
      <object_component id="oc-55a">
         <name>.debug_info</name>
         <load_address>0x6a62</load_address>
         <run_address>0x6a62</run_address>
         <size>0x273</size>
         <input_file_ref idref="fl-a"/>
      </object_component>
      <object_component id="oc-406">
         <name>.debug_info</name>
         <load_address>0x6cd5</load_address>
         <run_address>0x6cd5</run_address>
         <size>0x310</size>
         <input_file_ref idref="fl-a"/>
      </object_component>
      <object_component id="oc-40b">
         <name>.debug_info</name>
         <load_address>0x6fe5</load_address>
         <run_address>0x6fe5</run_address>
         <size>0x45c</size>
         <input_file_ref idref="fl-a"/>
      </object_component>
      <object_component id="oc-411">
         <name>.debug_info</name>
         <load_address>0x7441</load_address>
         <run_address>0x7441</run_address>
         <size>0x33a</size>
         <input_file_ref idref="fl-a"/>
      </object_component>
      <object_component id="oc-417">
         <name>.debug_info</name>
         <load_address>0x777b</load_address>
         <run_address>0x777b</run_address>
         <size>0x359</size>
         <input_file_ref idref="fl-a"/>
      </object_component>
      <object_component id="oc-246">
         <name>.debug_info</name>
         <load_address>0x7ad4</load_address>
         <run_address>0x7ad4</run_address>
         <size>0x2c8</size>
         <input_file_ref idref="fl-a"/>
      </object_component>
      <object_component id="oc-41d">
         <name>.debug_info</name>
         <load_address>0x7d9c</load_address>
         <run_address>0x7d9c</run_address>
         <size>0x287</size>
         <input_file_ref idref="fl-a"/>
      </object_component>
      <object_component id="oc-423">
         <name>.debug_info</name>
         <load_address>0x8023</load_address>
         <run_address>0x8023</run_address>
         <size>0x23a</size>
         <input_file_ref idref="fl-a"/>
      </object_component>
      <object_component id="oc-126">
         <name>.debug_info</name>
         <load_address>0x825d</load_address>
         <run_address>0x825d</run_address>
         <size>0x2e8</size>
         <input_file_ref idref="fl-a"/>
      </object_component>
      <object_component id="oc-26">
         <name>.debug_info</name>
         <load_address>0x8545</load_address>
         <run_address>0x8545</run_address>
         <size>0x160</size>
         <input_file_ref idref="fl-c7"/>
      </object_component>
      <object_component id="oc-c3">
         <name>.debug_info</name>
         <load_address>0x86a5</load_address>
         <run_address>0x86a5</run_address>
         <size>0x293</size>
         <input_file_ref idref="fl-c8"/>
      </object_component>
      <object_component id="oc-14">
         <name>.debug_info</name>
         <load_address>0x8938</load_address>
         <run_address>0x8938</run_address>
         <size>0x245</size>
         <input_file_ref idref="fl-c8"/>
      </object_component>
      <object_component id="oc-4d">
         <name>.debug_info</name>
         <load_address>0x8b7d</load_address>
         <run_address>0x8b7d</run_address>
         <size>0x60</size>
         <input_file_ref idref="fl-c8"/>
      </object_component>
      <object_component id="oc-be">
         <name>.debug_info</name>
         <load_address>0x8bdd</load_address>
         <run_address>0x8bdd</run_address>
         <size>0x46</size>
         <input_file_ref idref="fl-c8"/>
      </object_component>
      <object_component id="oc-62">
         <name>.debug_info</name>
         <load_address>0x8c23</load_address>
         <run_address>0x8c23</run_address>
         <size>0x2da</size>
         <input_file_ref idref="fl-c9"/>
      </object_component>
      <object_component id="oc-1b">
         <name>.debug_info</name>
         <load_address>0x8efd</load_address>
         <run_address>0x8efd</run_address>
         <size>0x1df</size>
         <input_file_ref idref="fl-c9"/>
      </object_component>
      <object_component id="oc-5d">
         <name>.debug_info</name>
         <load_address>0x90dc</load_address>
         <run_address>0x90dc</run_address>
         <size>0x46</size>
         <input_file_ref idref="fl-c9"/>
      </object_component>
      <object_component id="oc-c5">
         <name>.debug_info</name>
         <load_address>0x9122</load_address>
         <run_address>0x9122</run_address>
         <size>0x2c</size>
         <input_file_ref idref="fl-c9"/>
      </object_component>
      <object_component id="oc-6e">
         <name>.debug_info</name>
         <load_address>0x914e</load_address>
         <run_address>0x914e</run_address>
         <size>0x2c9</size>
         <input_file_ref idref="fl-ca"/>
      </object_component>
      <object_component id="oc-22">
         <name>.debug_info</name>
         <load_address>0x9417</load_address>
         <run_address>0x9417</run_address>
         <size>0x1aa</size>
[...]
         <name>__aeabi_dadd</name>
         <value>0x2a2f</value>
         <object_component_ref idref="oc-5e5"/>
      </symbol>
      <symbol id="sm-560">
         <name>__aeabi_cdcmpeq</name>
         <value>0x38ff</value>
         <object_component_ref idref="oc-5c6"/>
      </symbol>
      <symbol id="sm-561">
         <name>__aeabi_cdcmple</name>
         <value>0x38ff</value>
         <object_component_ref idref="oc-5c6"/>
      </symbol>
      <symbol id="sm-562">
         <name>__aeabi_cdrcmple</name>
         <value>0x3985</value>
         <object_component_ref idref="oc-5d0"/>
      </symbol>
      <symbol id="sm-576">
         <name>__aeabi_ddiv</name>
         <value>0x2bdb</value>
         <object_component_ref idref="oc-5cb"/>
      </symbol>
      <symbol id="sm-581">
         <name>__aeabi_dmul</name>
         <value>0x2f55</value>
         <object_component_ref idref="oc-3d1"/>
      </symbol>
      <symbol id="sm-58b">
         <name>__aeabi_d2iz</name>
         <value>0x4621</value>
         <object_component_ref idref="oc-5d5"/>
      </symbol>
      <symbol id="sm-595">
         <name>__aeabi_i2d</name>
         <value>0x49eb</value>
         <object_component_ref idref="oc-5e0"/>
      </symbol>
      <symbol id="sm-5a4">
         <name>ltoa</name>
         <value>0x42cd</value>
         <object_component_ref idref="oc-5da"/>
      </symbol>
      <symbol id="sm-5b4">
         <name>memccpy</name>
         <value>0x4bf5</value>
         <object_component_ref idref="oc-602"/>
      </symbol>
      <symbol id="sm-5cf">
         <name>frexpl</name>
         <value>0x3f31</value>
         <object_component_ref idref="oc-5ea"/>
      </symbol>
      <symbol id="sm-5d0">
         <name>frexp</name>
         <value>0x3f31</value>
         <object_component_ref idref="oc-5ea"/>
      </symbol>
      <symbol id="sm-5ed">
         <name>scalbn</name>
         <value>0x3051</value>
         <object_component_ref idref="oc-5f0"/>
      </symbol>
      <symbol id="sm-5ee">
         <name>scalbnl</name>
         <value>0x3051</value>
         <object_component_ref idref="oc-5f0"/>
      </symbol>
      <symbol id="sm-5ef">
         <name>ldexpl</name>
         <value>0x3051</value>
         <object_component_ref idref="oc-5f0"/>
      </symbol>
      <symbol id="sm-5f0">
         <name>ldexp</name>
         <value>0x3051</value>
         <object_component_ref idref="oc-5f0"/>
      </symbol>
      <symbol id="sm-5fa">
         <name>_system_post_cinit</name>
         <value>0x3b03</value>
         <object_component_ref idref="oc-dc"/>
      </symbol>
      <symbol id="sm-60a">
         <name>strchr</name>
         <value>0x4cb7</value>
         <object_component_ref idref="oc-5f6"/>
      </symbol>
      <symbol id="sm-626">
         <name>__aeabi_uldivmod</name>
         <value>0x2301</value>
         <object_component_ref idref="oc-5c1"/>
      </symbol>
      <symbol id="sm-62e">
         <name>errno</name>
         <value>0x20000c84</value>
         <object_component_ref idref="oc-647"/>
      </symbol>
      <symbol id="sm-638">
         <name>copysign</name>
         <value>0x4cf5</value>
         <object_component_ref idref="oc-641"/>
      </symbol>
      <symbol id="sm-639">
         <name>copysignl</name>
         <value>0x4cf5</value>
         <object_component_ref idref="oc-641"/>
      </symbol>
      <symbol id="sm-6db">
         <name>I2CMCommand</name>
         <value>0x16a3</value>
         <object_component_ref idref="oc-33c"/>
      </symbol>
      <symbol id="sm-6dc">
         <name>I2CMInit</name>
         <value>0x166f</value>
         <object_component_ref idref="oc-33c"/>
      </symbol>
      <symbol id="sm-6dd">
         <name>I2CMIntHandler</name>
         <value>0x143d</value>
         <object_component_ref idref="oc-33c"/>
      </symbol>
      <symbol id="sm-6de">
         <name>I2CMRead</name>
         <value>0x4b25</value>
         <object_component_ref idref="oc-3c4"/>
      </symbol>
      <symbol id="sm-6df">
         <name>I2CMRead16BE</name>
         <value>0x195d</value>
         <object_component_ref idref="oc-33c"/>
      </symbol>
      <symbol id="sm-6e0">
         <name>I2CMReadModifyWrite16LE</name>
         <value>0x185f</value>
         <object_component_ref idref="oc-33c"/>
      </symbol>
      <symbol id="sm-6e1">
         <name>I2CMReadModifyWrite8</name>
         <value>0x17a1</value>
         <object_component_ref idref="oc-33c"/>
      </symbol>
      <symbol id="sm-6e2">
         <name>I2CMTransferResume</name>
         <value>0x1721</value>
         <object_component_ref idref="oc-33c"/>
      </symbol>
      <symbol id="sm-6e3">
         <name>I2CMWrite</name>
         <value>0x4b83</value>
         <object_component_ref idref="oc-3bc"/>
      </symbol>
      <symbol id="sm-6e4">
         <name>I2CMWrite16BE</name>
         <value>0x19d5</value>
         <object_component_ref idref="oc-33c"/>
      </symbol>
      <symbol id="sm-6e5">
         <name>I2CMWrite8</name>
         <value>0x18ed</value>
         <object_component_ref idref="oc-33c"/>
      </symbol>
      <symbol id="sm-6e6">
         <name>I2CMWriteBatched</name>
         <value>0x4b45</value>
         <object_component_ref idref="oc-513"/>
      </symbol>
      <symbol id="sm-769">
         <name>MPU9150DataAccelGetFloat</name>
         <value>0x1cfd</value>
         <object_component_ref idref="oc-173"/>
      </symbol>
      <symbol id="sm-76a">
         <name>MPU9150DataAccelGetRaw</name>
         <value>0x1cf7</value>
         <object_component_ref idref="oc-173"/>
      </symbol>
      <symbol id="sm-76b">
         <name>MPU9150DataGyroGetFloat</name>
         <value>0x1d65</value>
         <object_component_ref idref="oc-173"/>
      </symbol>
      <symbol id="sm-76c">
         <name>MPU9150DataGyroGetRaw</name>
         <value>0x1d3b</value>
         <object_component_ref idref="oc-173"/>
      </symbol>
      <symbol id="sm-76d">
         <name>MPU9150DataMagnetoGetFloat</name>
         <value>0x1e09</value>
         <object_component_ref idref="oc-173"/>
      </symbol>
      <symbol id="sm-76e">
         <name>MPU9150DataMagnetoGetRaw</name>
         <value>0x1ddf</value>
         <object_component_ref idref="oc-173"/>
      </symbol>
      <symbol id="sm-76f">
         <name>MPU9150DataRead</name>
         <value>0x1cb1</value>
         <object_component_ref idref="oc-173"/>
      </symbol>
      <symbol id="sm-770">
         <name>MPU9150Init</name>
         <value>0x1b75</value>
         <object_component_ref idref="oc-173"/>
      </symbol>
      <symbol id="sm-771">
         <name>MPU9150MagnetoInstGet</name>
         <value>0x1bb9</value>
         <object_component_ref idref="oc-173"/>
      </symbol>
      <symbol id="sm-772">
         <name>MPU9150Read</name>
         <value>0x1bbd</value>
         <object_component_ref idref="oc-173"/>
      </symbol>
      <symbol id="sm-773">
         <name>MPU9150ReadModifyWrite</name>
         <value>0x1c6d</value>
         <object_component_ref idref="oc-173"/>
      </symbol>
      <symbol id="sm-774">
         <name>MPU9150Write</name>
         <value>0x1c01</value>
         <object_component_ref idref="oc-173"/>
      </symbol>
      <symbol id="sm-780">
         <name>FPULazyStackingEnable</name>
         <value>0x4d79</value>
         <object_component_ref idref="oc-119"/>
      </symbol>
      <symbol id="sm-821">
         <name>GPIOIntRegister</name>
         <value>0x4c11</value>
         <object_component_ref idref="oc-30a"/>
      </symbol>
      <symbol id="sm-822">
         <name>GPIOPinConfigure</name>
         <value>0x45d9</value>
         <object_component_ref idref="oc-2e6"/>
      </symbol>
      <symbol id="sm-823">
         <name>GPIOPinTypeI2CSCL</name>
         <value>0x4d41</value>
         <object_component_ref idref="oc-2ec"/>
      </symbol>
      <symbol id="sm-824">
         <name>GPIOIntEnable</name>
         <value>0x4e27</value>
         <object_component_ref idref="oc-2fe"/>
      </symbol>
      <symbol id="sm-825">
         <name>GPIOPinTypeI2C</name>
         <value>0x4d2f</value>
         <object_component_ref idref="oc-2f2"/>
      </symbol>
      <symbol id="sm-826">
         <name>GPIOIntTypeSet</name>
         <value>0x41cf</value>
         <object_component_ref idref="oc-304"/>
      </symbol>
      <symbol id="sm-827">
         <name>GPIOPinTypeGPIOInput</name>
         <value>0x4d1d</value>
         <object_component_ref idref="oc-2f8"/>
      </symbol>
      <symbol id="sm-828">
         <name>GPIOIntClear</name>
         <value>0x4eaf</value>
         <object_component_ref idref="oc-4da"/>
      </symbol>
      <symbol id="sm-829">
         <name>GPIOPinTypeUART</name>
         <value>0x4d53</value>
         <object_component_ref idref="oc-283"/>
      </symbol>
      <symbol id="sm-82a">
         <name>GPIOIntStatus</name>
         <value>0x4dc9</value>
         <object_component_ref idref="oc-4d4"/>
      </symbol>
      <symbol id="sm-82b">
         <name>GPIOPinTypeGPIOOutput</name>
         <value>0x4c29</value>
         <object_component_ref idref="oc-2a8"/>
      </symbol>
      <symbol id="sm-82c">
         <name>GPIODirModeSet</name>
         <value>0x4a45</value>
         <object_component_ref idref="oc-482"/>
      </symbol>
      <symbol id="sm-82d">
         <name>GPIOPinWrite</name>
         <value>0x4eb5</value>
         <object_component_ref idref="oc-16d"/>
      </symbol>
      <symbol id="sm-82e">
         <name>GPIOPadConfigSet</name>
         <value>0x2d11</value>
         <object_component_ref idref="oc-488"/>
      </symbol>
      <symbol id="sm-8a6">
         <name>I2CIntRegister</name>
         <value>0x4c41</value>
         <object_component_ref idref="oc-31c"/>
      </symbol>
      <symbol id="sm-8a7">
         <name>I2CMasterDataPut</name>
         <value>0x4ed5</value>
         <object_component_ref idref="oc-4e3"/>
      </symbol>
      <symbol id="sm-8a8">
         <name>I2CMasterInitExpClk</name>
         <value>0x4411</value>
         <object_component_ref idref="oc-310"/>
      </symbol>
      <symbol id="sm-8a9">
         <name>I2CMasterSlaveAddrSet</name>
         <value>0x4e97</value>
         <object_component_ref idref="oc-316"/>
      </symbol>
      <symbol id="sm-8aa">
         <name>I2CMasterDataGet</name>
         <value>0x4ed1</value>
         <object_component_ref idref="oc-4f5"/>
      </symbol>
      <symbol id="sm-8ab">
         <name>I2CMasterIntEnableEx</name>
         <value>0x4e8f</value>
         <object_component_ref idref="oc-4fb"/>
      </symbol>
      <symbol id="sm-8ac">
         <name>I2CMasterControl</name>
         <value>0x4ecd</value>
         <object_component_ref idref="oc-4e9"/>
      </symbol>
      <symbol id="sm-8ad">
         <name>I2CMasterEnable</name>
         <value>0x4e61</value>
         <object_component_ref idref="oc-322"/>
      </symbol>
      <symbol id="sm-8ae">
         <name>I2CMasterIntClear</name>
         <value>0x4e87</value>
         <object_component_ref idref="oc-4ef"/>
      </symbol>
      <symbol id="sm-8af">
         <name>I2CMasterDisable</name>
         <value>0x4e57</value>
         <object_component_ref idref="oc-2e0"/>
      </symbol>
      <symbol id="sm-928">
         <name>IntIsEnabled</name>
         <value>0x3ecd</value>
         <object_component_ref idref="oc-501"/>
      </symbol>
      <symbol id="sm-929">
         <name>IntEnable</name>
         <value>0x3dfd</value>
         <object_component_ref idref="oc-295"/>
      </symbol>
      <symbol id="sm-92a">
         <name>IntTrigger</name>
         <value>0x4e35</value>
         <object_component_ref idref="oc-50d"/>
      </symbol>
      <symbol id="sm-92b">
         <name>IntDisable</name>
         <value>0x3d95</value>
         <object_component_ref idref="oc-507"/>
      </symbol>
      <symbol id="sm-92c">
         <name>IntRegister</name>
         <value>0x4925</value>
         <object_component_ref idref="oc-4a7"/>
      </symbol>
      <symbol id="sm-92d">
         <name>IntMasterDisable</name>
         <value>0x4d89</value>
         <object_component_ref idref="oc-12b"/>
      </symbol>
      <symbol id="sm-92e">
         <name>g_pfnRAMVectors</name>
         <value>0x20000000</value>
         <object_component_ref idref="oc-593"/>
      </symbol>
      <symbol id="sm-92f">
         <name>IntMasterEnable</name>
         <value>0x4d99</value>
         <object_component_ref idref="oc-155"/>
      </symbol>
      <symbol id="sm-998">
         <name>SysCtlClockSet</name>
         <value>0x314d</value>
         <object_component_ref idref="oc-11f"/>
      </symbol>
      <symbol id="sm-999">
         <name>SysCtlDelay</name>
         <value>0x4ec7</value>
         <object_component_ref idref="oc-23c"/>
      </symbol>
      <symbol id="sm-99a">
         <name>SysCtlPeripheralEnable</name>
         <value>0x4959</value>
         <object_component_ref idref="oc-271"/>
      </symbol>
      <symbol id="sm-99b">
         <name>SysCtlClockGet</name>
         <value>0x2e45</value>
         <object_component_ref idref="oc-289"/>
      </symbol>
      <symbol id="sm-99c">
         <name>SysCtlPeripheralReady</name>
         <value>0x48b5</value>
         <object_component_ref idref="oc-277"/>
      </symbol>
      <symbol id="sm-99d">
         <name>SysCtlPeripheralReset</name>
         <value>0x4321</value>
         <object_component_ref idref="oc-2da"/>
      </symbol>
      <symbol id="sm-a02">
         <name>TimerLoadSet</name>
         <value>0x4d65</value>
         <object_component_ref idref="oc-2bb"/>
      </symbol>
      <symbol id="sm-a03">
         <name>TimerDisable</name>
         <value>0x4c59</value>
         <object_component_ref idref="oc-2af"/>
      </symbol>
      <symbol id="sm-a04">
         <name>TimerIntRegister</name>
         <value>0x4c71</value>
         <object_component_ref idref="oc-2c7"/>
      </symbol>
      <symbol id="sm-a05">
         <name>TimerEnable</name>
         <value>0x4dd7</value>
         <object_component_ref idref="oc-2cd"/>
      </symbol>
      <symbol id="sm-a06">
         <name>TimerIntEnable</name>
         <value>0x4e9f</value>
         <object_component_ref idref="oc-2c1"/>
      </symbol>
      <symbol id="sm-a07">
         <name>TimerConfigure</name>
         <value>0x4055</value>
         <object_component_ref idref="oc-2b5"/>
      </symbol>
      <symbol id="sm-a08">
         <name>TimerIntClear</name>
         <value>0x4ed9</value>
         <object_component_ref idref="oc-4af"/>
      </symbol>
      <symbol id="sm-a5a">
         <name>UARTConfigSetExpClk</name>
         <value>0x46f5</value>
         <object_component_ref idref="oc-28f"/>
      </symbol>
      <symbol id="sm-a5b">
         <name>UARTDisable</name>
         <value>0x4b05</value>
         <object_component_ref idref="oc-27d"/>
      </symbol>
      <symbol id="sm-a5c">
         <name>UARTIntEnable</name>
         <value>0x4ea7</value>
         <object_component_ref idref="oc-29b"/>
      </symbol>
      <symbol id="sm-a5d">
         <name>UARTCharsAvail</name>
         <value>0x4df3</value>
         <object_component_ref idref="oc-ad"/>
      </symbol>
      <symbol id="sm-a5e">
         <name>UARTCharGetNonBlocking</name>
         <value>0x4de5</value>
         <object_component_ref idref="oc-a1"/>
      </symbol>
      <symbol id="sm-a5f">
         <name>UARTCharPut</name>
         <value>0x4e6b</value>
         <object_component_ref idref="oc-533"/>
      </symbol>
      <symbol id="sm-a60">
         <name>UARTEnable</name>
         <value>0x4ccd</value>
         <object_component_ref idref="oc-2a1"/>
      </symbol>
      <symbol id="sm-a61">
         <name>UARTIntClear</name>
         <value>0x4edd</value>
         <object_component_ref idref="oc-9b"/>
      </symbol>
      <symbol id="sm-a62">
         <name>UARTIntStatus</name>
         <value>0x4e75</value>
         <object_component_ref idref="oc-95"/>
      </symbol>
      <symbol id="sm-a74">
         <name>CPUcpsie</name>
         <value>0x4e1b</value>
         <object_component_ref idref="oc-335"/>
      </symbol>
      <symbol id="sm-a75">
         <name>CPUcpsid</name>
         <value>0x4e0f</value>
         <object_component_ref idref="oc-254"/>
      </symbol>
      <symbol id="sm-a8e">
         <name>GrCircleDraw</name>
         <value>0x20f9</value>
         <object_component_ref idref="oc-3f2"/>
      </symbol>
      <symbol id="sm-aa9">
         <name>GrContextInit</name>
         <value>0x3cc5</value>
         <object_component_ref idref="oc-131"/>
      </symbol>
      <symbol id="sm-aaa">
         <name>g_psDefaultCodePointMapTable</name>
         <value>0x57dc</value>
         <object_component_ref idref="oc-261"/>
      </symbol>
      <symbol id="sm-ac3">
         <name>GrLineDrawH</name>
         <value>0x4669</value>
         <object_component_ref idref="oc-3e5"/>
      </symbol>
      <symbol id="sm-ac4">
         <name>GrLineDrawV</name>
         <value>0x46af</value>
         <object_component_ref idref="oc-3eb"/>
      </symbol>
      <symbol id="sm-ad2">
         <name>GrRectFill</name>
         <value>0x3879</value>
         <object_component_ref idref="oc-39a"/>
      </symbol>
      <symbol id="sm-b75">
         <name>GrFontInfoGet</name>
         <value>0x4a97</value>
         <object_component_ref idref="oc-453"/>
      </symbol>
      <symbol id="sm-b76">
         <name>GrDefaultStringRenderer</name>
         <value>0x35c1</value>
         <object_component_ref idref="oc-25b"/>
      </symbol>
      <symbol id="sm-b77">
         <name>GrFontGlyphRender</name>
         <value>0x1ea5</value>
         <object_component_ref idref="oc-465"/>
      </symbol>
      <symbol id="sm-b78">
         <name>GrContextFontSet</name>
         <value>0x4ebb</value>
         <object_component_ref idref="oc-137"/>
      </symbol>
      <symbol id="sm-b79">
         <name>GrFontGlyphDataGet</name>
         <value>0x4ae1</value>
         <object_component_ref idref="oc-45f"/>
      </symbol>
      <symbol id="sm-b7a">
         <name>GrStringDraw</name>
         <value>0x4ca1</value>
         <object_component_ref idref="oc-3ac"/>
      </symbol>
      <symbol id="sm-b7b">
         <name>GrFontCodepageGet</name>
         <value>0x4b65</value>
         <object_component_ref idref="oc-476"/>
      </symbol>
      <symbol id="sm-b7c">
         <name>GrStringNextCharGet</name>
         <value>0x49bd</value>
         <object_component_ref idref="oc-459"/>
      </symbol>
      <symbol id="sm-b7d">
         <name>GrStringWidthGet</name>
         <value>0x3d2d</value>
         <object_component_ref idref="oc-3a0"/>
      </symbol>
      <symbol id="sm-b7e">
         <name>GrFontBaselineGet</name>
         <value>0x4a19</value>
         <object_component_ref idref="oc-3a6"/>
      </symbol>
      <symbol id="sm-b90">
         <name>g_sFontFixed6x8</name>
         <value>0x52e0</value>
         <object_component_ref idref="oc-1fc"/>
      </symbol>
      <symbol id="sm-b9d">
         <name>GrMapISO8859_1_Unicode</name>
         <value>0x4e7f</value>
         <object_component_ref idref="oc-46c"/>
      </symbol>
      <symbol id="sm-ba9">
         <name>__aeabi_d2f</name>
         <value>0x3c55</value>
         <object_component_ref idref="oc-3cc"/>
      </symbol>
      <symbol id="sm-bb4">
         <name>__aeabi_f2d</name>
         <value>0x48ed</value>
         <object_component_ref idref="oc-3d6"/>
      </symbol>
      <symbol id="sm-bb5">
         <name>__TI_static_base__</name>
         <value>0x0</value>
      </symbol>
      <symbol id="sm-bb8">
         <name>SHT$$INIT_ARRAY$$Limit</name>
         <value>0x0</value>
      </symbol>
      <symbol id="sm-bb9">
         <name>SHT$$INIT_ARRAY$$Base</name>
         <value>0x0</value>
      </symbol>
   </symbol_table>
   <title>Link successful</title>
</link_info>
