<?xml version="1.0"?>
<link_info>
   <banner>TI ARM Linker PC v16.9.6.LTS</banner>
   <copyright>Copyright (c) 1996-2017 Texas Instruments Incorporated</copyright>
   <link_time>0x5ac823e3</link_time>
   <link_errors>0x0</link_errors>
   <output_file>CEC322_Link_Mena_Lab08.out</output_file>
   <entry_point>
      <name>_c_int00</name>
      <address>0x4235</address>
   </entry_point>
   <input_file_list>
      <input_file id="fl-2">
         <path>.\</path>
         <kind>object</kind>
         <file>Lab8_I2C.obj</file>
         <name>Lab8_I2C.obj</name>
      </input_file>
      <input_file id="fl-3">
         <path>.\</path>
         <kind>object</kind>
         <file>startup_ccs.obj</file>
         <name>startup_ccs.obj</name>
      </input_file>
      <input_file id="fl-4">
         <path>.\drivers\I2C\</path>
         <kind>object</kind>
         <file>personalI2C.obj</file>
         <name>personalI2C.obj</name>
      </input_file>
      <input_file id="fl-5">
         <path>.\drivers\LED\</path>
         <kind>object</kind>
         <file>LED.obj</file>
         <name>LED.obj</name>
      </input_file>
      <input_file id="fl-6">
         <path>.\drivers\MPU\</path>
         <kind>object</kind>
         <file>personalMpu.obj</file>
         <name>personalMpu.obj</name>
      </input_file>
      <input_file id="fl-7">
         <path>.\drivers\OLED\</path>
         <kind>object</kind>
         <file>displays.obj</file>
         <name>displays.obj</name>
      </input_file>
      <input_file id="fl-8">
         <path>.\drivers\Timers\</path>
         <kind>object</kind>
         <file>personalTimers.obj</file>
         <name>personalTimers.obj</name>
      </input_file>
      <input_file id="fl-9">
         <path>.\drivers\UART\</path>
         <kind>object</kind>
         <file>personalUART.obj</file>
         <name>personalUART.obj</name>
      </input_file>
      <input_file id="fl-a">
         <path>.\drivers\</path>
         <kind>object</kind>
         <file>cfal96x64x16.obj</file>
         <name>cfal96x64x16.obj</name>
      </input_file>
      <input_file id="fl-11">
         <kind>object</kind>
         <file>&lt;internal&gt;</file>
         <name>&lt;internal&gt;</name>
      </input_file>
      <input_file id="fl-c7">
         <path>C:\ti\ccsv7\tools\compiler\ti-cgt-arm_16.9.6.LTS\lib\</path>
         <kind>archive</kind>
         <file>rtsv7M4_T_le_v4SPD16_eabi.lib</file>
         <name>boot.obj</name>
      </input_file>
      <input_file id="fl-c8">
         <path>C:\ti\ccsv7\tools\compiler\ti-cgt-arm_16.9.6.LTS\lib\</path>
         <kind>archive</kind>
         <file>rtsv7M4_T_le_v4SPD16_eabi.lib</file>
         <name>copy_decompress_lzss.obj</name>
      </input_file>
      <input_file id="fl-c9">
         <path>C:\ti\ccsv7\tools\compiler\ti-cgt-arm_16.9.6.LTS\lib\</path>
         <kind>archive</kind>
         <file>rtsv7M4_T_le_v4SPD16_eabi.lib</file>
         <name>copy_decompress_none.obj</name>
      </input_file>
      <input_file id="fl-ca">
         <path>C:\ti\ccsv7\tools\compiler\ti-cgt-arm_16.9.6.LTS\lib\</path>
         <kind>archive</kind>
         <file>rtsv7M4_T_le_v4SPD16_eabi.lib</file>
         <name>copy_zero_init.obj</name>
      </input_file>
      <input_file id="fl-cb">
         <path>C:\ti\ccsv7\tools\compiler\ti-cgt-arm_16.9.6.LTS\lib\</path>
         <kind>archive</kind>
         <file>rtsv7M4_T_le_v4SPD16_eabi.lib</file>
         <name>exit.obj</name>
      </input_file>
      <input_file id="fl-cc">
         <path>C:\ti\ccsv7\tools\compiler\ti-cgt-arm_16.9.6.LTS\lib\</path>
         <kind>archive</kind>
         <file>rtsv7M4_T_le_v4SPD16_eabi.lib</file>
         <name>memcpy_t2.obj</name>
      </input_file>
      <input_file id="fl-cd">
         <path>C:\ti\ccsv7\tools\compiler\ti-cgt-arm_16.9.6.LTS\lib\</path>
         <kind>archive</kind>
         <file>rtsv7M4_T_le_v4SPD16_eabi.lib</file>
         <name>memset_t2.obj</name>
      </input_file>
      <input_file id="fl-ce">
         <path>C:\ti\ccsv7\tools\compiler\ti-cgt-arm_16.9.6.LTS\lib\</path>
         <kind>archive</kind>
         <file>rtsv7M4_T_le_v4SPD16_eabi.lib</file>
         <name>mpu_init.obj</name>
      </input_file>
      <input_file id="fl-cf">
         <path>C:\ti\ccsv7\tools\compiler\ti-cgt-arm_16.9.6.LTS\lib\</path>
         <kind>archive</kind>
         <file>rtsv7M4_T_le_v4SPD16_eabi.lib</file>
         <name>pre_init.obj</name>
      </input_file>
      <input_file id="fl-d0">
         <path>C:\ti\ccsv7\tools\compiler\ti-cgt-arm_16.9.6.LTS\lib\</path>
         <kind>archive</kind>
         <file>rtsv7M4_T_le_v4SPD16_eabi.lib</file>
         <name>sprintf.obj</name>
      </input_file>
      <input_file id="fl-d1">
         <path>C:\ti\ccsv7\tools\compiler\ti-cgt-arm_16.9.6.LTS\lib\</path>
         <kind>archive</kind>
         <file>rtsv7M4_T_le_v4SPD16_eabi.lib</file>
         <name>stkdepth_vars.obj</name>
      </input_file>
      <input_file id="fl-d2">
         <path>C:\ti\ccsv7\tools\compiler\ti-cgt-arm_16.9.6.LTS\lib\</path>
         <kind>archive</kind>
         <file>rtsv7M4_T_le_v4SPD16_eabi.lib</file>
         <name>strlen.obj</name>
      </input_file>
      <input_file id="fl-d3">
         <path>C:\ti\ccsv7\tools\compiler\ti-cgt-arm_16.9.6.LTS\lib\</path>
         <kind>archive</kind>
         <file>rtsv7M4_T_le_v4SPD16_eabi.lib</file>
         <name>tolower.obj</name>
      </input_file>
      <input_file id="fl-d4">
         <path>C:\ti\ccsv7\tools\compiler\ti-cgt-arm_16.9.6.LTS\lib\</path>
         <kind>archive</kind>
         <file>rtsv7M4_T_le_v4SPD16_eabi.lib</file>
         <name>_lock.obj</name>
      </input_file>
      <input_file id="fl-d5">
         <path>C:\ti\ccsv7\tools\compiler\ti-cgt-arm_16.9.6.LTS\lib\</path>
         <kind>archive</kind>
         <file>rtsv7M4_T_le_v4SPD16_eabi.lib</file>
         <name>_printfi.obj</name>
      </input_file>
      <input_file id="fl-d6">
         <path>C:\ti\ccsv7\tools\compiler\ti-cgt-arm_16.9.6.LTS\lib\</path>
         <kind>archive</kind>
         <file>rtsv7M4_T_le_v4SPD16_eabi.lib</file>
         <name>args_main.obj</name>
      </input_file>
      <input_file id="fl-d7">
         <path>C:\ti\ccsv7\tools\compiler\ti-cgt-arm_16.9.6.LTS\lib\</path>
         <kind>archive</kind>
         <file>rtsv7M4_T_le_v4SPD16_eabi.lib</file>
         <name>atoi.obj</name>
      </input_file>
      <input_file id="fl-d8">
         <path>C:\ti\ccsv7\tools\compiler\ti-cgt-arm_16.9.6.LTS\lib\</path>
         <kind>archive</kind>
         <file>rtsv7M4_T_le_v4SPD16_eabi.lib</file>
         <name>autoinit.obj</name>
      </input_file>
      <input_file id="fl-d9">
         <path>C:\ti\ccsv7\tools\compiler\ti-cgt-arm_16.9.6.LTS\lib\</path>
         <kind>archive</kind>
         <file>rtsv7M4_T_le_v4SPD16_eabi.lib</file>
         <name>cpy_tbl.obj</name>
      </input_file>
      <input_file id="fl-da">
         <path>C:\ti\ccsv7\tools\compiler\ti-cgt-arm_16.9.6.LTS\lib\</path>
         <kind>archive</kind>
         <file>rtsv7M4_T_le_v4SPD16_eabi.lib</file>
         <name>ctype.obj</name>
      </input_file>
      <input_file id="fl-db">
         <path>C:\ti\ccsv7\tools\compiler\ti-cgt-arm_16.9.6.LTS\lib\</path>
         <kind>archive</kind>
         <file>rtsv7M4_T_le_v4SPD16_eabi.lib</file>
         <name>fd_add_t2.obj</name>
      </input_file>
      <input_file id="fl-dc">
         <path>C:\ti\ccsv7\tools\compiler\ti-cgt-arm_16.9.6.LTS\lib\</path>
         <kind>archive</kind>
         <file>rtsv7M4_T_le_v4SPD16_eabi.lib</file>
         <name>fd_cmp_t2.obj</name>
      </input_file>
      <input_file id="fl-dd">
         <path>C:\ti\ccsv7\tools\compiler\ti-cgt-arm_16.9.6.LTS\lib\</path>
         <kind>archive</kind>
         <file>rtsv7M4_T_le_v4SPD16_eabi.lib</file>
         <name>fd_div_t2.obj</name>
      </input_file>
      <input_file id="fl-de">
         <path>C:\ti\ccsv7\tools\compiler\ti-cgt-arm_16.9.6.LTS\lib\</path>
         <kind>archive</kind>
         <file>rtsv7M4_T_le_v4SPD16_eabi.lib</file>
         <name>fd_mul_t2.obj</name>
      </input_file>
      <input_file id="fl-df">
         <path>C:\ti\ccsv7\tools\compiler\ti-cgt-arm_16.9.6.LTS\lib\</path>
         <kind>archive</kind>
         <file>rtsv7M4_T_le_v4SPD16_eabi.lib</file>
         <name>fd_toi_t2.obj</name>
      </input_file>
      <input_file id="fl-e0">
         <path>C:\ti\ccsv7\tools\compiler\ti-cgt-arm_16.9.6.LTS\lib\</path>
         <kind>archive</kind>
         <file>rtsv7M4_T_le_v4SPD16_eabi.lib</file>
         <name>i_tofd_t2.obj</name>
      </input_file>
      <input_file id="fl-e1">
         <path>C:\ti\ccsv7\tools\compiler\ti-cgt-arm_16.9.6.LTS\lib\</path>
         <kind>archive</kind>
         <file>rtsv7M4_T_le_v4SPD16_eabi.lib</file>
         <name>ltoa.obj</name>
      </input_file>
      <input_file id="fl-e2">
         <path>C:\ti\ccsv7\tools\compiler\ti-cgt-arm_16.9.6.LTS\lib\</path>
         <kind>archive</kind>
         <file>rtsv7M4_T_le_v4SPD16_eabi.lib</file>
         <name>memccpy.obj</name>
      </input_file>
      <input_file id="fl-e3">
         <path>C:\ti\ccsv7\tools\compiler\ti-cgt-arm_16.9.6.LTS\lib\</path>
         <kind>archive</kind>
         <file>rtsv7M4_T_le_v4SPD16_eabi.lib</file>
         <name>s_frexp.obj</name>
      </input_file>
      <input_file id="fl-e4">
         <path>C:\ti\ccsv7\tools\compiler\ti-cgt-arm_16.9.6.LTS\lib\</path>
         <kind>archive</kind>
         <file>rtsv7M4_T_le_v4SPD16_eabi.lib</file>
         <name>s_scalbn.obj</name>
      </input_file>
      <input_file id="fl-e5">
         <path>C:\ti\ccsv7\tools\compiler\ti-cgt-arm_16.9.6.LTS\lib\</path>
         <kind>archive</kind>
         <file>rtsv7M4_T_le_v4SPD16_eabi.lib</file>
         <name>startup.obj</name>
      </input_file>
      <input_file id="fl-e6">
         <path>C:\ti\ccsv7\tools\compiler\ti-cgt-arm_16.9.6.LTS\lib\</path>
         <kind>archive</kind>
         <file>rtsv7M4_T_le_v4SPD16_eabi.lib</file>
         <name>strchr.obj</name>
      </input_file>
      <input_file id="fl-e7">
         <path>C:\ti\ccsv7\tools\compiler\ti-cgt-arm_16.9.6.LTS\lib\</path>
         <kind>archive</kind>
         <file>rtsv7M4_T_le_v4SPD16_eabi.lib</file>
         <name>ull_div_t2.obj</name>
      </input_file>
      <input_file id="fl-e8">
         <path>C:\ti\ccsv7\tools\compiler\ti-cgt-arm_16.9.6.LTS\lib\</path>
         <kind>archive</kind>
         <file>rtsv7M4_T_le_v4SPD16_eabi.lib</file>
         <name>errno.obj</name>
      </input_file>
      <input_file id="fl-e9">
         <path>C:\ti\ccsv7\tools\compiler\ti-cgt-arm_16.9.6.LTS\lib\</path>
         <kind>archive</kind>
         <file>rtsv7M4_T_le_v4SPD16_eabi.lib</file>
         <name>s_copysign.obj</name>
      </input_file>
      <input_file id="fl-ea">
         <path>C:\ti\TivaWare_C_Series-2.1.3.156\sensorlib\ewarm\Exe\</path>
         <kind>archive</kind>
         <file>sensorlib.a</file>
         <name>i2cm_drv.o</name>
      </input_file>
      <input_file id="fl-eb">
         <path>C:\ti\TivaWare_C_Series-2.1.3.156\sensorlib\ewarm\Exe\</path>
         <kind>archive</kind>
         <file>sensorlib.a</file>
         <name>mpu9150.o</name>
      </input_file>
      <input_file id="fl-ec">
         <path>C:\ti\TivaWare_C_Series-2.1.3.156\driverlib\ccs\Debug\</path>
         <kind>archive</kind>
         <file>driverlib.lib</file>
         <name>fpu.obj</name>
      </input_file>
      <input_file id="fl-ed">
         <path>C:\ti\TivaWare_C_Series-2.1.3.156\driverlib\ccs\Debug\</path>
         <kind>archive</kind>
         <file>driverlib.lib</file>
         <name>gpio.obj</name>
      </input_file>
      <input_file id="fl-ee">
         <path>C:\ti\TivaWare_C_Series-2.1.3.156\driverlib\ccs\Debug\</path>
         <kind>archive</kind>
         <file>driverlib.lib</file>
         <name>i2c.obj</name>
      </input_file>
      <input_file id="fl-ef">
         <path>C:\ti\TivaWare_C_Series-2.1.3.156\driverlib\ccs\Debug\</path>
         <kind>archive</kind>
         <file>driverlib.lib</file>
         <name>interrupt.obj</name>
      </input_file>
      <input_file id="fl-f0">
         <path>C:\ti\TivaWare_C_Series-2.1.3.156\driverlib\ccs\Debug\</path>
         <kind>archive</kind>
         <file>driverlib.lib</file>
         <name>sysctl.obj</name>
      </input_file>
      <input_file id="fl-f1">
         <path>C:\ti\TivaWare_C_Series-2.1.3.156\driverlib\ccs\Debug\</path>
         <kind>archive</kind>
         <file>driverlib.lib</file>
         <name>timer.obj</name>
      </input_file>
      <input_file id="fl-f2">
         <path>C:\ti\TivaWare_C_Series-2.1.3.156\driverlib\ccs\Debug\</path>
         <kind>archive</kind>
         <file>driverlib.lib</file>
         <name>uart.obj</name>
      </input_file>
      <input_file id="fl-f3">
         <path>C:\ti\TivaWare_C_Series-2.1.3.156\driverlib\ccs\Debug\</path>
         <kind>archive</kind>
         <file>driverlib.lib</file>
         <name>cpu.obj</name>
      </input_file>
      <input_file id="fl-f4">
         <path>C:\ti\TivaWare_C_Series-2.1.3.156\grlib\ccs\Debug\</path>
         <kind>archive</kind>
         <file>grlib.lib</file>
         <name>circle.obj</name>
      </input_file>
      <input_file id="fl-f5">
         <path>C:\ti\TivaWare_C_Series-2.1.3.156\grlib\ccs\Debug\</path>
         <kind>archive</kind>
         <file>grlib.lib</file>
         <name>context.obj</name>
      </input_file>
      <input_file id="fl-f6">
         <path>C:\ti\TivaWare_C_Series-2.1.3.156\grlib\ccs\Debug\</path>
         <kind>archive</kind>
         <file>grlib.lib</file>
         <name>line.obj</name>
      </input_file>
      <input_file id="fl-f7">
         <path>C:\ti\TivaWare_C_Series-2.1.3.156\grlib\ccs\Debug\</path>
         <kind>archive</kind>
         <file>grlib.lib</file>
         <name>rectangle.obj</name>
      </input_file>
      <input_file id="fl-f8">
         <path>C:\ti\TivaWare_C_Series-2.1.3.156\grlib\ccs\Debug\</path>
         <kind>archive</kind>
         <file>grlib.lib</file>
         <name>string.obj</name>
      </input_file>
      <input_file id="fl-f9">
         <path>C:\ti\TivaWare_C_Series-2.1.3.156\grlib\ccs\Debug\</path>
         <kind>archive</kind>
         <file>grlib.lib</file>
         <name>fontfixed6x8.obj</name>
      </input_file>
      <input_file id="fl-fa">
         <path>C:\ti\TivaWare_C_Series-2.1.3.156\grlib\ccs\Debug\</path>
         <kind>archive</kind>
         <file>grlib.lib</file>
         <name>charmap.obj</name>
      </input_file>
      <input_file id="fl-fb">
         <path>C:\ti\ccsv7\tools\compiler\ti-cgt-arm_16.9.6.LTS\lib\</path>
         <kind>archive</kind>
         <file>rtsv7M4_T_le_v4SPD16_eabi.lib</file>
         <name>fd_tos_t2.obj</name>
      </input_file>
      <input_file id="fl-fc">
         <path>C:\ti\ccsv7\tools\compiler\ti-cgt-arm_16.9.6.LTS\lib\</path>
         <kind>archive</kind>
         <file>rtsv7M4_T_le_v4SPD16_eabi.lib</file>
         <name>fs_tod_t2.obj</name>
      </input_file>
   </input_file_list>
   <object_component_list>
      <object_component id="oc-f">
         <name>.intvecs</name>
         <load_address>0x0</load_address>
         <run_address>0x0</run_address>
         <size>0x26c</size>
         <input_file_ref idref="fl-3"/>
      </object_component>
      <object_component id="oc-54a">
         <name>.text</name>
         <load_address>0x26c</load_address>
         <run_address>0x26c</run_address>
         <size>0x113e</size>
         <input_file_ref idref="fl-d5"/>
      </object_component>
      <object_component id="oc-37">
         <name>.text:FaultISR</name>
         <load_address>0x13aa</load_address>
         <run_address>0x13aa</run_address>
         <size>0x2</size>
         <input_file_ref idref="fl-3"/>
      </object_component>
      <object_component id="oc-33c">
         <name>.text</name>
         <load_address>0x13ac</load_address>
         <run_address>0x13ac</run_address>
         <size>0x678</size>
         <input_file_ref idref="fl-ea"/>
      </object_component>
      <object_component id="oc-178">
         <name>.text</name>
         <load_address>0x1a24</load_address>
         <run_address>0x1a24</run_address>
         <size>0x480</size>
         <input_file_ref idref="fl-eb"/>
      </object_component>
      <object_component id="oc-464">
         <name>.text:GrFontGlyphRender</name>
         <load_address>0x1ea4</load_address>
         <run_address>0x1ea4</run_address>
         <size>0x254</size>
         <input_file_ref idref="fl-f8"/>
      </object_component>
      <object_component id="oc-3f3">
         <name>.text:GrCircleDraw</name>
         <load_address>0x20f8</load_address>
         <run_address>0x20f8</run_address>
         <size>0x208</size>
         <input_file_ref idref="fl-f4"/>
      </object_component>
      <object_component id="oc-5c0">
         <name>.text</name>
         <load_address>0x2300</load_address>
         <run_address>0x2300</run_address>
         <size>0x1f4</size>
         <input_file_ref idref="fl-e7"/>
      </object_component>
      <object_component id="oc-e7">
         <name>.text:main</name>
         <load_address>0x24f4</load_address>
         <run_address>0x24f4</run_address>
         <size>0x1c8</size>
         <input_file_ref idref="fl-2"/>
      </object_component>
      <object_component id="oc-415">
         <name>.text:CFAL96x64x16PixelDrawMultiple</name>
         <load_address>0x26bc</load_address>
         <run_address>0x26bc</run_address>
         <size>0x1be</size>
         <input_file_ref idref="fl-a"/>
      </object_component>
      <object_component id="oc-3d">
         <name>.text:IntDefaultHandler</name>
         <load_address>0x287a</load_address>
         <run_address>0x287a</run_address>
         <size>0x2</size>
         <input_file_ref idref="fl-3"/>
      </object_component>
      <object_component id="oc-12a">
         <name>.text:CFAL96x64x16Init</name>
         <load_address>0x287c</load_address>
         <run_address>0x287c</run_address>
         <size>0x1b8</size>
         <input_file_ref idref="fl-a"/>
      </object_component>
      <object_component id="oc-5e4">
         <name>.text</name>
         <load_address>0x2a34</load_address>
         <run_address>0x2a34</run_address>
         <size>0x1b6</size>
         <input_file_ref idref="fl-db"/>
      </object_component>
      <object_component id="oc-5ca">
         <name>.text</name>
         <load_address>0x2bea</load_address>
         <run_address>0x2bea</run_address>
         <size>0x136</size>
         <input_file_ref idref="fl-dd"/>
      </object_component>
      <object_component id="oc-487">
         <name>.text:GPIOPadConfigSet</name>
         <load_address>0x2d20</load_address>
         <run_address>0x2d20</run_address>
         <size>0x132</size>
         <input_file_ref idref="fl-ed"/>
      </object_component>
      <object_component id="oc-31">
         <name>.text:NmiSR</name>
         <load_address>0x2e52</load_address>
         <run_address>0x2e52</run_address>
         <size>0x2</size>
         <input_file_ref idref="fl-3"/>
      </object_component>
      <object_component id="oc-28d">
         <name>.text:SysCtlClockGet</name>
         <load_address>0x2e54</load_address>
         <run_address>0x2e54</run_address>
         <size>0x110</size>
         <input_file_ref idref="fl-f0"/>
      </object_component>
      <object_component id="oc-3d2">
         <name>.text</name>
         <load_address>0x2f64</load_address>
         <run_address>0x2f64</run_address>
         <size>0xfc</size>
         <input_file_ref idref="fl-de"/>
      </object_component>
      <object_component id="oc-5ef">
         <name>.text</name>
         <load_address>0x3060</load_address>
         <run_address>0x3060</run_address>
         <size>0xfc</size>
         <input_file_ref idref="fl-e4"/>
      </object_component>
      <object_component id="oc-124">
         <name>.text:SysCtlClockSet</name>
         <load_address>0x315c</load_address>
         <run_address>0x315c</run_address>
         <size>0xf4</size>
         <input_file_ref idref="fl-f0"/>
      </object_component>
      <object_component id="oc-1f5">
         <name>.text:displayInfoOnBoard</name>
         <load_address>0x3250</load_address>
         <run_address>0x3250</run_address>
         <size>0xe8</size>
         <input_file_ref idref="fl-7"/>
      </object_component>
      <object_component id="oc-166">
         <name>.text:diplaySplashOnOLED</name>
         <load_address>0x3338</load_address>
         <run_address>0x3338</run_address>
         <size>0xe4</size>
         <input_file_ref idref="fl-7"/>
      </object_component>
      <object_component id="oc-154">
         <name>.text:setupI2C</name>
         <load_address>0x341c</load_address>
         <run_address>0x341c</run_address>
         <size>0xdc</size>
         <input_file_ref idref="fl-4"/>
      </object_component>
      <object_component id="oc-421">
         <name>.text:CFAL96x64x16LineDrawV</name>
         <load_address>0x34f8</load_address>
         <run_address>0x34f8</run_address>
         <size>0xd8</size>
         <input_file_ref idref="fl-a"/>
      </object_component>
      <object_component id="oc-25f">
         <name>.text:GrDefaultStringRenderer</name>
         <load_address>0x35d0</load_address>
         <run_address>0x35d0</run_address>
         <size>0xc0</size>
         <input_file_ref idref="fl-f8"/>
      </object_component>
      <object_component id="oc-41b">
         <name>.text:CFAL96x64x16LineDrawH</name>
         <load_address>0x3690</load_address>
         <run_address>0x3690</run_address>
         <size>0xb8</size>
         <input_file_ref idref="fl-a"/>
      </object_component>
      <object_component id="oc-1ef">
         <name>.text:floatToString</name>
         <load_address>0x3748</load_address>
         <run_address>0x3748</run_address>
         <size>0xa4</size>
         <input_file_ref idref="fl-7"/>
      </object_component>
      <object_component id="oc-57">
         <name>.text</name>
         <load_address>0x37ec</load_address>
         <run_address>0x37ec</run_address>
         <size>0x9c</size>
         <input_file_ref idref="fl-cc"/>
      </object_component>
      <object_component id="oc-39a">
         <name>.text:GrRectFill</name>
         <load_address>0x3888</load_address>
         <run_address>0x3888</run_address>
         <size>0x86</size>
         <input_file_ref idref="fl-f7"/>
      </object_component>
      <object_component id="oc-5c5">
         <name>.text:__aeabi_cdcmple</name>
         <load_address>0x390e</load_address>
         <run_address>0x390e</run_address>
         <size>0x86</size>
         <input_file_ref idref="fl-dc"/>
      </object_component>
      <object_component id="oc-5cf">
         <name>.text:__aeabi_cdrcmple</name>
         <load_address>0x3994</load_address>
         <run_address>0x3994</run_address>
         <size>0x86</size>
         <input_file_ref idref="fl-dc"/>
      </object_component>
      <object_component id="oc-6f">
         <name>.text</name>
         <load_address>0x3a1a</load_address>
         <run_address>0x3a1a</run_address>
         <size>0x2</size>
         <input_file_ref idref="fl-ce"/>
      </object_component>
      <object_component id="oc-1e3">
         <name>.text:drawCrossCenterd</name>
         <load_address>0x3a1c</load_address>
         <run_address>0x3a1c</run_address>
         <size>0x7c</size>
         <input_file_ref idref="fl-7"/>
      </object_component>
      <object_component id="oc-63">
         <name>.text</name>
         <load_address>0x3a98</load_address>
         <run_address>0x3a98</run_address>
         <size>0x7a</size>
         <input_file_ref idref="fl-cd"/>
      </object_component>
      <object_component id="oc-df">
         <name>.text</name>
         <load_address>0x3b12</load_address>
         <run_address>0x3b12</run_address>
         <size>0x2</size>
         <input_file_ref idref="fl-e5"/>
      </object_component>
      <object_component id="oc-7b">
         <name>.text</name>
         <load_address>0x3b14</load_address>
         <run_address>0x3b14</run_address>
         <size>0x70</size>
         <input_file_ref idref="fl-d8"/>
      </object_component>
      <object_component id="oc-160">
         <name>.text:setupMPU</name>
         <load_address>0x3b84</load_address>
         <run_address>0x3b84</run_address>
         <size>0x70</size>
         <input_file_ref idref="fl-6"/>
      </object_component>
      <object_component id="oc-142">
         <name>.text:setupUART</name>
         <load_address>0x3bf4</load_address>
         <run_address>0x3bf4</run_address>
         <size>0x70</size>
         <input_file_ref idref="fl-9"/>
      </object_component>
      <object_component id="oc-3cd">
         <name>.text</name>
         <load_address>0x3c64</load_address>
         <run_address>0x3c64</run_address>
         <size>0x6e</size>
         <input_file_ref idref="fl-fb"/>
      </object_component>
      <object_component id="oc-136">
         <name>.text:GrContextInit</name>
         <load_address>0x3cd4</load_address>
         <run_address>0x3cd4</run_address>
         <size>0x68</size>
         <input_file_ref idref="fl-f5"/>
      </object_component>
      <object_component id="oc-3a0">
         <name>.text:GrStringWidthGet</name>
         <load_address>0x3d3c</load_address>
         <run_address>0x3d3c</run_address>
         <size>0x68</size>
         <input_file_ref idref="fl-f8"/>
      </object_component>
      <object_component id="oc-504">
         <name>.text:IntDisable</name>
         <load_address>0x3da4</load_address>
         <run_address>0x3da4</run_address>
         <size>0x68</size>
         <input_file_ref idref="fl-ef"/>
      </object_component>
      <object_component id="oc-299">
         <name>.text:IntEnable</name>
         <load_address>0x3e0c</load_address>
         <run_address>0x3e0c</run_address>
         <size>0x68</size>
         <input_file_ref idref="fl-ef"/>
      </object_component>
      <object_component id="oc-12">
         <name>.text:decompress:lzss</name>
         <load_address>0x3e74</load_address>
         <run_address>0x3e74</run_address>
         <size>0x68</size>
         <input_file_ref idref="fl-c8"/>
      </object_component>
      <object_component id="oc-4fe">
         <name>.text:IntIsEnabled</name>
         <load_address>0x3edc</load_address>
         <run_address>0x3edc</run_address>
         <size>0x64</size>
         <input_file_ref idref="fl-ef"/>
      </object_component>
      <object_component id="oc-5e9">
         <name>.text</name>
         <load_address>0x3f40</load_address>
         <run_address>0x3f40</run_address>
         <size>0x64</size>
         <input_file_ref idref="fl-e3"/>
      </object_component>
      <object_component id="oc-243">
         <name>.text:CFAL96x64x16WriteCommand</name>
         <load_address>0x3fa4</load_address>
         <run_address>0x3fa4</run_address>
         <size>0x60</size>
         <input_file_ref idref="fl-a"/>
      </object_component>
      <object_component id="oc-55c">
         <name>.text:CFAL96x64x16WriteData</name>
         <load_address>0x4004</load_address>
         <run_address>0x4004</run_address>
         <size>0x60</size>
         <input_file_ref idref="fl-a"/>
      </object_component>
      <object_component id="oc-2b9">
         <name>.text:TimerConfigure</name>
         <load_address>0x4064</load_address>
         <run_address>0x4064</run_address>
         <size>0x60</size>
         <input_file_ref idref="fl-f1"/>
      </object_component>
      <object_component id="oc-3fa">
         <name>.text</name>
         <load_address>0x40c4</load_address>
         <run_address>0x40c4</run_address>
         <size>0x60</size>
         <input_file_ref idref="fl-d0"/>
      </object_component>
      <object_component id="oc-14e">
         <name>.text:setupTimers</name>
         <load_address>0x4124</load_address>
         <run_address>0x4124</run_address>
         <size>0x60</size>
         <input_file_ref idref="fl-8"/>
      </object_component>
      <object_component id="oc-570">
         <name>.text:FontWideGlyphDataGet</name>
         <load_address>0x4184</load_address>
         <run_address>0x4184</run_address>
         <size>0x5a</size>
         <input_file_ref idref="fl-f8"/>
      </object_component>
      <object_component id="oc-304">
         <name>.text:GPIOIntTypeSet</name>
         <load_address>0x41de</load_address>
         <run_address>0x41de</run_address>
         <size>0x56</size>
         <input_file_ref idref="fl-ed"/>
      </object_component>
      <object_component id="oc-24">
         <name>.text</name>
         <load_address>0x4234</load_address>
         <run_address>0x4234</run_address>
         <size>0x54</size>
         <input_file_ref idref="fl-c7"/>
      </object_component>
      <object_component id="oc-87">
         <name>.text</name>
         <load_address>0x4288</load_address>
         <run_address>0x4288</run_address>
         <size>0x54</size>
         <input_file_ref idref="fl-cb"/>
      </object_component>
      <object_component id="oc-5d9">
         <name>.text</name>
         <load_address>0x42dc</load_address>
         <run_address>0x42dc</run_address>
         <size>0x54</size>
         <input_file_ref idref="fl-e1"/>
      </object_component>
      <object_component id="oc-2da">
         <name>.text:SysCtlPeripheralReset</name>
         <load_address>0x4330</load_address>
         <run_address>0x4330</run_address>
         <size>0x50</size>
         <input_file_ref idref="fl-f0"/>
      </object_component>
      <object_component id="oc-16c">
         <name>.text:printMainMenu</name>
         <load_address>0x4380</load_address>
         <run_address>0x4380</run_address>
         <size>0x50</size>
         <input_file_ref idref="fl-9"/>
      </object_component>
      <object_component id="oc-40f">
         <name>.text:CFAL96x64x16PixelDraw</name>
         <load_address>0x43d0</load_address>
         <run_address>0x43d0</run_address>
         <size>0x4e</size>
         <input_file_ref idref="fl-a"/>
      </object_component>
      <object_component id="oc-310">
         <name>.text:I2CMasterInitExpClk</name>
         <load_address>0x4420</load_address>
         <run_address>0x4420</run_address>
         <size>0x4c</size>
         <input_file_ref idref="fl-ee"/>
      </object_component>
      <object_component id="oc-4a0">
         <name>.text:_TimerIntNumberGet</name>
         <load_address>0x446c</load_address>
         <run_address>0x446c</run_address>
         <size>0x4c</size>
         <input_file_ref idref="fl-f1"/>
      </object_component>
      <object_component id="oc-1dd">
         <name>.text:clearBlack</name>
         <load_address>0x44b8</load_address>
         <run_address>0x44b8</run_address>
         <size>0x4c</size>
         <input_file_ref idref="fl-7"/>
      </object_component>
      <object_component id="oc-5fb">
         <name>.text</name>
         <load_address>0x4504</load_address>
         <run_address>0x4504</run_address>
         <size>0x4c</size>
         <input_file_ref idref="fl-d7"/>
      </object_component>
      <object_component id="oc-d9">
         <name>.text</name>
         <load_address>0x4550</load_address>
         <run_address>0x4550</run_address>
         <size>0x4c</size>
         <input_file_ref idref="fl-d9"/>
      </object_component>
      <object_component id="oc-26c">
         <name>.text:UpdateContextCharMapping</name>
         <load_address>0x459c</load_address>
         <run_address>0x459c</run_address>
         <size>0x4a</size>
         <input_file_ref idref="fl-f8"/>
      </object_component>
      <object_component id="oc-2e6">
         <name>.text:GPIOPinConfigure</name>
         <load_address>0x45e8</load_address>
         <run_address>0x45e8</run_address>
         <size>0x48</size>
         <input_file_ref idref="fl-ed"/>
      </object_component>
      <object_component id="oc-5d4">
         <name>.text</name>
         <load_address>0x4630</load_address>
         <run_address>0x4630</run_address>
         <size>0x48</size>
         <input_file_ref idref="fl-df"/>
      </object_component>
      <object_component id="oc-3e6">
         <name>.text:GrLineDrawH</name>
         <load_address>0x4678</load_address>
         <run_address>0x4678</run_address>
         <size>0x46</size>
         <input_file_ref idref="fl-f6"/>
      </object_component>
      <object_component id="oc-3ec">
         <name>.text:GrLineDrawV</name>
         <load_address>0x46be</load_address>
         <run_address>0x46be</run_address>
         <size>0x46</size>
         <input_file_ref idref="fl-f6"/>
      </object_component>
      <object_component id="oc-293">
         <name>.text:UARTConfigSetExpClk</name>
         <load_address>0x4704</load_address>
         <run_address>0x4704</run_address>
         <size>0x46</size>
         <input_file_ref idref="fl-f2"/>
      </object_component>
      <object_component id="oc-249">
         <name>.text:CFAL96x64x16RectFill</name>
         <load_address>0x474a</load_address>
         <run_address>0x474a</run_address>
         <size>0x44</size>
         <input_file_ref idref="fl-a"/>
      </object_component>
      <object_component id="oc-4c0">
         <name>.text:_GPIOIntNumberGet</name>
         <load_address>0x4790</load_address>
         <run_address>0x4790</run_address>
         <size>0x40</size>
         <input_file_ref idref="fl-ed"/>
      </object_component>
      <object_component id="oc-4c9">
         <name>.text:_I2CIntNumberGet</name>
         <load_address>0x47d0</load_address>
         <run_address>0x47d0</run_address>
         <size>0x40</size>
         <input_file_ref idref="fl-ee"/>
      </object_component>
      <object_component id="oc-43">
         <name>.text:IntUART0</name>
         <load_address>0x4810</load_address>
         <run_address>0x4810</run_address>
         <size>0x3c</size>
         <input_file_ref idref="fl-2"/>
      </object_component>
      <object_component id="oc-1e9">
         <name>.text:drawCircle</name>
         <load_address>0x484c</load_address>
         <run_address>0x484c</run_address>
         <size>0x3c</size>
         <input_file_ref idref="fl-7"/>
      </object_component>
      <object_component id="oc-576">
         <name>.text:FontGlyphDataGet</name>
         <load_address>0x4888</load_address>
         <run_address>0x4888</run_address>
         <size>0x3a</size>
         <input_file_ref idref="fl-f8"/>
      </object_component>
      <object_component id="oc-27b">
         <name>.text:SysCtlPeripheralReady</name>
         <load_address>0x48c4</load_address>
         <run_address>0x48c4</run_address>
         <size>0x38</size>
         <input_file_ref idref="fl-f0"/>
      </object_component>
      <object_component id="oc-3d7">
         <name>.text</name>
         <load_address>0x48fc</load_address>
         <run_address>0x48fc</run_address>
         <size>0x38</size>
         <input_file_ref idref="fl-fc"/>
      </object_component>
      <object_component id="oc-4a6">
         <name>.text:IntRegister</name>
         <load_address>0x4934</load_address>
         <run_address>0x4934</run_address>
         <size>0x34</size>
         <input_file_ref idref="fl-ef"/>
      </object_component>
      <object_component id="oc-275">
         <name>.text:SysCtlPeripheralEnable</name>
         <load_address>0x4968</load_address>
         <run_address>0x4968</run_address>
         <size>0x34</size>
         <input_file_ref idref="fl-f0"/>
      </object_component>
      <object_component id="oc-3b4">
         <name>.text:UARTSend</name>
         <load_address>0x499c</load_address>
         <run_address>0x499c</run_address>
         <size>0x30</size>
         <input_file_ref idref="fl-9"/>
      </object_component>
      <object_component id="oc-458">
         <name>.text:GrStringNextCharGet</name>
         <load_address>0x49cc</load_address>
         <run_address>0x49cc</run_address>
         <size>0x2e</size>
         <input_file_ref idref="fl-f8"/>
      </object_component>
      <object_component id="oc-5df">
         <name>.text</name>
         <load_address>0x49fa</load_address>
         <run_address>0x49fa</run_address>
         <size>0x2e</size>
         <input_file_ref idref="fl-e0"/>
      </object_component>
      <object_component id="oc-3a6">
         <name>.text:GrFontBaselineGet</name>
         <load_address>0x4a28</load_address>
         <run_address>0x4a28</run_address>
         <size>0x2c</size>
         <input_file_ref idref="fl-f8"/>
      </object_component>
      <object_component id="oc-481">
         <name>.text:GPIODirModeSet</name>
         <load_address>0x4a54</load_address>
         <run_address>0x4a54</run_address>
         <size>0x2a</size>
         <input_file_ref idref="fl-ed"/>
      </object_component>
      <object_component id="oc-427">
         <name>.text:CFAL96x64x16ColorTranslate</name>
         <load_address>0x4a7e</load_address>
         <run_address>0x4a7e</run_address>
         <size>0x28</size>
         <input_file_ref idref="fl-a"/>
      </object_component>
      <object_component id="oc-452">
         <name>.text:GrFontInfoGet</name>
         <load_address>0x4aa6</load_address>
         <run_address>0x4aa6</run_address>
         <size>0x26</size>
         <input_file_ref idref="fl-f8"/>
      </object_component>
      <object_component id="oc-148">
         <name>.text:setupLED</name>
         <load_address>0x4acc</load_address>
         <run_address>0x4acc</run_address>
         <size>0x24</size>
         <input_file_ref idref="fl-5"/>
      </object_component>
      <object_component id="oc-45e">
         <name>.text:GrFontGlyphDataGet</name>
         <load_address>0x4af0</load_address>
         <run_address>0x4af0</run_address>
         <size>0x22</size>
         <input_file_ref idref="fl-f8"/>
      </object_component>
      <object_component id="oc-281">
         <name>.text:UARTDisable</name>
         <load_address>0x4b14</load_address>
         <run_address>0x4b14</run_address>
         <size>0x20</size>
         <input_file_ref idref="fl-f2"/>
      </object_component>
      <object_component id="oc-3c5">
         <name>.text</name>
         <load_address>0x4b34</load_address>
         <run_address>0x4b34</run_address>
         <size>0x20</size>
         <input_file_ref idref="fl-ea"/>
      </object_component>
      <object_component id="oc-510">
         <name>.text</name>
         <load_address>0x4b54</load_address>
         <run_address>0x4b54</run_address>
         <size>0x20</size>
         <input_file_ref idref="fl-ea"/>
      </object_component>
      <object_component id="oc-475">
         <name>.text:GrFontCodepageGet</name>
         <load_address>0x4b74</load_address>
         <run_address>0x4b74</run_address>
         <size>0x1e</size>
         <input_file_ref idref="fl-f8"/>
      </object_component>
      <object_component id="oc-3bd">
         <name>.text</name>
         <load_address>0x4b92</load_address>
         <run_address>0x4b92</run_address>
         <size>0x1e</size>
         <input_file_ref idref="fl-ea"/>
      </object_component>
      <object_component id="oc-20b">
         <name>.text:MPUCallback</name>
         <load_address>0x4bb0</load_address>
         <run_address>0x4bb0</run_address>
         <size>0x1c</size>
         <input_file_ref idref="fl-6"/>
      </object_component>
      <object_component id="oc-328">
         <name>.text:MPUDone</name>
         <load_address>0x4bcc</load_address>
         <run_address>0x4bcc</run_address>
         <size>0x1c</size>
         <input_file_ref idref="fl-6"/>
      </object_component>
      <object_component id="oc-2d7">
         <name>.text:oneSecondTimer</name>
         <load_address>0x4be8</load_address>
         <run_address>0x4be8</run_address>
         <size>0x1c</size>
         <input_file_ref idref="fl-2"/>
      </object_component>
      <object_component id="oc-601">
         <name>.text</name>
         <load_address>0x4c04</load_address>
         <run_address>0x4c04</run_address>
         <size>0x1c</size>
         <input_file_ref idref="fl-e2"/>
      </object_component>
      <object_component id="oc-30a">
         <name>.text:GPIOIntRegister</name>
         <load_address>0x4c20</load_address>
         <run_address>0x4c20</run_address>
         <size>0x18</size>
         <input_file_ref idref="fl-ed"/>
      </object_component>
      <object_component id="oc-2ac">
         <name>.text:GPIOPinTypeGPIOOutput</name>
         <load_address>0x4c38</load_address>
         <run_address>0x4c38</run_address>
         <size>0x18</size>
         <input_file_ref idref="fl-ed"/>
      </object_component>
      <object_component id="oc-31c">
         <name>.text:I2CIntRegister</name>
         <load_address>0x4c50</load_address>
         <run_address>0x4c50</run_address>
         <size>0x18</size>
         <input_file_ref idref="fl-ee"/>
      </object_component>
      <object_component id="oc-2b3">
         <name>.text:TimerDisable</name>
         <load_address>0x4c68</load_address>
         <run_address>0x4c68</run_address>
         <size>0x18</size>
         <input_file_ref idref="fl-f1"/>
      </object_component>
      <object_component id="oc-2cb">
         <name>.text:TimerIntRegister</name>
         <load_address>0x4c80</load_address>
         <run_address>0x4c80</run_address>
         <size>0x18</size>
         <input_file_ref idref="fl-f1"/>
      </object_component>
      <object_component id="oc-81">
         <name>.text</name>
         <load_address>0x4c98</load_address>
         <run_address>0x4c98</run_address>
         <size>0x18</size>
         <input_file_ref idref="fl-d6"/>
      </object_component>
      <object_component id="oc-3ac">
         <name>.text:GrStringDraw</name>
         <load_address>0x4cb0</load_address>
         <run_address>0x4cb0</run_address>
         <size>0x16</size>
         <input_file_ref idref="fl-f8"/>
      </object_component>
      <object_component id="oc-5f5">
         <name>.text</name>
         <load_address>0x4cc6</load_address>
         <run_address>0x4cc6</run_address>
         <size>0x16</size>
         <input_file_ref idref="fl-e6"/>
      </object_component>
      <object_component id="oc-2a5">
         <name>.text:UARTEnable</name>
         <load_address>0x4cdc</load_address>
         <run_address>0x4cdc</run_address>
         <size>0x14</size>
         <input_file_ref idref="fl-f2"/>
      </object_component>
      <object_component id="oc-220">
         <name>.text</name>
         <load_address>0x4cf0</load_address>
         <run_address>0x4cf0</run_address>
         <size>0x14</size>
         <input_file_ref idref="fl-d4"/>
      </object_component>
      <object_component id="oc-640">
         <name>.text</name>
         <load_address>0x4d04</load_address>
         <run_address>0x4d04</run_address>
         <size>0x14</size>
         <input_file_ref idref="fl-e9"/>
      </object_component>
      <object_component id="oc-538">
         <name>.text</name>
         <load_address>0x4d18</load_address>
         <run_address>0x4d18</run_address>
         <size>0x14</size>
         <input_file_ref idref="fl-d2"/>
      </object_component>
      <object_component id="oc-2f8">
         <name>.text:GPIOPinTypeGPIOInput</name>
         <load_address>0x4d2c</load_address>
         <run_address>0x4d2c</run_address>
         <size>0x12</size>
         <input_file_ref idref="fl-ed"/>
      </object_component>
      <object_component id="oc-2f2">
         <name>.text:GPIOPinTypeI2C</name>
         <load_address>0x4d3e</load_address>
         <run_address>0x4d3e</run_address>
         <size>0x12</size>
         <input_file_ref idref="fl-ed"/>
      </object_component>
      <object_component id="oc-2ec">
         <name>.text:GPIOPinTypeI2CSCL</name>
         <load_address>0x4d50</load_address>
         <run_address>0x4d50</run_address>
         <size>0x12</size>
         <input_file_ref idref="fl-ed"/>
      </object_component>
      <object_component id="oc-287">
         <name>.text:GPIOPinTypeUART</name>
         <load_address>0x4d62</load_address>
         <run_address>0x4d62</run_address>
         <size>0x12</size>
         <input_file_ref idref="fl-ed"/>
      </object_component>
      <object_component id="oc-2bf">
         <name>.text:TimerLoadSet</name>
         <load_address>0x4d74</load_address>
         <run_address>0x4d74</run_address>
         <size>0x12</size>
         <input_file_ref idref="fl-f1"/>
      </object_component>
      <object_component id="oc-11e">
         <name>.text:FPULazyStackingEnable</name>
         <load_address>0x4d88</load_address>
         <run_address>0x4d88</run_address>
         <size>0x10</size>
         <input_file_ref idref="fl-ec"/>
      </object_component>
      <object_component id="oc-130">
         <name>.text:IntMasterDisable</name>
         <load_address>0x4d98</load_address>
         <run_address>0x4d98</run_address>
         <size>0x10</size>
         <input_file_ref idref="fl-ef"/>
      </object_component>
      <object_component id="oc-15a">
         <name>.text:IntMasterEnable</name>
         <load_address>0x4da8</load_address>
         <run_address>0x4da8</run_address>
         <size>0x10</size>
         <input_file_ref idref="fl-ef"/>
      </object_component>
      <object_component id="oc-32e">
         <name>.text:MPU9150I2CIntHandler</name>
         <load_address>0x4db8</load_address>
         <run_address>0x4db8</run_address>
         <size>0x10</size>
         <input_file_ref idref="fl-6"/>
      </object_component>
      <object_component id="oc-a7">
         <name>.text</name>
         <load_address>0x4dc8</load_address>
         <run_address>0x4dc8</run_address>
         <size>0x10</size>
         <input_file_ref idref="fl-d3"/>
      </object_component>
      <object_component id="oc-4d1">
         <name>.text:GPIOIntStatus</name>
         <load_address>0x4dd8</load_address>
         <run_address>0x4dd8</run_address>
         <size>0xe</size>
         <input_file_ref idref="fl-ed"/>
      </object_component>
      <object_component id="oc-2d1">
         <name>.text:TimerEnable</name>
         <load_address>0x4de6</load_address>
         <run_address>0x4de6</run_address>
         <size>0xe</size>
         <input_file_ref idref="fl-f1"/>
      </object_component>
      <object_component id="oc-a1">
         <name>.text:UARTCharGetNonBlocking</name>
         <load_address>0x4df4</load_address>
         <run_address>0x4df4</run_address>
         <size>0xe</size>
         <input_file_ref idref="fl-f2"/>
      </object_component>
      <object_component id="oc-ad">
         <name>.text:UARTCharsAvail</name>
         <load_address>0x4e02</load_address>
         <run_address>0x4e02</run_address>
         <size>0xe</size>
         <input_file_ref idref="fl-f2"/>
      </object_component>
      <object_component id="oc-18">
         <name>.text:decompress:none</name>
         <load_address>0x4e10</load_address>
         <run_address>0x4e10</run_address>
         <size>0xe</size>
         <input_file_ref idref="fl-c9"/>
      </object_component>
      <object_component id="oc-258">
         <name>.text:CPUcpsid</name>
         <load_address>0x4e1e</load_address>
         <run_address>0x4e1e</run_address>
         <size>0xc</size>
         <input_file_ref idref="fl-f3"/>
      </object_component>
      <object_component id="oc-335">
         <name>.text:CPUcpsie</name>
         <load_address>0x4e2a</load_address>
         <run_address>0x4e2a</run_address>
         <size>0xc</size>
         <input_file_ref idref="fl-f3"/>
      </object_component>
      <object_component id="oc-2fe">
         <name>.text:GPIOIntEnable</name>
         <load_address>0x4e36</load_address>
         <run_address>0x4e36</run_address>
         <size>0xc</size>
         <input_file_ref idref="fl-ed"/>
      </object_component>
      <object_component id="oc-50a">
         <name>.text:IntTrigger</name>
         <load_address>0x4e44</load_address>
         <run_address>0x4e44</run_address>
         <size>0xc</size>
         <input_file_ref idref="fl-ef"/>
      </object_component>
      <object_component id="oc-1e">
         <name>.text:decompress:ZI</name>
         <load_address>0x4e50</load_address>
         <run_address>0x4e50</run_address>
         <size>0xc</size>
         <input_file_ref idref="fl-ca"/>
      </object_component>
      <object_component id="oc-42d">
         <name>.text:CFAL96x64x16Flush</name>
         <load_address>0x4e5c</load_address>
         <run_address>0x4e5c</run_address>
         <size>0xa</size>
         <input_file_ref idref="fl-a"/>
      </object_component>
      <object_component id="oc-2e0">
         <name>.text:I2CMasterDisable</name>
         <load_address>0x4e66</load_address>
         <run_address>0x4e66</run_address>
         <size>0xa</size>
         <input_file_ref idref="fl-ee"/>
      </object_component>
      <object_component id="oc-322">
         <name>.text:I2CMasterEnable</name>
         <load_address>0x4e70</load_address>
         <run_address>0x4e70</run_address>
         <size>0xa</size>
         <input_file_ref idref="fl-ee"/>
      </object_component>
      <object_component id="oc-532">
         <name>.text:UARTCharPut</name>
         <load_address>0x4e7a</load_address>
         <run_address>0x4e7a</run_address>
         <size>0xa</size>
         <input_file_ref idref="fl-f2"/>
      </object_component>
      <object_component id="oc-95">
         <name>.text:UARTIntStatus</name>
         <load_address>0x4e84</load_address>
         <run_address>0x4e84</run_address>
         <size>0xa</size>
         <input_file_ref idref="fl-f2"/>
      </object_component>
      <object_component id="oc-46b">
         <name>.text:GrMapISO8859_1_Unicode</name>
         <load_address>0x4e8e</load_address>
         <run_address>0x4e8e</run_address>
         <size>0x8</size>
         <input_file_ref idref="fl-fa"/>
      </object_component>
      <object_component id="oc-4ec">
         <name>.text:I2CMasterIntClear</name>
         <load_address>0x4e96</load_address>
         <run_address>0x4e96</run_address>
         <size>0x8</size>
         <input_file_ref idref="fl-ee"/>
      </object_component>
      <object_component id="oc-4f8">
         <name>.text:I2CMasterIntEnableEx</name>
         <load_address>0x4e9e</load_address>
         <run_address>0x4e9e</run_address>
         <size>0x8</size>
         <input_file_ref idref="fl-ee"/>
      </object_component>
      <object_component id="oc-316">
         <name>.text:I2CMasterSlaveAddrSet</name>
         <load_address>0x4ea6</load_address>
         <run_address>0x4ea6</run_address>
         <size>0x8</size>
         <input_file_ref idref="fl-ee"/>
      </object_component>
      <object_component id="oc-2c5">
         <name>.text:TimerIntEnable</name>
         <load_address>0x4eae</load_address>
         <run_address>0x4eae</run_address>
         <size>0x8</size>
         <input_file_ref idref="fl-f1"/>
      </object_component>
      <object_component id="oc-29f">
         <name>.text:UARTIntEnable</name>
         <load_address>0x4eb6</load_address>
         <run_address>0x4eb6</run_address>
         <size>0x8</size>
         <input_file_ref idref="fl-f2"/>
      </object_component>
      <object_component id="oc-4d7">
         <name>.text:GPIOIntClear</name>
         <load_address>0x4ebe</load_address>
         <run_address>0x4ebe</run_address>
         <size>0x6</size>
         <input_file_ref idref="fl-ed"/>
      </object_component>
      <object_component id="oc-172">
         <name>.text:GPIOPinWrite</name>
         <load_address>0x4ec4</load_address>
         <run_address>0x4ec4</run_address>
         <size>0x6</size>
         <input_file_ref idref="fl-ed"/>
      </object_component>
      <object_component id="oc-13c">
         <name>.text:GrContextFontSet</name>
         <load_address>0x4eca</load_address>
         <run_address>0x4eca</run_address>
         <size>0x6</size>
         <input_file_ref idref="fl-f8"/>
      </object_component>
      <object_component id="oc-2b">
         <name>.text:ResetISR</name>
         <load_address>0x4ed0</load_address>
         <run_address>0x4ed0</run_address>
         <size>0x6</size>
         <input_file_ref idref="fl-3"/>
      </object_component>
      <object_component id="oc-240">
         <name>.text:SysCtlDelay</name>
         <load_address>0x4ed6</load_address>
         <run_address>0x4ed6</run_address>
         <size>0x6</size>
         <input_file_ref idref="fl-f0"/>
      </object_component>
      <object_component id="oc-4e6">
         <name>.text:I2CMasterControl</name>
         <load_address>0x4edc</load_address>
         <run_address>0x4edc</run_address>
         <size>0x4</size>
         <input_file_ref idref="fl-ee"/>
      </object_component>
      <object_component id="oc-4f2">
         <name>.text:I2CMasterDataGet</name>
         <load_address>0x4ee0</load_address>
         <run_address>0x4ee0</run_address>
         <size>0x4</size>
         <input_file_ref idref="fl-ee"/>
      </object_component>
      <object_component id="oc-4e0">
         <name>.text:I2CMasterDataPut</name>
         <load_address>0x4ee4</load_address>
         <run_address>0x4ee4</run_address>
         <size>0x4</size>
         <input_file_ref idref="fl-ee"/>
      </object_component>
      <object_component id="oc-4ae">
         <name>.text:TimerIntClear</name>
         <load_address>0x4ee8</load_address>
         <run_address>0x4ee8</run_address>
         <size>0x4</size>
         <input_file_ref idref="fl-f1"/>
      </object_component>
      <object_component id="oc-9b">
         <name>.text:UARTIntClear</name>
         <load_address>0x4eec</load_address>
         <run_address>0x4eec</run_address>
         <size>0x4</size>
         <input_file_ref idref="fl-f2"/>
      </object_component>
      <object_component id="oc-75">
         <name>.text</name>
         <load_address>0x4ef0</load_address>
         <run_address>0x4ef0</run_address>
         <size>0x4</size>
         <input_file_ref idref="fl-cf"/>
      </object_component>
      <object_component id="oc-436">
         <name>.const:.string:g_pui8FontFixed6x8Data</name>
         <load_address>0x4ef4</load_address>
         <run_address>0x4ef4</run_address>
         <size>0x2f8</size>
         <input_file_ref idref="fl-f9"/>
      </object_component>
      <object_component id="oc-103">
         <name>.const:.string:_ctypes_</name>
         <load_address>0x51ec</load_address>
         <run_address>0x51ec</run_address>
         <size>0x101</size>
         <input_file_ref idref="fl-da"/>
      </object_component>
      <object_component id="oc-201">
         <name>.const:g_sFontFixed6x8</name>
         <load_address>0x52f0</load_address>
         <run_address>0x52f0</run_address>
         <size>0xc8</size>
         <input_file_ref idref="fl-f9"/>
      </object_component>
      <object_component id="oc-59b">
         <name>.const:g_ppui32GPIOIntMapBlizzard</name>
         <load_address>0x53b8</load_address>
         <run_address>0x53b8</run_address>
         <size>0xc0</size>
         <input_file_ref idref="fl-ed"/>
      </object_component>
      <object_component id="oc-59e">
         <name>.const:g_ppui32GPIOIntMapSnowflake</name>
         <load_address>0x5478</load_address>
         <run_address>0x5478</run_address>
         <size>0xc0</size>
         <input_file_ref idref="fl-ed"/>
      </object_component>
      <object_component id="oc-4b7">
         <name>.const:g_pui32GPIOBaseAddrs</name>
         <load_address>0x5538</load_address>
         <run_address>0x5538</run_address>
         <size>0x90</size>
         <input_file_ref idref="fl-ed"/>
      </object_component>
      <object_component id="oc-493">
         <name>.const</name>
         <load_address>0x55c8</load_address>
         <run_address>0x55c8</run_address>
         <size>0x70</size>
         <input_file_ref idref="fl-ef"/>
      </object_component>
      <object_component id="oc-48e">
         <name>.const:g_pui32Xtals</name>
         <load_address>0x5638</load_address>
         <run_address>0x5638</run_address>
         <size>0x6c</size>
         <input_file_ref idref="fl-f0"/>
      </object_component>
      <object_component id="oc-58b">
         <name>.const:g_ppui32TimerIntMap</name>
         <load_address>0x56a4</load_address>
         <run_address>0x56a4</run_address>
         <size>0x60</size>
         <input_file_ref idref="fl-f1"/>
      </object_component>
      <object_component id="oc-5a5">
         <name>.const:g_ppui32I2CIntMapSnowflake</name>
         <load_address>0x5704</load_address>
         <run_address>0x5704</run_address>
         <size>0x50</size>
         <input_file_ref idref="fl-ee"/>
      </object_component>
      <object_component id="oc-58e">
         <name>.const:g_ppui32TimerIntMapSnowflake</name>
         <load_address>0x5754</load_address>
         <run_address>0x5754</run_address>
         <size>0x40</size>
         <input_file_ref idref="fl-f1"/>
      </object_component>
      <object_component id="oc-5a2">
         <name>.const:g_ppui32I2CIntMap</name>
         <load_address>0x5794</load_address>
         <run_address>0x5794</run_address>
         <size>0x30</size>
         <input_file_ref idref="fl-ee"/>
      </object_component>
      <object_component id="oc-1fe">
         <name>.const:g_sCFAL96x64x16</name>
         <load_address>0x57c4</load_address>
         <run_address>0x57c4</run_address>
         <size>0x28</size>
         <input_file_ref idref="fl-a"/>
      </object_component>
      <object_component id="oc-265">
         <name>.const</name>
         <load_address>0x57ec</load_address>
         <run_address>0x57ec</run_address>
         <size>0x10</size>
         <input_file_ref idref="fl-f5"/>
      </object_component>
      <object_component id="oc-695">
         <name>.cinit..data.load</name>
         <load_address>0x5800</load_address>
         <run_address>0x5800</run_address>
         <size>0x2d</size>
      </object_component>
      <object_component id="oc-692">
         <name>__TI_handler_table</name>
         <load_address>0x5830</load_address>
         <run_address>0x5830</run_address>
         <size>0xc</size>
      </object_component>
      <object_component id="oc-696">
         <name>.cinit..bss.load</name>
         <load_address>0x5840</load_address>
         <run_address>0x5840</run_address>
         <size>0x8</size>
      </object_component>
      <object_component id="oc-694">
         <name>.cinit..vtable.load</name>
         <load_address>0x5848</load_address>
         <run_address>0x5848</run_address>
         <size>0x8</size>
      </object_component>
      <object_component id="oc-693">
         <name>__TI_cinit_table</name>
         <load_address>0x5850</load_address>
         <run_address>0x5850</run_address>
         <size>0x18</size>
      </object_component>
      <object_component id="oc-592">
         <name>.vtable</name>
         <uninitialized>true</uninitialized>
         <run_address>0x20000000</run_address>
         <size>0x26c</size>
         <input_file_ref idref="fl-ef"/>
      </object_component>
      <object_component id="oc-b3">
         <name>.data</name>
         <load_address>0x20000c80</load_address>
         <run_address>0x20000c80</run_address>
         <size>0x8</size>
         <input_file_ref idref="fl-2"/>
      </object_component>
      <object_component id="oc-208">
         <name>.data</name>
         <load_address>0x20000c6b</load_address>
         <run_address>0x20000c6b</run_address>
         <size>0x1</size>
         <input_file_ref idref="fl-6"/>
      </object_component>
      <object_component id="oc-24f">
         <name>.data:g_ui8DisplayInitCommands</name>
         <load_address>0x20000c58</load_address>
         <run_address>0x20000c58</run_address>
         <size>0x13</size>
         <input_file_ref idref="fl-a"/>
      </object_component>
      <object_component id="oc-ef">
         <name>.data:$O1$$</name>
         <load_address>0x20000c6c</load_address>
         <run_address>0x20000c6c</run_address>
         <size>0xc</size>
         <input_file_ref idref="fl-cb"/>
      </object_component>
      <object_component id="oc-8d">
         <name>.data</name>
         <load_address>0x20000c8c</load_address>
         <run_address>0x20000c8c</run_address>
         <size>0x4</size>
         <input_file_ref idref="fl-d1"/>
      </object_component>
      <object_component id="oc-f2">
         <name>.data:$O1$$</name>
         <load_address>0x20000c78</load_address>
         <run_address>0x20000c78</run_address>
         <size>0x8</size>
         <input_file_ref idref="fl-d4"/>
      </object_component>
      <object_component id="oc-646">
         <name>.data</name>
         <load_address>0x20000c88</load_address>
         <run_address>0x20000c88</run_address>
         <size>0x4</size>
         <input_file_ref idref="fl-e8"/>
      </object_component>
      <object_component id="oc-204">
         <name>.bss:accelerometerData$2</name>
         <uninitialized>true</uninitialized>
         <run_address>0x20000c48</run_address>
         <size>0xc</size>
         <input_file_ref idref="fl-2"/>
      </object_component>
      <object_component id="oc-400">
         <name>.bss:buf$1</name>
         <uninitialized>true</uninitialized>
         <run_address>0x20000c28</run_address>
         <size>0x20</size>
         <input_file_ref idref="fl-7"/>
      </object_component>
      <object_component id="oc-1fb">
         <name>.common:sContext</name>
         <uninitialized>true</uninitialized>
         <run_address>0x20000bfc</run_address>
         <size>0x2c</size>
      </object_component>
      <object_component id="oc-398">
         <name>.common:g_sI2CInst</name>
         <uninitialized>true</uninitialized>
         <run_address>0x20000a6c</run_address>
         <size>0x124</size>
      </object_component>
      <object_component id="oc-205">
         <name>.common:g_sMPU9150Inst</name>
         <uninitialized>true</uninitialized>
         <run_address>0x20000b90</run_address>
         <size>0x6c</size>
      </object_component>
      <object_component id="oc-268">
         <name>.common:g_psGrLibDefaults</name>
         <uninitialized>true</uninitialized>
         <run_address>0x20000c54</run_address>
         <size>0x4</size>
      </object_component>
      <object_component id="oc-2a">
         <name>.stack</name>
         <uninitialized>true</uninitialized>
         <run_address>0x2000026c</run_address>
         <size>0x0</size>
         <input_file_ref idref="fl-c7"/>
      </object_component>
      <object_component id="oc-697">
         <name>.stack</name>
         <uninitialized>true</uninitialized>
         <run_address>0x2000026c</run_address>
         <size>0x0</size>
      </object_component>
      <object_component id="oc-1fc">
         <name>.debug_info</name>
         <load_address>0x0</load_address>
         <run_address>0x0</run_address>
         <size>0xae9</size>
         <input_file_ref idref="fl-2"/>
      </object_component>
      <object_component id="oc-b4">
         <name>.debug_info</name>
         <load_address>0xae9</load_address>
         <run_address>0xae9</run_address>
         <size>0xe2</size>
         <input_file_ref idref="fl-2"/>
      </object_component>
      <object_component id="oc-b6">
         <name>.debug_info</name>
         <load_address>0xbcb</load_address>
         <run_address>0xbcb</run_address>
         <size>0x14d</size>
         <input_file_ref idref="fl-2"/>
      </object_component>
      <object_component id="oc-45">
         <name>.debug_info</name>
         <load_address>0xd18</load_address>
         <run_address>0xd18</run_address>
         <size>0x18f</size>
         <input_file_ref idref="fl-2"/>
      </object_component>
      <object_component id="oc-e8">
         <name>.debug_info</name>
         <load_address>0xea7</load_address>
         <run_address>0xea7</run_address>
         <size>0x42a</size>
         <input_file_ref idref="fl-2"/>
      </object_component>
      <object_component id="oc-212">
         <name>.debug_info</name>
         <load_address>0x12d1</load_address>
         <run_address>0x12d1</run_address>
         <size>0x63</size>
         <input_file_ref idref="fl-2"/>
      </object_component>
      <object_component id="oc-253">
         <name>.debug_info</name>
         <load_address>0x1334</load_address>
         <run_address>0x1334</run_address>
         <size>0x6bd</size>
         <input_file_ref idref="fl-2"/>
      </object_component>
      <object_component id="oc-405">
         <name>.debug_info</name>
         <load_address>0x19f1</load_address>
         <run_address>0x19f1</run_address>
         <size>0x4e6</size>
         <input_file_ref idref="fl-2"/>
      </object_component>
      <object_component id="oc-557">
         <name>.debug_info</name>
         <load_address>0x1ed7</load_address>
         <run_address>0x1ed7</run_address>
         <size>0x108</size>
         <input_file_ref idref="fl-2"/>
      </object_component>
      <object_component id="oc-40a">
         <name>.debug_info</name>
         <load_address>0x1fdf</load_address>
         <run_address>0x1fdf</run_address>
         <size>0x16c</size>
         <input_file_ref idref="fl-2"/>
      </object_component>
      <object_component id="oc-fb">
         <name>.debug_info</name>
         <load_address>0x214b</load_address>
         <run_address>0x214b</run_address>
         <size>0x8b</size>
         <input_file_ref idref="fl-2"/>
      </object_component>
      <object_component id="oc-ba">
         <name>.debug_info</name>
         <load_address>0x21d6</load_address>
         <run_address>0x21d6</run_address>
         <size>0x18b</size>
         <input_file_ref idref="fl-2"/>
      </object_component>
      <object_component id="oc-4b">
         <name>.debug_info</name>
         <load_address>0x2361</load_address>
         <run_address>0x2361</run_address>
         <size>0x2aa</size>
         <input_file_ref idref="fl-3"/>
      </object_component>
      <object_component id="oc-10">
         <name>.debug_info</name>
         <load_address>0x260b</load_address>
         <run_address>0x260b</run_address>
         <size>0xe3</size>
         <input_file_ref idref="fl-3"/>
      </object_component>
      <object_component id="oc-2c">
         <name>.debug_info</name>
         <load_address>0x26ee</load_address>
         <run_address>0x26ee</run_address>
         <size>0x113</size>
         <input_file_ref idref="fl-3"/>
      </object_component>
      <object_component id="oc-32">
         <name>.debug_info</name>
         <load_address>0x2801</load_address>
         <run_address>0x2801</run_address>
         <size>0x104</size>
         <input_file_ref idref="fl-3"/>
      </object_component>
      <object_component id="oc-39">
         <name>.debug_info</name>
         <load_address>0x2905</load_address>
         <run_address>0x2905</run_address>
         <size>0x10a</size>
         <input_file_ref idref="fl-3"/>
      </object_component>
      <object_component id="oc-40">
         <name>.debug_info</name>
         <load_address>0x2a0f</load_address>
         <run_address>0x2a0f</run_address>
         <size>0x11c</size>
         <input_file_ref idref="fl-3"/>
      </object_component>
      <object_component id="oc-52">
         <name>.debug_info</name>
         <load_address>0x2b2b</load_address>
         <run_address>0x2b2b</run_address>
         <size>0x84</size>
         <input_file_ref idref="fl-3"/>
      </object_component>
      <object_component id="oc-155">
         <name>.debug_info</name>
         <load_address>0x2baf</load_address>
         <run_address>0x2baf</run_address>
         <size>0x374</size>
         <input_file_ref idref="fl-4"/>
      </object_component>
      <object_component id="oc-d0">
         <name>.debug_info</name>
         <load_address>0x2f23</load_address>
         <run_address>0x2f23</run_address>
         <size>0x2c</size>
         <input_file_ref idref="fl-4"/>
      </object_component>
      <object_component id="oc-61a">
         <name>.debug_info</name>
         <load_address>0x2f4f</load_address>
         <run_address>0x2f4f</run_address>
         <size>0x325</size>
         <input_file_ref idref="fl-5"/>
      </object_component>
      <object_component id="oc-14b">
         <name>.debug_info</name>
         <load_address>0x3274</load_address>
         <run_address>0x3274</run_address>
         <size>0x174</size>
         <input_file_ref idref="fl-5"/>
      </object_component>
      <object_component id="oc-552">
         <name>.debug_info</name>
         <load_address>0x33e8</load_address>
         <run_address>0x33e8</run_address>
         <size>0x4e</size>
         <input_file_ref idref="fl-5"/>
      </object_component>
      <object_component id="oc-206">
         <name>.debug_info</name>
         <load_address>0x3436</load_address>
         <run_address>0x3436</run_address>
         <size>0x4d4</size>
         <input_file_ref idref="fl-6"/>
      </object_component>
      <object_component id="oc-209">
         <name>.debug_info</name>
         <load_address>0x390a</load_address>
         <run_address>0x390a</run_address>
         <size>0xf1</size>
         <input_file_ref idref="fl-6"/>
      </object_component>
      <object_component id="oc-329">
         <name>.debug_info</name>
         <load_address>0x39fb</load_address>
         <run_address>0x39fb</run_address>
         <size>0x17a</size>
         <input_file_ref idref="fl-6"/>
      </object_component>
      <object_component id="oc-20c">
         <name>.debug_info</name>
         <load_address>0x3b75</load_address>
         <run_address>0x3b75</run_address>
         <size>0x1bf</size>
         <input_file_ref idref="fl-6"/>
      </object_component>
      <object_component id="oc-32f">
         <name>.debug_info</name>
         <load_address>0x3d34</load_address>
         <run_address>0x3d34</run_address>
         <size>0x164</size>
         <input_file_ref idref="fl-6"/>
      </object_component>
      <object_component id="oc-161">
         <name>.debug_info</name>
         <load_address>0x3e98</load_address>
         <run_address>0x3e98</run_address>
         <size>0x18a</size>
         <input_file_ref idref="fl-6"/>
      </object_component>
      <object_component id="oc-3b3">
         <name>.debug_info</name>
         <load_address>0x4022</load_address>
         <run_address>0x4022</run_address>
         <size>0x710</size>
         <input_file_ref idref="fl-7"/>
      </object_component>
      <object_component id="oc-1de">
         <name>.debug_info</name>
         <load_address>0x4732</load_address>
         <run_address>0x4732</run_address>
         <size>0x17d</size>
         <input_file_ref idref="fl-7"/>
      </object_component>
      <object_component id="oc-1f6">
         <name>.debug_info</name>
         <load_address>0x48af</load_address>
         <run_address>0x48af</run_address>
         <size>0x388</size>
         <input_file_ref idref="fl-7"/>
      </object_component>
      <object_component id="oc-167">
         <name>.debug_info</name>
         <load_address>0x4c37</load_address>
         <run_address>0x4c37</run_address>
         <size>0x24a</size>
         <input_file_ref idref="fl-7"/>
      </object_component>
      <object_component id="oc-1e4">
         <name>.debug_info</name>
         <load_address>0x4e81</load_address>
         <run_address>0x4e81</run_address>
         <size>0x1f8</size>
         <input_file_ref idref="fl-7"/>
      </object_component>
      <object_component id="oc-1eb">
         <name>.debug_info</name>
         <load_address>0x5079</load_address>
         <run_address>0x5079</run_address>
         <size>0x1b6</size>
         <input_file_ref idref="fl-7"/>
      </object_component>
      <object_component id="oc-1f2">
         <name>.debug_info</name>
         <load_address>0x522f</load_address>
         <run_address>0x522f</run_address>
         <size>0x1ca</size>
         <input_file_ref idref="fl-7"/>
      </object_component>
      <object_component id="oc-14f">
         <name>.debug_info</name>
         <load_address>0x53f9</load_address>
         <run_address>0x53f9</run_address>
         <size>0x226</size>
         <input_file_ref idref="fl-8"/>
      </object_component>
      <object_component id="oc-53f">
         <name>.debug_info</name>
         <load_address>0x561f</load_address>
         <run_address>0x561f</run_address>
         <size>0x4f1</size>
         <input_file_ref idref="fl-9"/>
      </object_component>
      <object_component id="oc-143">
         <name>.debug_info</name>
         <load_address>0x5b10</load_address>
         <run_address>0x5b10</run_address>
         <size>0x250</size>
         <input_file_ref idref="fl-9"/>
      </object_component>
      <object_component id="oc-3b5">
         <name>.debug_info</name>
         <load_address>0x5d60</load_address>
         <run_address>0x5d60</run_address>
         <size>0x1b9</size>
         <input_file_ref idref="fl-9"/>
      </object_component>
      <object_component id="oc-16d">
         <name>.debug_info</name>
         <load_address>0x5f19</load_address>
         <run_address>0x5f19</run_address>
         <size>0x156</size>
         <input_file_ref idref="fl-9"/>
      </object_component>
      <object_component id="oc-435">
         <name>.debug_info</name>
         <load_address>0x606f</load_address>
         <run_address>0x606f</run_address>
         <size>0x4e5</size>
         <input_file_ref idref="fl-a"/>
      </object_component>
      <object_component id="oc-250">
         <name>.debug_info</name>
         <load_address>0x6554</load_address>
         <run_address>0x6554</run_address>
         <size>0x13e</size>
         <input_file_ref idref="fl-a"/>
      </object_component>
      <object_component id="oc-1ff">
         <name>.debug_info</name>
         <load_address>0x6692</load_address>
         <run_address>0x6692</run_address>
         <size>0x12e</size>
         <input_file_ref idref="fl-a"/>
      </object_component>
      <object_component id="oc-244">
         <name>.debug_info</name>
         <load_address>0x67c0</load_address>
         <run_address>0x67c0</run_address>
         <size>0x275</size>
         <input_file_ref idref="fl-a"/>
      </object_component>
      <object_component id="oc-55e">
         <name>.debug_info</name>
         <load_address>0x6a35</load_address>
         <run_address>0x6a35</run_address>
         <size>0x273</size>
         <input_file_ref idref="fl-a"/>
      </object_component>
      <object_component id="oc-410">
         <name>.debug_info</name>
         <load_address>0x6ca8</load_address>
         <run_address>0x6ca8</run_address>
         <size>0x310</size>
         <input_file_ref idref="fl-a"/>
      </object_component>
      <object_component id="oc-416">
         <name>.debug_info</name>
         <load_address>0x6fb8</load_address>
         <run_address>0x6fb8</run_address>
         <size>0x45c</size>
         <input_file_ref idref="fl-a"/>
      </object_component>
      <object_component id="oc-41d">
         <name>.debug_info</name>
         <load_address>0x7414</load_address>
         <run_address>0x7414</run_address>
         <size>0x33a</size>
         <input_file_ref idref="fl-a"/>
      </object_component>
      <object_component id="oc-422">
         <name>.debug_info</name>
         <load_address>0x774e</load_address>
         <run_address>0x774e</run_address>
         <size>0x359</size>
         <input_file_ref idref="fl-a"/>
      </object_component>
      <object_component id="oc-24a">
         <name>.debug_info</name>
         <load_address>0x7aa7</load_address>
         <run_address>0x7aa7</run_address>
         <size>0x2c8</size>
         <input_file_ref idref="fl-a"/>
      </object_component>
      <object_component id="oc-428">
         <name>.debug_info</name>
         <load_address>0x7d6f</load_address>
         <run_address>0x7d6f</run_address>
         <size>0x287</size>
         <input_file_ref idref="fl-a"/>
      </object_component>
      <object_component id="oc-42e">
         <name>.debug_info</name>
         <load_address>0x7ff6</load_address>
         <run_address>0x7ff6</run_address>
         <size>0x23a</size>
         <input_file_ref idref="fl-a"/>
      </object_component>
      <object_component id="oc-12b">
         <name>.debug_info</name>
         <load_address>0x8230</load_address>
         <run_address>0x8230</run_address>
         <size>0x2e8</size>
         <input_file_ref idref="fl-a"/>
      </object_component>
      <object_component id="oc-27">
         <name>.debug_info</name>
         <load_address>0x8518</load_address>
         <run_address>0x8518</run_address>
         <size>0x160</size>
         <input_file_ref idref="fl-c7"/>
      </object_component>
      <object_component id="oc-c6">
         <name>.debug_info</name>
         <load_address>0x8678</load_address>
         <run_address>0x8678</run_address>
         <size>0x293</size>
         <input_file_ref idref="fl-c8"/>
      </object_component>
      <object_component id="oc-16">
         <name>.debug_info</name>
         <load_address>0x890b</load_address>
         <run_address>0x890b</run_address>
         <size>0x245</size>
         <input_file_ref idref="fl-c8"/>
      </object_component>
      <object_component id="oc-4d">
         <name>.debug_info</name>
         <load_address>0x8b50</load_address>
         <run_address>0x8b50</run_address>
         <size>0x60</size>
         <input_file_ref idref="fl-c8"/>
      </object_component>
      <object_component id="oc-c1">
         <name>.debug_info</name>
         <load_address>0x8bb0</load_address>
         <run_address>0x8bb0</run_address>
         <size>0x46</size>
         <input_file_ref idref="fl-c8"/>
      </object_component>
      <object_component id="oc-62">
         <name>.debug_info</name>
         <load_address>0x8bf6</load_address>
         <run_address>0x8bf6</run_address>
         <size>0x2da</size>
         <input_file_ref idref="fl-c9"/>
      </object_component>
      <object_component id="oc-1b">
         <name>.debug_info</name>
         <load_address>0x8ed0</load_address>
         <run_address>0x8ed0</run_address>
         <size>0x1df</size>
         <input_file_ref idref="fl-c9"/>
      </object_component>
      <object_component id="oc-5d">
         <name>.debug_info</name>
         <load_address>0x90af</load_address>
         <run_address>0x90af</run_address>
         <size>0x46</size>
         <input_file_ref idref="fl-c9"/>
      </object_component>
      <object_component id="oc-c8">
         <name>.debug_info</name>
         <load_address>0x90f5</load_address>
         <run_address>0x90f5</run_address>
         <size>0x2c</size>
         <input_file_ref idref="fl-c9"/>
      </object_component>
      <object_component id="oc-6e">
         <name>.debug_info</name>
         <load_address>0x9121</load_address>
         <run_address>0x9121</run_address>
         <size>0x2c9</size>
         <input_file_ref idref="fl-ca"/>
      </object_component>
      <object_component id="oc-21">
         <name>.debug_info</name>
         <load_address>0x93ea</load_address>
         <run_address>0x93ea</run_address>
         <size>0x1aa</size>
         <input_file_ref idref="fl-ca"/>
      </object_component>
      <object_component id="oc-69">
         <name>.debug_info</name>
         <load_address>0x9594</load_address>
         <run_address>0x9594</run_address>
         <size>0x46</size>
[...]
         <name>__aeabi_dadd</name>
         <value>0x2a3f</value>
         <object_component_ref idref="oc-5e4"/>
      </symbol>
      <symbol id="sm-55f">
         <name>__aeabi_cdcmpeq</name>
         <value>0x390f</value>
         <object_component_ref idref="oc-5c5"/>
      </symbol>
      <symbol id="sm-560">
         <name>__aeabi_cdcmple</name>
         <value>0x390f</value>
         <object_component_ref idref="oc-5c5"/>
      </symbol>
      <symbol id="sm-561">
         <name>__aeabi_cdrcmple</name>
         <value>0x3995</value>
         <object_component_ref idref="oc-5cf"/>
      </symbol>
      <symbol id="sm-575">
         <name>__aeabi_ddiv</name>
         <value>0x2beb</value>
         <object_component_ref idref="oc-5ca"/>
      </symbol>
      <symbol id="sm-580">
         <name>__aeabi_dmul</name>
         <value>0x2f65</value>
         <object_component_ref idref="oc-3d2"/>
      </symbol>
      <symbol id="sm-58a">
         <name>__aeabi_d2iz</name>
         <value>0x4631</value>
         <object_component_ref idref="oc-5d4"/>
      </symbol>
      <symbol id="sm-594">
         <name>__aeabi_i2d</name>
         <value>0x49fb</value>
         <object_component_ref idref="oc-5df"/>
      </symbol>
      <symbol id="sm-5a3">
         <name>ltoa</name>
         <value>0x42dd</value>
         <object_component_ref idref="oc-5d9"/>
      </symbol>
      <symbol id="sm-5b3">
         <name>memccpy</name>
         <value>0x4c05</value>
         <object_component_ref idref="oc-601"/>
      </symbol>
      <symbol id="sm-5ce">
         <name>frexpl</name>
         <value>0x3f41</value>
         <object_component_ref idref="oc-5e9"/>
      </symbol>
      <symbol id="sm-5cf">
         <name>frexp</name>
         <value>0x3f41</value>
         <object_component_ref idref="oc-5e9"/>
      </symbol>
      <symbol id="sm-5ec">
         <name>scalbn</name>
         <value>0x3061</value>
         <object_component_ref idref="oc-5ef"/>
      </symbol>
      <symbol id="sm-5ed">
         <name>scalbnl</name>
         <value>0x3061</value>
         <object_component_ref idref="oc-5ef"/>
      </symbol>
      <symbol id="sm-5ee">
         <name>ldexpl</name>
         <value>0x3061</value>
         <object_component_ref idref="oc-5ef"/>
      </symbol>
      <symbol id="sm-5ef">
         <name>ldexp</name>
         <value>0x3061</value>
         <object_component_ref idref="oc-5ef"/>
      </symbol>
      <symbol id="sm-5f9">
         <name>_system_post_cinit</name>
         <value>0x3b13</value>
         <object_component_ref idref="oc-df"/>
      </symbol>
      <symbol id="sm-609">
         <name>strchr</name>
         <value>0x4cc7</value>
         <object_component_ref idref="oc-5f5"/>
      </symbol>
      <symbol id="sm-625">
         <name>__aeabi_uldivmod</name>
         <value>0x2301</value>
         <object_component_ref idref="oc-5c0"/>
      </symbol>
      <symbol id="sm-62d">
         <name>errno</name>
         <value>0x20000c88</value>
         <object_component_ref idref="oc-646"/>
      </symbol>
      <symbol id="sm-637">
         <name>copysign</name>
         <value>0x4d05</value>
         <object_component_ref idref="oc-640"/>
      </symbol>
      <symbol id="sm-638">
         <name>copysignl</name>
         <value>0x4d05</value>
         <object_component_ref idref="oc-640"/>
      </symbol>
      <symbol id="sm-6da">
         <name>I2CMCommand</name>
         <value>0x16a3</value>
         <object_component_ref idref="oc-33c"/>
      </symbol>
      <symbol id="sm-6db">
         <name>I2CMInit</name>
         <value>0x166f</value>
         <object_component_ref idref="oc-33c"/>
      </symbol>
      <symbol id="sm-6dc">
         <name>I2CMIntHandler</name>
         <value>0x143d</value>
         <object_component_ref idref="oc-33c"/>
      </symbol>
      <symbol id="sm-6dd">
         <name>I2CMRead</name>
         <value>0x4b35</value>
         <object_component_ref idref="oc-3c5"/>
      </symbol>
      <symbol id="sm-6de">
         <name>I2CMRead16BE</name>
         <value>0x195d</value>
         <object_component_ref idref="oc-33c"/>
      </symbol>
      <symbol id="sm-6df">
         <name>I2CMReadModifyWrite16LE</name>
         <value>0x185f</value>
         <object_component_ref idref="oc-33c"/>
      </symbol>
      <symbol id="sm-6e0">
         <name>I2CMReadModifyWrite8</name>
         <value>0x17a1</value>
         <object_component_ref idref="oc-33c"/>
      </symbol>
      <symbol id="sm-6e1">
         <name>I2CMTransferResume</name>
         <value>0x1721</value>
         <object_component_ref idref="oc-33c"/>
      </symbol>
      <symbol id="sm-6e2">
         <name>I2CMWrite</name>
         <value>0x4b93</value>
         <object_component_ref idref="oc-3bd"/>
      </symbol>
      <symbol id="sm-6e3">
         <name>I2CMWrite16BE</name>
         <value>0x19d5</value>
         <object_component_ref idref="oc-33c"/>
      </symbol>
      <symbol id="sm-6e4">
         <name>I2CMWrite8</name>
         <value>0x18ed</value>
         <object_component_ref idref="oc-33c"/>
      </symbol>
      <symbol id="sm-6e5">
         <name>I2CMWriteBatched</name>
         <value>0x4b55</value>
         <object_component_ref idref="oc-510"/>
      </symbol>
      <symbol id="sm-768">
         <name>MPU9150DataAccelGetFloat</name>
         <value>0x1cfd</value>
         <object_component_ref idref="oc-178"/>
      </symbol>
      <symbol id="sm-769">
         <name>MPU9150DataAccelGetRaw</name>
         <value>0x1cf7</value>
         <object_component_ref idref="oc-178"/>
      </symbol>
      <symbol id="sm-76a">
         <name>MPU9150DataGyroGetFloat</name>
         <value>0x1d65</value>
         <object_component_ref idref="oc-178"/>
      </symbol>
      <symbol id="sm-76b">
         <name>MPU9150DataGyroGetRaw</name>
         <value>0x1d3b</value>
         <object_component_ref idref="oc-178"/>
      </symbol>
      <symbol id="sm-76c">
         <name>MPU9150DataMagnetoGetFloat</name>
         <value>0x1e09</value>
         <object_component_ref idref="oc-178"/>
      </symbol>
      <symbol id="sm-76d">
         <name>MPU9150DataMagnetoGetRaw</name>
         <value>0x1ddf</value>
         <object_component_ref idref="oc-178"/>
      </symbol>
      <symbol id="sm-76e">
         <name>MPU9150DataRead</name>
         <value>0x1cb1</value>
         <object_component_ref idref="oc-178"/>
      </symbol>
      <symbol id="sm-76f">
         <name>MPU9150Init</name>
         <value>0x1b75</value>
         <object_component_ref idref="oc-178"/>
      </symbol>
      <symbol id="sm-770">
         <name>MPU9150MagnetoInstGet</name>
         <value>0x1bb9</value>
         <object_component_ref idref="oc-178"/>
      </symbol>
      <symbol id="sm-771">
         <name>MPU9150Read</name>
         <value>0x1bbd</value>
         <object_component_ref idref="oc-178"/>
      </symbol>
      <symbol id="sm-772">
         <name>MPU9150ReadModifyWrite</name>
         <value>0x1c6d</value>
         <object_component_ref idref="oc-178"/>
      </symbol>
      <symbol id="sm-773">
         <name>MPU9150Write</name>
         <value>0x1c01</value>
         <object_component_ref idref="oc-178"/>
      </symbol>
      <symbol id="sm-77f">
         <name>FPULazyStackingEnable</name>
         <value>0x4d89</value>
         <object_component_ref idref="oc-11e"/>
      </symbol>
      <symbol id="sm-820">
         <name>GPIOIntRegister</name>
         <value>0x4c21</value>
         <object_component_ref idref="oc-30a"/>
      </symbol>
      <symbol id="sm-821">
         <name>GPIOPinConfigure</name>
         <value>0x45e9</value>
         <object_component_ref idref="oc-2e6"/>
      </symbol>
      <symbol id="sm-822">
         <name>GPIOPinTypeI2CSCL</name>
         <value>0x4d51</value>
         <object_component_ref idref="oc-2ec"/>
      </symbol>
      <symbol id="sm-823">
         <name>GPIOIntEnable</name>
         <value>0x4e37</value>
         <object_component_ref idref="oc-2fe"/>
      </symbol>
      <symbol id="sm-824">
         <name>GPIOPinTypeI2C</name>
         <value>0x4d3f</value>
         <object_component_ref idref="oc-2f2"/>
      </symbol>
      <symbol id="sm-825">
         <name>GPIOIntTypeSet</name>
         <value>0x41df</value>
         <object_component_ref idref="oc-304"/>
      </symbol>
      <symbol id="sm-826">
         <name>GPIOPinTypeGPIOInput</name>
         <value>0x4d2d</value>
         <object_component_ref idref="oc-2f8"/>
      </symbol>
      <symbol id="sm-827">
         <name>GPIOIntClear</name>
         <value>0x4ebf</value>
         <object_component_ref idref="oc-4d7"/>
      </symbol>
      <symbol id="sm-828">
         <name>GPIOPinTypeUART</name>
         <value>0x4d63</value>
         <object_component_ref idref="oc-287"/>
      </symbol>
      <symbol id="sm-829">
         <name>GPIOIntStatus</name>
         <value>0x4dd9</value>
         <object_component_ref idref="oc-4d1"/>
      </symbol>
      <symbol id="sm-82a">
         <name>GPIOPinTypeGPIOOutput</name>
         <value>0x4c39</value>
         <object_component_ref idref="oc-2ac"/>
      </symbol>
      <symbol id="sm-82b">
         <name>GPIODirModeSet</name>
         <value>0x4a55</value>
         <object_component_ref idref="oc-481"/>
      </symbol>
      <symbol id="sm-82c">
         <name>GPIOPinWrite</name>
         <value>0x4ec5</value>
         <object_component_ref idref="oc-172"/>
      </symbol>
      <symbol id="sm-82d">
         <name>GPIOPadConfigSet</name>
         <value>0x2d21</value>
         <object_component_ref idref="oc-487"/>
      </symbol>
      <symbol id="sm-8a5">
         <name>I2CIntRegister</name>
         <value>0x4c51</value>
         <object_component_ref idref="oc-31c"/>
      </symbol>
      <symbol id="sm-8a6">
         <name>I2CMasterDataPut</name>
         <value>0x4ee5</value>
         <object_component_ref idref="oc-4e0"/>
      </symbol>
      <symbol id="sm-8a7">
         <name>I2CMasterInitExpClk</name>
         <value>0x4421</value>
         <object_component_ref idref="oc-310"/>
      </symbol>
      <symbol id="sm-8a8">
         <name>I2CMasterSlaveAddrSet</name>
         <value>0x4ea7</value>
         <object_component_ref idref="oc-316"/>
      </symbol>
      <symbol id="sm-8a9">
         <name>I2CMasterDataGet</name>
         <value>0x4ee1</value>
         <object_component_ref idref="oc-4f2"/>
      </symbol>
      <symbol id="sm-8aa">
         <name>I2CMasterIntEnableEx</name>
         <value>0x4e9f</value>
         <object_component_ref idref="oc-4f8"/>
      </symbol>
      <symbol id="sm-8ab">
         <name>I2CMasterControl</name>
         <value>0x4edd</value>
         <object_component_ref idref="oc-4e6"/>
      </symbol>
      <symbol id="sm-8ac">
         <name>I2CMasterEnable</name>
         <value>0x4e71</value>
         <object_component_ref idref="oc-322"/>
      </symbol>
      <symbol id="sm-8ad">
         <name>I2CMasterIntClear</name>
         <value>0x4e97</value>
         <object_component_ref idref="oc-4ec"/>
      </symbol>
      <symbol id="sm-8ae">
         <name>I2CMasterDisable</name>
         <value>0x4e67</value>
         <object_component_ref idref="oc-2e0"/>
      </symbol>
      <symbol id="sm-927">
         <name>IntIsEnabled</name>
         <value>0x3edd</value>
         <object_component_ref idref="oc-4fe"/>
      </symbol>
      <symbol id="sm-928">
         <name>IntEnable</name>
         <value>0x3e0d</value>
         <object_component_ref idref="oc-299"/>
      </symbol>
      <symbol id="sm-929">
         <name>IntTrigger</name>
         <value>0x4e45</value>
         <object_component_ref idref="oc-50a"/>
      </symbol>
      <symbol id="sm-92a">
         <name>IntDisable</name>
         <value>0x3da5</value>
         <object_component_ref idref="oc-504"/>
      </symbol>
      <symbol id="sm-92b">
         <name>IntRegister</name>
         <value>0x4935</value>
         <object_component_ref idref="oc-4a6"/>
      </symbol>
      <symbol id="sm-92c">
         <name>IntMasterDisable</name>
         <value>0x4d99</value>
         <object_component_ref idref="oc-130"/>
      </symbol>
      <symbol id="sm-92d">
         <name>g_pfnRAMVectors</name>
         <value>0x20000000</value>
         <object_component_ref idref="oc-592"/>
      </symbol>
      <symbol id="sm-92e">
         <name>IntMasterEnable</name>
         <value>0x4da9</value>
         <object_component_ref idref="oc-15a"/>
      </symbol>
      <symbol id="sm-997">
         <name>SysCtlClockSet</name>
         <value>0x315d</value>
         <object_component_ref idref="oc-124"/>
      </symbol>
      <symbol id="sm-998">
         <name>SysCtlDelay</name>
         <value>0x4ed7</value>
         <object_component_ref idref="oc-240"/>
      </symbol>
      <symbol id="sm-999">
         <name>SysCtlPeripheralEnable</name>
         <value>0x4969</value>
         <object_component_ref idref="oc-275"/>
      </symbol>
      <symbol id="sm-99a">
         <name>SysCtlClockGet</name>
         <value>0x2e55</value>
         <object_component_ref idref="oc-28d"/>
      </symbol>
      <symbol id="sm-99b">
         <name>SysCtlPeripheralReady</name>
         <value>0x48c5</value>
         <object_component_ref idref="oc-27b"/>
      </symbol>
      <symbol id="sm-99c">
         <name>SysCtlPeripheralReset</name>
         <value>0x4331</value>
         <object_component_ref idref="oc-2da"/>
      </symbol>
      <symbol id="sm-a01">
         <name>TimerLoadSet</name>
         <value>0x4d75</value>
         <object_component_ref idref="oc-2bf"/>
      </symbol>
      <symbol id="sm-a02">
         <name>TimerDisable</name>
         <value>0x4c69</value>
         <object_component_ref idref="oc-2b3"/>
      </symbol>
      <symbol id="sm-a03">
         <name>TimerIntRegister</name>
         <value>0x4c81</value>
         <object_component_ref idref="oc-2cb"/>
      </symbol>
      <symbol id="sm-a04">
         <name>TimerEnable</name>
         <value>0x4de7</value>
         <object_component_ref idref="oc-2d1"/>
      </symbol>
      <symbol id="sm-a05">
         <name>TimerIntEnable</name>
         <value>0x4eaf</value>
         <object_component_ref idref="oc-2c5"/>
      </symbol>
      <symbol id="sm-a06">
         <name>TimerConfigure</name>
         <value>0x4065</value>
         <object_component_ref idref="oc-2b9"/>
      </symbol>
      <symbol id="sm-a07">
         <name>TimerIntClear</name>
         <value>0x4ee9</value>
         <object_component_ref idref="oc-4ae"/>
      </symbol>
      <symbol id="sm-a59">
         <name>UARTConfigSetExpClk</name>
         <value>0x4705</value>
         <object_component_ref idref="oc-293"/>
      </symbol>
      <symbol id="sm-a5a">
         <name>UARTDisable</name>
         <value>0x4b15</value>
         <object_component_ref idref="oc-281"/>
      </symbol>
      <symbol id="sm-a5b">
         <name>UARTIntEnable</name>
         <value>0x4eb7</value>
         <object_component_ref idref="oc-29f"/>
      </symbol>
      <symbol id="sm-a5c">
         <name>UARTCharsAvail</name>
         <value>0x4e03</value>
         <object_component_ref idref="oc-ad"/>
      </symbol>
      <symbol id="sm-a5d">
         <name>UARTCharGetNonBlocking</name>
         <value>0x4df5</value>
         <object_component_ref idref="oc-a1"/>
      </symbol>
      <symbol id="sm-a5e">
         <name>UARTCharPut</name>
         <value>0x4e7b</value>
         <object_component_ref idref="oc-532"/>
      </symbol>
      <symbol id="sm-a5f">
         <name>UARTEnable</name>
         <value>0x4cdd</value>
         <object_component_ref idref="oc-2a5"/>
      </symbol>
      <symbol id="sm-a60">
         <name>UARTIntClear</name>
         <value>0x4eed</value>
         <object_component_ref idref="oc-9b"/>
      </symbol>
      <symbol id="sm-a61">
         <name>UARTIntStatus</name>
         <value>0x4e85</value>
         <object_component_ref idref="oc-95"/>
      </symbol>
      <symbol id="sm-a73">
         <name>CPUcpsie</name>
         <value>0x4e2b</value>
         <object_component_ref idref="oc-335"/>
      </symbol>
      <symbol id="sm-a74">
         <name>CPUcpsid</name>
         <value>0x4e1f</value>
         <object_component_ref idref="oc-258"/>
      </symbol>
      <symbol id="sm-a8d">
         <name>GrCircleDraw</name>
         <value>0x20f9</value>
         <object_component_ref idref="oc-3f3"/>
      </symbol>
      <symbol id="sm-aa8">
         <name>GrContextInit</name>
         <value>0x3cd5</value>
         <object_component_ref idref="oc-136"/>
      </symbol>
      <symbol id="sm-aa9">
         <name>g_psDefaultCodePointMapTable</name>
         <value>0x57ec</value>
         <object_component_ref idref="oc-265"/>
      </symbol>
      <symbol id="sm-ac2">
         <name>GrLineDrawH</name>
         <value>0x4679</value>
         <object_component_ref idref="oc-3e6"/>
      </symbol>
      <symbol id="sm-ac3">
         <name>GrLineDrawV</name>
         <value>0x46bf</value>
         <object_component_ref idref="oc-3ec"/>
      </symbol>
      <symbol id="sm-ad1">
         <name>GrRectFill</name>
         <value>0x3889</value>
         <object_component_ref idref="oc-39a"/>
      </symbol>
      <symbol id="sm-b74">
         <name>GrFontInfoGet</name>
         <value>0x4aa7</value>
         <object_component_ref idref="oc-452"/>
      </symbol>
      <symbol id="sm-b75">
         <name>GrDefaultStringRenderer</name>
         <value>0x35d1</value>
         <object_component_ref idref="oc-25f"/>
      </symbol>
      <symbol id="sm-b76">
         <name>GrFontGlyphRender</name>
         <value>0x1ea5</value>
         <object_component_ref idref="oc-464"/>
      </symbol>
      <symbol id="sm-b77">
         <name>GrContextFontSet</name>
         <value>0x4ecb</value>
         <object_component_ref idref="oc-13c"/>
      </symbol>
      <symbol id="sm-b78">
         <name>GrFontGlyphDataGet</name>
         <value>0x4af1</value>
         <object_component_ref idref="oc-45e"/>
      </symbol>
      <symbol id="sm-b79">
         <name>GrStringDraw</name>
         <value>0x4cb1</value>
         <object_component_ref idref="oc-3ac"/>
      </symbol>
      <symbol id="sm-b7a">
         <name>GrFontCodepageGet</name>
         <value>0x4b75</value>
         <object_component_ref idref="oc-475"/>
      </symbol>
      <symbol id="sm-b7b">
         <name>GrStringNextCharGet</name>
         <value>0x49cd</value>
         <object_component_ref idref="oc-458"/>
      </symbol>
      <symbol id="sm-b7c">
         <name>GrStringWidthGet</name>
         <value>0x3d3d</value>
         <object_component_ref idref="oc-3a0"/>
      </symbol>
      <symbol id="sm-b7d">
         <name>GrFontBaselineGet</name>
         <value>0x4a29</value>
         <object_component_ref idref="oc-3a6"/>
      </symbol>
      <symbol id="sm-b8f">
         <name>g_sFontFixed6x8</name>
         <value>0x52f0</value>
         <object_component_ref idref="oc-201"/>
      </symbol>
      <symbol id="sm-b9c">
         <name>GrMapISO8859_1_Unicode</name>
         <value>0x4e8f</value>
         <object_component_ref idref="oc-46b"/>
      </symbol>
      <symbol id="sm-ba8">
         <name>__aeabi_d2f</name>
         <value>0x3c65</value>
         <object_component_ref idref="oc-3cd"/>
      </symbol>
      <symbol id="sm-bb3">
         <name>__aeabi_f2d</name>
         <value>0x48fd</value>
         <object_component_ref idref="oc-3d7"/>
      </symbol>
      <symbol id="sm-bb4">
         <name>__TI_static_base__</name>
         <value>0x0</value>
      </symbol>
      <symbol id="sm-bb7">
         <name>SHT$$INIT_ARRAY$$Limit</name>
         <value>0x0</value>
      </symbol>
      <symbol id="sm-bb8">
         <name>SHT$$INIT_ARRAY$$Base</name>
         <value>0x0</value>
      </symbol>
   </symbol_table>
   <title>Link successful</title>
</link_info>
